Archive member included to satisfy reference by file (symbol)

c:/progra~2/gnuarm~1/102021~1.10/bin/../lib/gcc/arm-none-eabi/10.3.1/../../../../arm-none-eabi/lib/thumb/v7-m/nofp\libg_nano.a(lib_a-errno.o)
                              CMakeFiles/APM32F103-VirtualCOM-SixStepCommutation-ESC.dir/Core/Src/sysmem.c.obj (__errno)
c:/progra~2/gnuarm~1/102021~1.10/bin/../lib/gcc/arm-none-eabi/10.3.1/../../../../arm-none-eabi/lib/thumb/v7-m/nofp\libg_nano.a(lib_a-exit.o)
                              c:/progra~2/gnuarm~1/102021~1.10/bin/../lib/gcc/arm-none-eabi/10.3.1/../../../../arm-none-eabi/lib/thumb/v7-m/nofp/crt0.o (exit)
c:/progra~2/gnuarm~1/102021~1.10/bin/../lib/gcc/arm-none-eabi/10.3.1/../../../../arm-none-eabi/lib/thumb/v7-m/nofp\libg_nano.a(lib_a-impure.o)
                              c:/progra~2/gnuarm~1/102021~1.10/bin/../lib/gcc/arm-none-eabi/10.3.1/../../../../arm-none-eabi/lib/thumb/v7-m/nofp\libg_nano.a(lib_a-exit.o) (_global_impure_ptr)
c:/progra~2/gnuarm~1/102021~1.10/bin/../lib/gcc/arm-none-eabi/10.3.1/../../../../arm-none-eabi/lib/thumb/v7-m/nofp\libg_nano.a(lib_a-init.o)
                              c:/progra~2/gnuarm~1/102021~1.10/bin/../lib/gcc/arm-none-eabi/10.3.1/../../../../arm-none-eabi/lib/thumb/v7-m/nofp/crt0.o (__libc_init_array)
c:/progra~2/gnuarm~1/102021~1.10/bin/../lib/gcc/arm-none-eabi/10.3.1/../../../../arm-none-eabi/lib/thumb/v7-m/nofp\libg_nano.a(lib_a-memset.o)
                              c:/progra~2/gnuarm~1/102021~1.10/bin/../lib/gcc/arm-none-eabi/10.3.1/../../../../arm-none-eabi/lib/thumb/v7-m/nofp/crt0.o (memset)
c:/progra~2/gnuarm~1/102021~1.10/bin/../lib/gcc/arm-none-eabi/10.3.1/../../../../arm-none-eabi/lib/thumb/v7-m/nofp\libg_nano.a(lib_a-printf.o)
                              cmake/stm32cubemx/CMakeFiles/USB_Device_Library.dir/__/__/Middlewares/ST/STM32_USB_Device_Library/Core/Src/usbd_core.c.obj (printf)
c:/progra~2/gnuarm~1/102021~1.10/bin/../lib/gcc/arm-none-eabi/10.3.1/../../../../arm-none-eabi/lib/thumb/v7-m/nofp\libg_nano.a(lib_a-putchar.o)
                              cmake/stm32cubemx/CMakeFiles/USB_Device_Library.dir/__/__/Middlewares/ST/STM32_USB_Device_Library/Core/Src/usbd_core.c.obj (putchar)
c:/progra~2/gnuarm~1/102021~1.10/bin/../lib/gcc/arm-none-eabi/10.3.1/../../../../arm-none-eabi/lib/thumb/v7-m/nofp\libg_nano.a(lib_a-sprintf.o)
                              CMakeFiles/APM32F103-VirtualCOM-SixStepCommutation-ESC.dir/Core/Src/main.c.obj (sprintf)
c:/progra~2/gnuarm~1/102021~1.10/bin/../lib/gcc/arm-none-eabi/10.3.1/../../../../arm-none-eabi/lib/thumb/v7-m/nofp\libg_nano.a(lib_a-strlen.o)
                              CMakeFiles/APM32F103-VirtualCOM-SixStepCommutation-ESC.dir/Core/Src/main.c.obj (strlen)
c:/progra~2/gnuarm~1/102021~1.10/bin/../lib/gcc/arm-none-eabi/10.3.1/../../../../arm-none-eabi/lib/thumb/v7-m/nofp\libg_nano.a(lib_a-findfp.o)
                              c:/progra~2/gnuarm~1/102021~1.10/bin/../lib/gcc/arm-none-eabi/10.3.1/../../../../arm-none-eabi/lib/thumb/v7-m/nofp\libg_nano.a(lib_a-printf.o) (__sinit)
c:/progra~2/gnuarm~1/102021~1.10/bin/../lib/gcc/arm-none-eabi/10.3.1/../../../../arm-none-eabi/lib/thumb/v7-m/nofp\libg_nano.a(lib_a-fwalk.o)
                              c:/progra~2/gnuarm~1/102021~1.10/bin/../lib/gcc/arm-none-eabi/10.3.1/../../../../arm-none-eabi/lib/thumb/v7-m/nofp\libg_nano.a(lib_a-findfp.o) (_fwalk)
c:/progra~2/gnuarm~1/102021~1.10/bin/../lib/gcc/arm-none-eabi/10.3.1/../../../../arm-none-eabi/lib/thumb/v7-m/nofp\libg_nano.a(lib_a-lock.o)
                              c:/progra~2/gnuarm~1/102021~1.10/bin/../lib/gcc/arm-none-eabi/10.3.1/../../../../arm-none-eabi/lib/thumb/v7-m/nofp\libg_nano.a(lib_a-findfp.o) (__retarget_lock_init_recursive)
c:/progra~2/gnuarm~1/102021~1.10/bin/../lib/gcc/arm-none-eabi/10.3.1/../../../../arm-none-eabi/lib/thumb/v7-m/nofp\libg_nano.a(lib_a-nano-mallocr.o)
                              c:/progra~2/gnuarm~1/102021~1.10/bin/../lib/gcc/arm-none-eabi/10.3.1/../../../../arm-none-eabi/lib/thumb/v7-m/nofp\libg_nano.a(lib_a-findfp.o) (_malloc_r)
c:/progra~2/gnuarm~1/102021~1.10/bin/../lib/gcc/arm-none-eabi/10.3.1/../../../../arm-none-eabi/lib/thumb/v7-m/nofp\libg_nano.a(lib_a-nano-svfprintf.o)
                              c:/progra~2/gnuarm~1/102021~1.10/bin/../lib/gcc/arm-none-eabi/10.3.1/../../../../arm-none-eabi/lib/thumb/v7-m/nofp\libg_nano.a(lib_a-sprintf.o) (_svfprintf_r)
c:/progra~2/gnuarm~1/102021~1.10/bin/../lib/gcc/arm-none-eabi/10.3.1/../../../../arm-none-eabi/lib/thumb/v7-m/nofp\libg_nano.a(lib_a-nano-vfprintf.o)
                              c:/progra~2/gnuarm~1/102021~1.10/bin/../lib/gcc/arm-none-eabi/10.3.1/../../../../arm-none-eabi/lib/thumb/v7-m/nofp\libg_nano.a(lib_a-printf.o) (_vfprintf_r)
c:/progra~2/gnuarm~1/102021~1.10/bin/../lib/gcc/arm-none-eabi/10.3.1/../../../../arm-none-eabi/lib/thumb/v7-m/nofp\libg_nano.a(lib_a-nano-vfprintf_i.o)
[...]
Memory Configuration

Name             Origin             Length             Attributes
RAM              0x20000000         0x00005000         xrw
FLASH            0x08000000         0x00010000         xr
*default*        0x00000000         0xffffffff

Linker script and memory map

LOAD c:/progra~2/gnuarm~1/102021~1.10/bin/../lib/gcc/arm-none-eabi/10.3.1/thumb/v7-m/nofp/crti.o
LOAD c:/progra~2/gnuarm~1/102021~1.10/bin/../lib/gcc/arm-none-eabi/10.3.1/thumb/v7-m/nofp/crtbegin.o
LOAD c:/progra~2/gnuarm~1/102021~1.10/bin/../lib/gcc/arm-none-eabi/10.3.1/../../../../arm-none-eabi/lib/thumb/v7-m/nofp/crt0.o
LOAD cmake/stm32cubemx/CMakeFiles/STM32_Drivers.dir/__/__/Core/Src/system_stm32f1xx.c.obj
LOAD cmake/stm32cubemx/CMakeFiles/STM32_Drivers.dir/__/__/Drivers/STM32F1xx_HAL_Driver/Src/stm32f1xx_hal_gpio_ex.c.obj
LOAD cmake/stm32cubemx/CMakeFiles/STM32_Drivers.dir/__/__/Drivers/STM32F1xx_HAL_Driver/Src/stm32f1xx_hal_pcd.c.obj
LOAD cmake/stm32cubemx/CMakeFiles/STM32_Drivers.dir/__/__/Drivers/STM32F1xx_HAL_Driver/Src/stm32f1xx_hal_pcd_ex.c.obj
LOAD cmake/stm32cubemx/CMakeFiles/STM32_Drivers.dir/__/__/Drivers/STM32F1xx_HAL_Driver/Src/stm32f1xx_ll_usb.c.obj
LOAD cmake/stm32cubemx/CMakeFiles/STM32_Drivers.dir/__/__/Drivers/STM32F1xx_HAL_Driver/Src/stm32f1xx_hal.c.obj
LOAD cmake/stm32cubemx/CMakeFiles/STM32_Drivers.dir/__/__/Drivers/STM32F1xx_HAL_Driver/Src/stm32f1xx_hal_rcc.c.obj
LOAD cmake/stm32cubemx/CMakeFiles/STM32_Drivers.dir/__/__/Drivers/STM32F1xx_HAL_Driver/Src/stm32f1xx_hal_rcc_ex.c.obj
LOAD cmake/stm32cubemx/CMakeFiles/STM32_Drivers.dir/__/__/Drivers/STM32F1xx_HAL_Driver/Src/stm32f1xx_hal_gpio.c.obj
LOAD cmake/stm32cubemx/CMakeFiles/STM32_Drivers.dir/__/__/Drivers/STM32F1xx_HAL_Driver/Src/stm32f1xx_hal_dma.c.obj
LOAD cmake/stm32cubemx/CMakeFiles/STM32_Drivers.dir/__/__/Drivers/STM32F1xx_HAL_Driver/Src/stm32f1xx_hal_cortex.c.obj
LOAD cmake/stm32cubemx/CMakeFiles/STM32_Drivers.dir/__/__/Drivers/STM32F1xx_HAL_Driver/Src/stm32f1xx_hal_pwr.c.obj
LOAD cmake/stm32cubemx/CMakeFiles/STM32_Drivers.dir/__/__/Drivers/STM32F1xx_HAL_Driver/Src/stm32f1xx_hal_flash.c.obj
LOAD cmake/stm32cubemx/CMakeFiles/STM32_Drivers.dir/__/__/Drivers/STM32F1xx_HAL_Driver/Src/stm32f1xx_hal_flash_ex.c.obj
LOAD cmake/stm32cubemx/CMakeFiles/STM32_Drivers.dir/__/__/Drivers/STM32F1xx_HAL_Driver/Src/stm32f1xx_hal_exti.c.obj
LOAD cmake/stm32cubemx/CMakeFiles/STM32_Drivers.dir/__/__/Drivers/STM32F1xx_HAL_Driver/Src/stm32f1xx_hal_adc.c.obj
LOAD cmake/stm32cubemx/CMakeFiles/STM32_Drivers.dir/__/__/Drivers/STM32F1xx_HAL_Driver/Src/stm32f1xx_hal_adc_ex.c.obj
LOAD cmake/stm32cubemx/CMakeFiles/STM32_Drivers.dir/__/__/Drivers/STM32F1xx_HAL_Driver/Src/stm32f1xx_hal_tim.c.obj
LOAD cmake/stm32cubemx/CMakeFiles/STM32_Drivers.dir/__/__/Drivers/STM32F1xx_HAL_Driver/Src/stm32f1xx_hal_tim_ex.c.obj
LOAD cmake/stm32cubemx/CMakeFiles/USB_Device_Library.dir/__/__/Middlewares/ST/STM32_USB_Device_Library/Core/Src/usbd_core.c.obj
LOAD cmake/stm32cubemx/CMakeFiles/USB_Device_Library.dir/__/__/Middlewares/ST/STM32_USB_Device_Library/Core/Src/usbd_ctlreq.c.obj
LOAD cmake/stm32cubemx/CMakeFiles/USB_Device_Library.dir/__/__/Middlewares/ST/STM32_USB_Device_Library/Core/Src/usbd_ioreq.c.obj
LOAD cmake/stm32cubemx/CMakeFiles/USB_Device_Library.dir/__/__/Middlewares/ST/STM32_USB_Device_Library/Class/CDC/Src/usbd_cdc.c.obj
LOAD CMakeFiles/APM32F103-VirtualCOM-SixStepCommutation-ESC.dir/USB_DEVICE/Target/usbd_conf.c.obj
LOAD CMakeFiles/APM32F103-VirtualCOM-SixStepCommutation-ESC.dir/USB_DEVICE/App/usb_device.c.obj
LOAD CMakeFiles/APM32F103-VirtualCOM-SixStepCommutation-ESC.dir/USB_DEVICE/App/usbd_desc.c.obj
LOAD CMakeFiles/APM32F103-VirtualCOM-SixStepCommutation-ESC.dir/USB_DEVICE/App/usbd_cdc_if.c.obj
LOAD CMakeFiles/APM32F103-VirtualCOM-SixStepCommutation-ESC.dir/Core/Src/main.c.obj
LOAD CMakeFiles/APM32F103-VirtualCOM-SixStepCommutation-ESC.dir/Core/Src/gpio.c.obj
LOAD CMakeFiles/APM32F103-VirtualCOM-SixStepCommutation-ESC.dir/Core/Src/adc.c.obj
LOAD CMakeFiles/APM32F103-VirtualCOM-SixStepCommutation-ESC.dir/Core/Src/tim.c.obj
LOAD CMakeFiles/APM32F103-VirtualCOM-SixStepCommutation-ESC.dir/Core/Src/stm32f1xx_it.c.obj
LOAD CMakeFiles/APM32F103-VirtualCOM-SixStepCommutation-ESC.dir/Core/Src/stm32f1xx_hal_msp.c.obj
LOAD CMakeFiles/APM32F103-VirtualCOM-SixStepCommutation-ESC.dir/Core/Src/sysmem.c.obj
LOAD CMakeFiles/APM32F103-VirtualCOM-SixStepCommutation-ESC.dir/Core/Src/syscalls.c.obj
LOAD CMakeFiles/APM32F103-VirtualCOM-SixStepCommutation-ESC.dir/startup_stm32f103xb.s.obj
LOAD c:/progra~2/gnuarm~1/102021~1.10/bin/../lib/gcc/arm-none-eabi/10.3.1/../../../../arm-none-eabi/lib/thumb/v7-m/nofp\libm.a
START GROUP
LOAD c:/progra~2/gnuarm~1/102021~1.10/bin/../lib/gcc/arm-none-eabi/10.3.1/thumb/v7-m/nofp\libgcc.a
LOAD c:/progra~2/gnuarm~1/102021~1.10/bin/../lib/gcc/arm-none-eabi/10.3.1/../../../../arm-none-eabi/lib/thumb/v7-m/nofp\libg_nano.a
LOAD c:/progra~2/gnuarm~1/102021~1.10/bin/../lib/gcc/arm-none-eabi/10.3.1/../../../../arm-none-eabi/lib/thumb/v7-m/nofp\libc_nano.a
END GROUP
START GROUP
LOAD c:/progra~2/gnuarm~1/102021~1.10/bin/../lib/gcc/arm-none-eabi/10.3.1/thumb/v7-m/nofp\libgcc.a
LOAD c:/progra~2/gnuarm~1/102021~1.10/bin/../lib/gcc/arm-none-eabi/10.3.1/../../../../arm-none-eabi/lib/thumb/v7-m/nofp\libc_nano.a
END GROUP
LOAD c:/progra~2/gnuarm~1/102021~1.10/bin/../lib/gcc/arm-none-eabi/10.3.1/thumb/v7-m/nofp/crtend.o
LOAD c:/progra~2/gnuarm~1/102021~1.10/bin/../lib/gcc/arm-none-eabi/10.3.1/thumb/v7-m/nofp/crtn.o
                0x20005000                _estack = (ORIGIN (RAM) + LENGTH (RAM))
                0x00000300                _Min_Heap_Size = 0x300
                0x00001000                _Min_Stack_Size = 0x1000

.isr_vector     0x08000000      0x10c
                0x08000000                . = ALIGN (0x4)
 *(.isr_vector)
 .isr_vector    0x08000000      0x10c CMakeFiles/APM32F103-VirtualCOM-SixStepCommutation-ESC.dir/startup_stm32f103xb.s.obj
                0x08000000                g_pfnVectors
                0x0800010c                . = ALIGN (0x4)

.text           0x0800010c     0xafdc
                0x0800010c                . = ALIGN (0x4)
 *(.text)
 .text          0x0800010c       0x40 c:/progra~2/gnuarm~1/102021~1.10/bin/../lib/gcc/arm-none-eabi/10.3.1/thumb/v7-m/nofp/crtbegin.o
 .text          0x0800014c       0x10 c:/progra~2/gnuarm~1/102021~1.10/bin/../lib/gcc/arm-none-eabi/10.3.1/../../../../arm-none-eabi/lib/thumb/v7-m/nofp\libg_nano.a(lib_a-strlen.o)
                0x0800014c                strlen
 *(.text*)
 .text.SystemInit
                0x0800015c        0xc cmake/stm32cubemx/CMakeFiles/STM32_Drivers.dir/__/__/Core/Src/system_stm32f1xx.c.obj
                0x0800015c                SystemInit
 .text.HAL_PCD_Init
                0x08000168      0x1ec cmake/stm32cubemx/CMakeFiles/STM32_Drivers.dir/__/__/Drivers/STM32F1xx_HAL_Driver/Src/stm32f1xx_hal_pcd.c.obj
                0x08000168                HAL_PCD_Init
 .text.HAL_PCD_Start
                0x08000354       0x4c cmake/stm32cubemx/CMakeFiles/STM32_Drivers.dir/__/__/Drivers/STM32F1xx_HAL_Driver/Src/stm32f1xx_hal_pcd.c.obj
                0x08000354                HAL_PCD_Start
 .text.HAL_PCD_IRQHandler
                0x080003a0      0x260 cmake/stm32cubemx/CMakeFiles/STM32_Drivers.dir/__/__/Drivers/STM32F1xx_HAL_Driver/Src/stm32f1xx_hal_pcd.c.obj
                0x080003a0                HAL_PCD_IRQHandler
 .text.HAL_PCD_SetAddress
                0x08000600       0x48 cmake/stm32cubemx/CMakeFiles/STM32_Drivers.dir/__/__/Drivers/STM32F1xx_HAL_Driver/Src/stm32f1xx_hal_pcd.c.obj
                0x08000600                HAL_PCD_SetAddress
 .text.HAL_PCD_EP_Open
                0x08000648       0xba cmake/stm32cubemx/CMakeFiles/STM32_Drivers.dir/__/__/Drivers/STM32F1xx_HAL_Driver/Src/stm32f1xx_hal_pcd.c.obj
                0x08000648                HAL_PCD_EP_Open
 .text.HAL_PCD_EP_Close
                0x08000702       0x90 cmake/stm32cubemx/CMakeFiles/STM32_Drivers.dir/__/__/Drivers/STM32F1xx_HAL_Driver/Src/stm32f1xx_hal_pcd.c.obj
                0x08000702                HAL_PCD_EP_Close
 .text.HAL_PCD_EP_Receive
                0x08000792       0x62 cmake/stm32cubemx/CMakeFiles/STM32_Drivers.dir/__/__/Drivers/STM32F1xx_HAL_Driver/Src/stm32f1xx_hal_pcd.c.obj
                0x08000792                HAL_PCD_EP_Receive
 .text.HAL_PCD_EP_GetRxCount
                0x080007f4       0x2e cmake/stm32cubemx/CMakeFiles/STM32_Drivers.dir/__/__/Drivers/STM32F1xx_HAL_Driver/Src/stm32f1xx_hal_pcd.c.obj
                0x080007f4                HAL_PCD_EP_GetRxCount
 .text.HAL_PCD_EP_Transmit
                0x08000822       0x6e cmake/stm32cubemx/CMakeFiles/STM32_Drivers.dir/__/__/Drivers/STM32F1xx_HAL_Driver/Src/stm32f1xx_hal_pcd.c.obj
                0x08000822                HAL_PCD_EP_Transmit
 .text.HAL_PCD_EP_SetStall
                0x08000890       0xc0 cmake/stm32cubemx/CMakeFiles/STM32_Drivers.dir/__/__/Drivers/STM32F1xx_HAL_Driver/Src/stm32f1xx_hal_pcd.c.obj
                0x08000890                HAL_PCD_EP_SetStall
 .text.HAL_PCD_EP_ClrStall
                0x08000950       0xa8 cmake/stm32cubemx/CMakeFiles/STM32_Drivers.dir/__/__/Drivers/STM32F1xx_HAL_Driver/Src/stm32f1xx_hal_pcd.c.obj
                0x08000950                HAL_PCD_EP_ClrStall
 .text.PCD_EP_ISR_Handler
                0x080009f8      0x7a0 cmake/stm32cubemx/CMakeFiles/STM32_Drivers.dir/__/__/Drivers/STM32F1xx_HAL_Driver/Src/stm32f1xx_hal_pcd.c.obj
 .text.HAL_PCD_EP_DB_Receive
                0x08001198      0x21a cmake/stm32cubemx/CMakeFiles/STM32_Drivers.dir/__/__/Drivers/STM32F1xx_HAL_Driver/Src/stm32f1xx_hal_pcd.c.obj
 .text.HAL_PCD_EP_DB_Transmit
                0x080013b2      0x7f4 cmake/stm32cubemx/CMakeFiles/STM32_Drivers.dir/__/__/Drivers/STM32F1xx_HAL_Driver/Src/stm32f1xx_hal_pcd.c.obj
 .text.HAL_PCDEx_PMAConfig
                0x08001ba6       0x84 cmake/stm32cubemx/CMakeFiles/STM32_Drivers.dir/__/__/Drivers/STM32F1xx_HAL_Driver/Src/stm32f1xx_hal_pcd_ex.c.obj
                0x08001ba6                HAL_PCDEx_PMAConfig
 .text.USB_CoreInit
                0x08001c2a       0x1a cmake/stm32cubemx/CMakeFiles/STM32_Drivers.dir/__/__/Drivers/STM32F1xx_HAL_Driver/Src/stm32f1xx_ll_usb.c.obj
                0x08001c2a                USB_CoreInit
 .text.USB_EnableGlobalInt
                0x08001c44       0x2c cmake/stm32cubemx/CMakeFiles/STM32_Drivers.dir/__/__/Drivers/STM32F1xx_HAL_Driver/Src/stm32f1xx_ll_usb.c.obj
                0x08001c44                USB_EnableGlobalInt
 .text.USB_DisableGlobalInt
                0x08001c70       0x34 cmake/stm32cubemx/CMakeFiles/STM32_Drivers.dir/__/__/Drivers/STM32F1xx_HAL_Driver/Src/stm32f1xx_ll_usb.c.obj
                0x08001c70                USB_DisableGlobalInt
 .text.USB_SetCurrentMode
                0x08001ca4       0x18 cmake/stm32cubemx/CMakeFiles/STM32_Drivers.dir/__/__/Drivers/STM32F1xx_HAL_Driver/Src/stm32f1xx_ll_usb.c.obj
                0x08001ca4                USB_SetCurrentMode
 .text.USB_DevInit
                0x08001cbc       0x3a cmake/stm32cubemx/CMakeFiles/STM32_Drivers.dir/__/__/Drivers/STM32F1xx_HAL_Driver/Src/stm32f1xx_ll_usb.c.obj
                0x08001cbc                USB_DevInit
 *fill*         0x08001cf6        0x2 
 .text.USB_ActivateEndpoint
                0x08001cf8      0x780 cmake/stm32cubemx/CMakeFiles/STM32_Drivers.dir/__/__/Drivers/STM32F1xx_HAL_Driver/Src/stm32f1xx_ll_usb.c.obj
                0x08001cf8                USB_ActivateEndpoint
 .text.USB_DeactivateEndpoint
                0x08002478      0x3d8 cmake/stm32cubemx/CMakeFiles/STM32_Drivers.dir/__/__/Drivers/STM32F1xx_HAL_Driver/Src/stm32f1xx_ll_usb.c.obj
                0x08002478                USB_DeactivateEndpoint
 .text.USB_EPStartXfer
                0x08002850     0x1762 cmake/stm32cubemx/CMakeFiles/STM32_Drivers.dir/__/__/Drivers/STM32F1xx_HAL_Driver/Src/stm32f1xx_ll_usb.c.obj
                0x08002850                USB_EPStartXfer
 .text.USB_EPSetStall
                0x08003fb2       0xa0 cmake/stm32cubemx/CMakeFiles/STM32_Drivers.dir/__/__/Drivers/STM32F1xx_HAL_Driver/Src/stm32f1xx_ll_usb.c.obj
                0x08003fb2                USB_EPSetStall
 .text.USB_EPClearStall
                0x08004052      0x15a cmake/stm32cubemx/CMakeFiles/STM32_Drivers.dir/__/__/Drivers/STM32F1xx_HAL_Driver/Src/stm32f1xx_ll_usb.c.obj
                0x08004052                USB_EPClearStall
 .text.USB_SetDevAddress
                0x080041ac       0x26 cmake/stm32cubemx/CMakeFiles/STM32_Drivers.dir/__/__/Drivers/STM32F1xx_HAL_Driver/Src/stm32f1xx_ll_usb.c.obj
                0x080041ac                USB_SetDevAddress
 .text.USB_DevConnect
                0x080041d2       0x14 cmake/stm32cubemx/CMakeFiles/STM32_Drivers.dir/__/__/Drivers/STM32F1xx_HAL_Driver/Src/stm32f1xx_ll_usb.c.obj
                0x080041d2                USB_DevConnect
 .text.USB_DevDisconnect
                0x080041e6       0x14 cmake/stm32cubemx/CMakeFiles/STM32_Drivers.dir/__/__/Drivers/STM32F1xx_HAL_Driver/Src/stm32f1xx_ll_usb.c.obj
                0x080041e6                USB_DevDisconnect
 .text.USB_ReadInterrupts
                0x080041fa       0x1e cmake/stm32cubemx/CMakeFiles/STM32_Drivers.dir/__/__/Drivers/STM32F1xx_HAL_Driver/Src/stm32f1xx_ll_usb.c.obj
                0x080041fa                USB_ReadInterrupts
 .text.USB_EP0_OutStart
                0x08004218       0x16 cmake/stm32cubemx/CMakeFiles/STM32_Drivers.dir/__/__/Drivers/STM32F1xx_HAL_Driver/Src/stm32f1xx_ll_usb.c.obj
                0x08004218                USB_EP0_OutStart
 .text.USB_WritePMA
                0x0800422e       0x8a cmake/stm32cubemx/CMakeFiles/STM32_Drivers.dir/__/__/Drivers/STM32F1xx_HAL_Driver/Src/stm32f1xx_ll_usb.c.obj
                0x0800422e                USB_WritePMA
 .text.USB_ReadPMA
                0x080042b8       0x9e cmake/stm32cubemx/CMakeFiles/STM32_Drivers.dir/__/__/Drivers/STM32F1xx_HAL_Driver/Src/stm32f1xx_ll_usb.c.obj
                0x080042b8                USB_ReadPMA
 *fill*         0x08004356        0x2 
 .text.HAL_Init
                0x08004358       0x2c cmake/stm32cubemx/CMakeFiles/STM32_Drivers.dir/__/__/Drivers/STM32F1xx_HAL_Driver/Src/stm32f1xx_hal.c.obj
                0x08004358                HAL_Init
 .text.HAL_InitTick
                0x08004384       0x60 cmake/stm32cubemx/CMakeFiles/STM32_Drivers.dir/__/__/Drivers/STM32F1xx_HAL_Driver/Src/stm32f1xx_hal.c.obj
                0x08004384                HAL_InitTick
 .text.HAL_IncTick
                0x080043e4       0x24 cmake/stm32cubemx/CMakeFiles/STM32_Drivers.dir/__/__/Drivers/STM32F1xx_HAL_Driver/Src/stm32f1xx_hal.c.obj
                0x080043e4                HAL_IncTick
 .text.HAL_GetTick
                0x08004408       0x14 cmake/stm32cubemx/CMakeFiles/STM32_Drivers.dir/__/__/Drivers/STM32F1xx_HAL_Driver/Src/stm32f1xx_hal.c.obj
                0x08004408                HAL_GetTick
 .text.HAL_Delay
                0x0800441c       0x48 cmake/stm32cubemx/CMakeFiles/STM32_Drivers.dir/__/__/Drivers/STM32F1xx_HAL_Driver/Src/stm32f1xx_hal.c.obj
                0x0800441c                HAL_Delay
 .text.HAL_RCC_OscConfig
                0x08004464      0x504 cmake/stm32cubemx/CMakeFiles/STM32_Drivers.dir/__/__/Drivers/STM32F1xx_HAL_Driver/Src/stm32f1xx_hal_rcc.c.obj
                0x08004464                HAL_RCC_OscConfig
 .text.HAL_RCC_ClockConfig
                0x08004968      0x1d4 cmake/stm32cubemx/CMakeFiles/STM32_Drivers.dir/__/__/Drivers/STM32F1xx_HAL_Driver/Src/stm32f1xx_hal_rcc.c.obj
                0x08004968                HAL_RCC_ClockConfig
 .text.HAL_RCC_EnableCSS
                0x08004b3c       0x18 cmake/stm32cubemx/CMakeFiles/STM32_Drivers.dir/__/__/Drivers/STM32F1xx_HAL_Driver/Src/stm32f1xx_hal_rcc.c.obj
                0x08004b3c                HAL_RCC_EnableCSS
 .text.HAL_RCC_GetSysClockFreq
                0x08004b54       0xa8 cmake/stm32cubemx/CMakeFiles/STM32_Drivers.dir/__/__/Drivers/STM32F1xx_HAL_Driver/Src/stm32f1xx_hal_rcc.c.obj
                0x08004b54                HAL_RCC_GetSysClockFreq
 .text.HAL_RCC_GetHCLKFreq
                0x08004bfc       0x14 cmake/stm32cubemx/CMakeFiles/STM32_Drivers.dir/__/__/Drivers/STM32F1xx_HAL_Driver/Src/stm32f1xx_hal_rcc.c.obj
                0x08004bfc                HAL_RCC_GetHCLKFreq
 .text.HAL_RCC_GetPCLK2Freq
                0x08004c10       0x28 cmake/stm32cubemx/CMakeFiles/STM32_Drivers.dir/__/__/Drivers/STM32F1xx_HAL_Driver/Src/stm32f1xx_hal_rcc.c.obj
                0x08004c10                HAL_RCC_GetPCLK2Freq
 .text.HAL_RCC_NMI_IRQHandler
                0x08004c38       0x28 cmake/stm32cubemx/CMakeFiles/STM32_Drivers.dir/__/__/Drivers/STM32F1xx_HAL_Driver/Src/stm32f1xx_hal_rcc.c.obj
                0x08004c38                HAL_RCC_NMI_IRQHandler
 .text.RCC_Delay
                0x08004c60       0x3c cmake/stm32cubemx/CMakeFiles/STM32_Drivers.dir/__/__/Drivers/STM32F1xx_HAL_Driver/Src/stm32f1xx_hal_rcc.c.obj
 .text.HAL_RCC_CSSCallback
                0x08004c9c        0xc cmake/stm32cubemx/CMakeFiles/STM32_Drivers.dir/__/__/Drivers/STM32F1xx_HAL_Driver/Src/stm32f1xx_hal_rcc.c.obj
                0x08004c9c                HAL_RCC_CSSCallback
 .text.HAL_RCCEx_PeriphCLKConfig
                0x08004ca8      0x16c cmake/stm32cubemx/CMakeFiles/STM32_Drivers.dir/__/__/Drivers/STM32F1xx_HAL_Driver/Src/stm32f1xx_hal_rcc_ex.c.obj
                0x08004ca8                HAL_RCCEx_PeriphCLKConfig
 .text.HAL_RCCEx_GetPeriphCLKFreq
                0x08004e14      0x16c cmake/stm32cubemx/CMakeFiles/STM32_Drivers.dir/__/__/Drivers/STM32F1xx_HAL_Driver/Src/stm32f1xx_hal_rcc_ex.c.obj
                0x08004e14                HAL_RCCEx_GetPeriphCLKFreq
 .text.HAL_GPIO_Init
                0x08004f80      0x308 cmake/stm32cubemx/CMakeFiles/STM32_Drivers.dir/__/__/Drivers/STM32F1xx_HAL_Driver/Src/stm32f1xx_hal_gpio.c.obj
                0x08004f80                HAL_GPIO_Init
 .text.__NVIC_SetPriorityGrouping
                0x08005288       0x48 cmake/stm32cubemx/CMakeFiles/STM32_Drivers.dir/__/__/Drivers/STM32F1xx_HAL_Driver/Src/stm32f1xx_hal_cortex.c.obj
 .text.__NVIC_GetPriorityGrouping
                0x080052d0       0x1c cmake/stm32cubemx/CMakeFiles/STM32_Drivers.dir/__/__/Drivers/STM32F1xx_HAL_Driver/Src/stm32f1xx_hal_cortex.c.obj
 .text.__NVIC_EnableIRQ
                0x080052ec       0x38 cmake/stm32cubemx/CMakeFiles/STM32_Drivers.dir/__/__/Drivers/STM32F1xx_HAL_Driver/Src/stm32f1xx_hal_cortex.c.obj
 .text.__NVIC_SetPriority
                0x08005324       0x54 cmake/stm32cubemx/CMakeFiles/STM32_Drivers.dir/__/__/Drivers/STM32F1xx_HAL_Driver/Src/stm32f1xx_hal_cortex.c.obj
 .text.NVIC_EncodePriority
                0x08005378       0x64 cmake/stm32cubemx/CMakeFiles/STM32_Drivers.dir/__/__/Drivers/STM32F1xx_HAL_Driver/Src/stm32f1xx_hal_cortex.c.obj
 .text.SysTick_Config
                0x080053dc       0x44 cmake/stm32cubemx/CMakeFiles/STM32_Drivers.dir/__/__/Drivers/STM32F1xx_HAL_Driver/Src/stm32f1xx_hal_cortex.c.obj
 .text.HAL_NVIC_SetPriorityGrouping
                0x08005420       0x16 cmake/stm32cubemx/CMakeFiles/STM32_Drivers.dir/__/__/Drivers/STM32F1xx_HAL_Driver/Src/stm32f1xx_hal_cortex.c.obj
                0x08005420                HAL_NVIC_SetPriorityGrouping
 .text.HAL_NVIC_SetPriority
                0x08005436       0x38 cmake/stm32cubemx/CMakeFiles/STM32_Drivers.dir/__/__/Drivers/STM32F1xx_HAL_Driver/Src/stm32f1xx_hal_cortex.c.obj
                0x08005436                HAL_NVIC_SetPriority
 .text.HAL_NVIC_EnableIRQ
                0x0800546e       0x1c cmake/stm32cubemx/CMakeFiles/STM32_Drivers.dir/__/__/Drivers/STM32F1xx_HAL_Driver/Src/stm32f1xx_hal_cortex.c.obj
                0x0800546e                HAL_NVIC_EnableIRQ
 .text.HAL_SYSTICK_Config
                0x0800548a       0x18 cmake/stm32cubemx/CMakeFiles/STM32_Drivers.dir/__/__/Drivers/STM32F1xx_HAL_Driver/Src/stm32f1xx_hal_cortex.c.obj
                0x0800548a                HAL_SYSTICK_Config
 *fill*         0x080054a2        0x2 
 .text.HAL_ADC_Init
                0x080054a4      0x1b0 cmake/stm32cubemx/CMakeFiles/STM32_Drivers.dir/__/__/Drivers/STM32F1xx_HAL_Driver/Src/stm32f1xx_hal_adc.c.obj
                0x080054a4                HAL_ADC_Init
 .text.HAL_ADC_IRQHandler
                0x08005654      0x17e cmake/stm32cubemx/CMakeFiles/STM32_Drivers.dir/__/__/Drivers/STM32F1xx_HAL_Driver/Src/stm32f1xx_hal_adc.c.obj
                0x08005654                HAL_ADC_IRQHandler
 .text.HAL_ADC_ConvCpltCallback
                0x080057d2       0x12 cmake/stm32cubemx/CMakeFiles/STM32_Drivers.dir/__/__/Drivers/STM32F1xx_HAL_Driver/Src/stm32f1xx_hal_adc.c.obj
                0x080057d2                HAL_ADC_ConvCpltCallback
 .text.HAL_ADC_LevelOutOfWindowCallback
                0x080057e4       0x12 cmake/stm32cubemx/CMakeFiles/STM32_Drivers.dir/__/__/Drivers/STM32F1xx_HAL_Driver/Src/stm32f1xx_hal_adc.c.obj
                0x080057e4                HAL_ADC_LevelOutOfWindowCallback
 *fill*         0x080057f6        0x2 
 .text.ADC_Enable
                0x080057f8       0xb4 cmake/stm32cubemx/CMakeFiles/STM32_Drivers.dir/__/__/Drivers/STM32F1xx_HAL_Driver/Src/stm32f1xx_hal_adc.c.obj
                0x080057f8                ADC_Enable
 .text.ADC_ConversionStop_Disable
                0x080058ac       0x82 cmake/stm32cubemx/CMakeFiles/STM32_Drivers.dir/__/__/Drivers/STM32F1xx_HAL_Driver/Src/stm32f1xx_hal_adc.c.obj
                0x080058ac                ADC_ConversionStop_Disable
 *fill*         0x0800592e        0x2 
 .text.HAL_ADCEx_Calibration_Start
                0x08005930      0x15c cmake/stm32cubemx/CMakeFiles/STM32_Drivers.dir/__/__/Drivers/STM32F1xx_HAL_Driver/Src/stm32f1xx_hal_adc_ex.c.obj
                0x08005930                HAL_ADCEx_Calibration_Start
 .text.HAL_ADCEx_InjectedStart_IT
                0x08005a8c      0x11c cmake/stm32cubemx/CMakeFiles/STM32_Drivers.dir/__/__/Drivers/STM32F1xx_HAL_Driver/Src/stm32f1xx_hal_adc_ex.c.obj
                0x08005a8c                HAL_ADCEx_InjectedStart_IT
 .text.HAL_ADCEx_InjectedGetValue
                0x08005ba8       0x5c cmake/stm32cubemx/CMakeFiles/STM32_Drivers.dir/__/__/Drivers/STM32F1xx_HAL_Driver/Src/stm32f1xx_hal_adc_ex.c.obj
                0x08005ba8                HAL_ADCEx_InjectedGetValue
 .text.HAL_ADCEx_InjectedConfigChannel
                0x08005c04      0x334 cmake/stm32cubemx/CMakeFiles/STM32_Drivers.dir/__/__/Drivers/STM32F1xx_HAL_Driver/Src/stm32f1xx_hal_adc_ex.c.obj
                0x08005c04                HAL_ADCEx_InjectedConfigChannel
 .text.HAL_TIM_PWM_Init
                0x08005f38       0x9e cmake/stm32cubemx/CMakeFiles/STM32_Drivers.dir/__/__/Drivers/STM32F1xx_HAL_Driver/Src/stm32f1xx_hal_tim.c.obj
                0x08005f38                HAL_TIM_PWM_Init
 *fill*         0x08005fd6        0x2 
 .text.HAL_TIM_PWM_Start
                0x08005fd8      0x144 cmake/stm32cubemx/CMakeFiles/STM32_Drivers.dir/__/__/Drivers/STM32F1xx_HAL_Driver/Src/stm32f1xx_hal_tim.c.obj
                0x08005fd8                HAL_TIM_PWM_Start
 .text.HAL_TIM_IRQHandler
                0x0800611c      0x1e0 cmake/stm32cubemx/CMakeFiles/STM32_Drivers.dir/__/__/Drivers/STM32F1xx_HAL_Driver/Src/stm32f1xx_hal_tim.c.obj
                0x0800611c                HAL_TIM_IRQHandler
 .text.HAL_TIM_PWM_ConfigChannel
                0x080062fc      0x184 cmake/stm32cubemx/CMakeFiles/STM32_Drivers.dir/__/__/Drivers/STM32F1xx_HAL_Driver/Src/stm32f1xx_hal_tim.c.obj
                0x080062fc                HAL_TIM_PWM_ConfigChannel
 .text.HAL_TIM_GenerateEvent
                0x08006480       0x4c cmake/stm32cubemx/CMakeFiles/STM32_Drivers.dir/__/__/Drivers/STM32F1xx_HAL_Driver/Src/stm32f1xx_hal_tim.c.obj
                0x08006480                HAL_TIM_GenerateEvent
 .text.HAL_TIM_PeriodElapsedCallback
                0x080064cc       0x12 cmake/stm32cubemx/CMakeFiles/STM32_Drivers.dir/__/__/Drivers/STM32F1xx_HAL_Driver/Src/stm32f1xx_hal_tim.c.obj
                0x080064cc                HAL_TIM_PeriodElapsedCallback
 .text.HAL_TIM_OC_DelayElapsedCallback
                0x080064de       0x12 cmake/stm32cubemx/CMakeFiles/STM32_Drivers.dir/__/__/Drivers/STM32F1xx_HAL_Driver/Src/stm32f1xx_hal_tim.c.obj
                0x080064de                HAL_TIM_OC_DelayElapsedCallback
 .text.HAL_TIM_IC_CaptureCallback
                0x080064f0       0x12 cmake/stm32cubemx/CMakeFiles/STM32_Drivers.dir/__/__/Drivers/STM32F1xx_HAL_Driver/Src/stm32f1xx_hal_tim.c.obj
                0x080064f0                HAL_TIM_IC_CaptureCallback
 .text.HAL_TIM_PWM_PulseFinishedCallback
                0x08006502       0x12 cmake/stm32cubemx/CMakeFiles/STM32_Drivers.dir/__/__/Drivers/STM32F1xx_HAL_Driver/Src/stm32f1xx_hal_tim.c.obj
                0x08006502                HAL_TIM_PWM_PulseFinishedCallback
 .text.HAL_TIM_TriggerCallback
                0x08006514       0x12 cmake/stm32cubemx/CMakeFiles/STM32_Drivers.dir/__/__/Drivers/STM32F1xx_HAL_Driver/Src/stm32f1xx_hal_tim.c.obj
                0x08006514                HAL_TIM_TriggerCallback
 *fill*         0x08006526        0x2 
 .text.TIM_Base_SetConfig
                0x08006528       0xdc cmake/stm32cubemx/CMakeFiles/STM32_Drivers.dir/__/__/Drivers/STM32F1xx_HAL_Driver/Src/stm32f1xx_hal_tim.c.obj
                0x08006528                TIM_Base_SetConfig
 .text.TIM_OC1_SetConfig
                0x08006604       0xcc cmake/stm32cubemx/CMakeFiles/STM32_Drivers.dir/__/__/Drivers/STM32F1xx_HAL_Driver/Src/stm32f1xx_hal_tim.c.obj
 .text.TIM_OC2_SetConfig
                0x080066d0       0xd4 cmake/stm32cubemx/CMakeFiles/STM32_Drivers.dir/__/__/Drivers/STM32F1xx_HAL_Driver/Src/stm32f1xx_hal_tim.c.obj
                0x080066d0                TIM_OC2_SetConfig
 .text.TIM_OC3_SetConfig
                0x080067a4       0xd4 cmake/stm32cubemx/CMakeFiles/STM32_Drivers.dir/__/__/Drivers/STM32F1xx_HAL_Driver/Src/stm32f1xx_hal_tim.c.obj
 .text.TIM_OC4_SetConfig
                0x08006878       0x9c cmake/stm32cubemx/CMakeFiles/STM32_Drivers.dir/__/__/Drivers/STM32F1xx_HAL_Driver/Src/stm32f1xx_hal_tim.c.obj
 .text.TIM_CCxChannelCmd
                0x08006914       0x48 cmake/stm32cubemx/CMakeFiles/STM32_Drivers.dir/__/__/Drivers/STM32F1xx_HAL_Driver/Src/stm32f1xx_hal_tim.c.obj
                0x08006914                TIM_CCxChannelCmd
 .text.HAL_TIMEx_PWMN_Start
                0x0800695c      0x13c cmake/stm32cubemx/CMakeFiles/STM32_Drivers.dir/__/__/Drivers/STM32F1xx_HAL_Driver/Src/stm32f1xx_hal_tim_ex.c.obj
                0x0800695c                HAL_TIMEx_PWMN_Start
 .text.HAL_TIMEx_MasterConfigSynchronization
                0x08006a98       0xbc cmake/stm32cubemx/CMakeFiles/STM32_Drivers.dir/__/__/Drivers/STM32F1xx_HAL_Driver/Src/stm32f1xx_hal_tim_ex.c.obj
                0x08006a98                HAL_TIMEx_MasterConfigSynchronization
 .text.HAL_TIMEx_ConfigBreakDeadTime
                0x08006b54       0xa2 cmake/stm32cubemx/CMakeFiles/STM32_Drivers.dir/__/__/Drivers/STM32F1xx_HAL_Driver/Src/stm32f1xx_hal_tim_ex.c.obj
                0x08006b54                HAL_TIMEx_ConfigBreakDeadTime
 .text.HAL_TIMEx_CommutCallback
                0x08006bf6       0x12 cmake/stm32cubemx/CMakeFiles/STM32_Drivers.dir/__/__/Drivers/STM32F1xx_HAL_Driver/Src/stm32f1xx_hal_tim_ex.c.obj
                0x08006bf6                HAL_TIMEx_CommutCallback
 .text.HAL_TIMEx_BreakCallback
                0x08006c08       0x12 cmake/stm32cubemx/CMakeFiles/STM32_Drivers.dir/__/__/Drivers/STM32F1xx_HAL_Driver/Src/stm32f1xx_hal_tim_ex.c.obj
                0x08006c08                HAL_TIMEx_BreakCallback
 .text.TIM_CCxNChannelCmd
                0x08006c1a       0x48 cmake/stm32cubemx/CMakeFiles/STM32_Drivers.dir/__/__/Drivers/STM32F1xx_HAL_Driver/Src/stm32f1xx_hal_tim_ex.c.obj
 *fill*         0x08006c62        0x2 
 .text.USBD_Init
                0x08006c64       0x70 cmake/stm32cubemx/CMakeFiles/USB_Device_Library.dir/__/__/Middlewares/ST/STM32_USB_Device_Library/Core/Src/usbd_core.c.obj
                0x08006c64                USBD_Init
 .text.USBD_RegisterClass
                0x08006cd4       0x4c cmake/stm32cubemx/CMakeFiles/USB_Device_Library.dir/__/__/Middlewares/ST/STM32_USB_Device_Library/Core/Src/usbd_core.c.obj
                0x08006cd4                USBD_RegisterClass
 .text.USBD_Start
                0x08006d20       0x18 cmake/stm32cubemx/CMakeFiles/USB_Device_Library.dir/__/__/Middlewares/ST/STM32_USB_Device_Library/Core/Src/usbd_core.c.obj
                0x08006d20                USBD_Start
 .text.USBD_RunTestMode
                0x08006d38       0x14 cmake/stm32cubemx/CMakeFiles/USB_Device_Library.dir/__/__/Middlewares/ST/STM32_USB_Device_Library/Core/Src/usbd_core.c.obj
                0x08006d38                USBD_RunTestMode
 .text.USBD_SetClassConfig
                0x08006d4c       0x3e cmake/stm32cubemx/CMakeFiles/USB_Device_Library.dir/__/__/Middlewares/ST/STM32_USB_Device_Library/Core/Src/usbd_core.c.obj
                0x08006d4c                USBD_SetClassConfig
 .text.USBD_ClrClassConfig
                0x08006d8a       0x26 cmake/stm32cubemx/CMakeFiles/USB_Device_Library.dir/__/__/Middlewares/ST/STM32_USB_Device_Library/Core/Src/usbd_core.c.obj
                0x08006d8a                USBD_ClrClassConfig
 .text.USBD_LL_SetupStage
                0x08006db0       0x9a cmake/stm32cubemx/CMakeFiles/USB_Device_Library.dir/__/__/Middlewares/ST/STM32_USB_Device_Library/Core/Src/usbd_core.c.obj
                0x08006db0                USBD_LL_SetupStage
 .text.USBD_LL_DataOutStage
                0x08006e4a       0xe2 cmake/stm32cubemx/CMakeFiles/USB_Device_Library.dir/__/__/Middlewares/ST/STM32_USB_Device_Library/Core/Src/usbd_core.c.obj
                0x08006e4a                USBD_LL_DataOutStage
 .text.USBD_LL_DataInStage
                0x08006f2c      0x14a cmake/stm32cubemx/CMakeFiles/USB_Device_Library.dir/__/__/Middlewares/ST/STM32_USB_Device_Library/Core/Src/usbd_core.c.obj
                0x08006f2c                USBD_LL_DataInStage
 .text.USBD_LL_Reset
                0x08007076       0x82 cmake/stm32cubemx/CMakeFiles/USB_Device_Library.dir/__/__/Middlewares/ST/STM32_USB_Device_Library/Core/Src/usbd_core.c.obj
                0x08007076                USBD_LL_Reset
 .text.USBD_LL_SetSpeed
                0x080070f8       0x1e cmake/stm32cubemx/CMakeFiles/USB_Device_Library.dir/__/__/Middlewares/ST/STM32_USB_Device_Library/Core/Src/usbd_core.c.obj
                0x080070f8                USBD_LL_SetSpeed
 .text.USBD_LL_Suspend
                0x08007116       0x28 cmake/stm32cubemx/CMakeFiles/USB_Device_Library.dir/__/__/Middlewares/ST/STM32_USB_Device_Library/Core/Src/usbd_core.c.obj
                0x08007116                USBD_LL_Suspend
 .text.USBD_LL_Resume
                0x0800713e       0x2a cmake/stm32cubemx/CMakeFiles/USB_Device_Library.dir/__/__/Middlewares/ST/STM32_USB_Device_Library/Core/Src/usbd_core.c.obj
                0x0800713e                USBD_LL_Resume
 .text.USBD_LL_SOF
                0x08007168       0x34 cmake/stm32cubemx/CMakeFiles/USB_Device_Library.dir/__/__/Middlewares/ST/STM32_USB_Device_Library/Core/Src/usbd_core.c.obj
                0x08007168                USBD_LL_SOF
 .text.USBD_StdDevReq
                0x0800719c       0xd4 cmake/stm32cubemx/CMakeFiles/USB_Device_Library.dir/__/__/Middlewares/ST/STM32_USB_Device_Library/Core/Src/usbd_ctlreq.c.obj
                0x0800719c                USBD_StdDevReq
 .text.USBD_StdItfReq
                0x08007270       0x90 cmake/stm32cubemx/CMakeFiles/USB_Device_Library.dir/__/__/Middlewares/ST/STM32_USB_Device_Library/Core/Src/usbd_ctlreq.c.obj
                0x08007270                USBD_StdItfReq
 .text.USBD_StdEPReq
                0x08007300      0x2c6 cmake/stm32cubemx/CMakeFiles/USB_Device_Library.dir/__/__/Middlewares/ST/STM32_USB_Device_Library/Core/Src/usbd_ctlreq.c.obj
                0x08007300                USBD_StdEPReq
 *fill*         0x080075c6        0x2 
 .text.USBD_GetDescriptor
                0x080075c8      0x2d0 cmake/stm32cubemx/CMakeFiles/USB_Device_Library.dir/__/__/Middlewares/ST/STM32_USB_Device_Library/Core/Src/usbd_ctlreq.c.obj
 .text.USBD_SetAddress
                0x08007898       0x86 cmake/stm32cubemx/CMakeFiles/USB_Device_Library.dir/__/__/Middlewares/ST/STM32_USB_Device_Library/Core/Src/usbd_ctlreq.c.obj
 *fill*         0x0800791e        0x2 
 .text.USBD_SetConfig
                0x08007920      0x11c cmake/stm32cubemx/CMakeFiles/USB_Device_Library.dir/__/__/Middlewares/ST/STM32_USB_Device_Library/Core/Src/usbd_ctlreq.c.obj
 .text.USBD_GetConfig
                0x08007a3c       0x6a cmake/stm32cubemx/CMakeFiles/USB_Device_Library.dir/__/__/Middlewares/ST/STM32_USB_Device_Library/Core/Src/usbd_ctlreq.c.obj
 .text.USBD_GetStatus
                0x08007aa6       0x66 cmake/stm32cubemx/CMakeFiles/USB_Device_Library.dir/__/__/Middlewares/ST/STM32_USB_Device_Library/Core/Src/usbd_ctlreq.c.obj
 .text.USBD_SetFeature
                0x08007b0c       0x28 cmake/stm32cubemx/CMakeFiles/USB_Device_Library.dir/__/__/Middlewares/ST/STM32_USB_Device_Library/Core/Src/usbd_ctlreq.c.obj
 .text.USBD_ClrFeature
                0x08007b34       0x42 cmake/stm32cubemx/CMakeFiles/USB_Device_Library.dir/__/__/Middlewares/ST/STM32_USB_Device_Library/Core/Src/usbd_ctlreq.c.obj
 .text.USBD_ParseSetupRequest
                0x08007b76       0x78 cmake/stm32cubemx/CMakeFiles/USB_Device_Library.dir/__/__/Middlewares/ST/STM32_USB_Device_Library/Core/Src/usbd_ctlreq.c.obj
                0x08007b76                USBD_ParseSetupRequest
 .text.USBD_CtlError
                0x08007bee       0x22 cmake/stm32cubemx/CMakeFiles/USB_Device_Library.dir/__/__/Middlewares/ST/STM32_USB_Device_Library/Core/Src/usbd_ctlreq.c.obj
                0x08007bee                USBD_CtlError
 .text.USBD_GetString
                0x08007c10       0x84 cmake/stm32cubemx/CMakeFiles/USB_Device_Library.dir/__/__/Middlewares/ST/STM32_USB_Device_Library/Core/Src/usbd_ctlreq.c.obj
                0x08007c10                USBD_GetString
 .text.USBD_GetLen
                0x08007c94       0x2e cmake/stm32cubemx/CMakeFiles/USB_Device_Library.dir/__/__/Middlewares/ST/STM32_USB_Device_Library/Core/Src/usbd_ctlreq.c.obj
 .text.USBD_CtlSendData
                0x08007cc2       0x38 cmake/stm32cubemx/CMakeFiles/USB_Device_Library.dir/__/__/Middlewares/ST/STM32_USB_Device_Library/Core/Src/usbd_ioreq.c.obj
                0x08007cc2                USBD_CtlSendData
 .text.USBD_CtlContinueSendData
                0x08007cfa       0x24 cmake/stm32cubemx/CMakeFiles/USB_Device_Library.dir/__/__/Middlewares/ST/STM32_USB_Device_Library/Core/Src/usbd_ioreq.c.obj
                0x08007cfa                USBD_CtlContinueSendData
 .text.USBD_CtlPrepareRx
                0x08007d1e       0x3c cmake/stm32cubemx/CMakeFiles/USB_Device_Library.dir/__/__/Middlewares/ST/STM32_USB_Device_Library/Core/Src/usbd_ioreq.c.obj
                0x08007d1e                USBD_CtlPrepareRx
 .text.USBD_CtlContinueRx
                0x08007d5a       0x24 cmake/stm32cubemx/CMakeFiles/USB_Device_Library.dir/__/__/Middlewares/ST/STM32_USB_Device_Library/Core/Src/usbd_ioreq.c.obj
                0x08007d5a                USBD_CtlContinueRx
 .text.USBD_CtlSendStatus
                0x08007d7e       0x26 cmake/stm32cubemx/CMakeFiles/USB_Device_Library.dir/__/__/Middlewares/ST/STM32_USB_Device_Library/Core/Src/usbd_ioreq.c.obj
                0x08007d7e                USBD_CtlSendStatus
 .text.USBD_CtlReceiveStatus
                0x08007da4       0x26 cmake/stm32cubemx/CMakeFiles/USB_Device_Library.dir/__/__/Middlewares/ST/STM32_USB_Device_Library/Core/Src/usbd_ioreq.c.obj
                0x08007da4                USBD_CtlReceiveStatus
 .text.USBD_CDC_Init
                0x08007dca       0xf4 cmake/stm32cubemx/CMakeFiles/USB_Device_Library.dir/__/__/Middlewares/ST/STM32_USB_Device_Library/Class/CDC/Src/usbd_cdc.c.obj
 .text.USBD_CDC_DeInit
                0x08007ebe       0x6e cmake/stm32cubemx/CMakeFiles/USB_Device_Library.dir/__/__/Middlewares/ST/STM32_USB_Device_Library/Class/CDC/Src/usbd_cdc.c.obj
 .text.USBD_CDC_Setup
                0x08007f2c      0x146 cmake/stm32cubemx/CMakeFiles/USB_Device_Library.dir/__/__/Middlewares/ST/STM32_USB_Device_Library/Class/CDC/Src/usbd_cdc.c.obj
 .text.USBD_CDC_DataIn
                0x08008072       0xa6 cmake/stm32cubemx/CMakeFiles/USB_Device_Library.dir/__/__/Middlewares/ST/STM32_USB_Device_Library/Class/CDC/Src/usbd_cdc.c.obj
 .text.USBD_CDC_DataOut
                0x08008118       0x56 cmake/stm32cubemx/CMakeFiles/USB_Device_Library.dir/__/__/Middlewares/ST/STM32_USB_Device_Library/Class/CDC/Src/usbd_cdc.c.obj
 .text.USBD_CDC_EP0_RxReady
                0x0800816e       0x50 cmake/stm32cubemx/CMakeFiles/USB_Device_Library.dir/__/__/Middlewares/ST/STM32_USB_Device_Library/Class/CDC/Src/usbd_cdc.c.obj
 *fill*         0x080081be        0x2 
 .text.USBD_CDC_GetFSCfgDesc
                0x080081c0       0x20 cmake/stm32cubemx/CMakeFiles/USB_Device_Library.dir/__/__/Middlewares/ST/STM32_USB_Device_Library/Class/CDC/Src/usbd_cdc.c.obj
 .text.USBD_CDC_GetHSCfgDesc
                0x080081e0       0x20 cmake/stm32cubemx/CMakeFiles/USB_Device_Library.dir/__/__/Middlewares/ST/STM32_USB_Device_Library/Class/CDC/Src/usbd_cdc.c.obj
 .text.USBD_CDC_GetOtherSpeedCfgDesc
                0x08008200       0x20 cmake/stm32cubemx/CMakeFiles/USB_Device_Library.dir/__/__/Middlewares/ST/STM32_USB_Device_Library/Class/CDC/Src/usbd_cdc.c.obj
 .text.USBD_CDC_GetDeviceQualifierDescriptor
                0x08008220       0x20 cmake/stm32cubemx/CMakeFiles/USB_Device_Library.dir/__/__/Middlewares/ST/STM32_USB_Device_Library/Class/CDC/Src/usbd_cdc.c.obj
                0x08008220                USBD_CDC_GetDeviceQualifierDescriptor
 .text.USBD_CDC_RegisterInterface
                0x08008240       0x2c cmake/stm32cubemx/CMakeFiles/USB_Device_Library.dir/__/__/Middlewares/ST/STM32_USB_Device_Library/Class/CDC/Src/usbd_cdc.c.obj
                0x08008240                USBD_CDC_RegisterInterface
 .text.USBD_CDC_SetTxBuffer
                0x0800826c       0x32 cmake/stm32cubemx/CMakeFiles/USB_Device_Library.dir/__/__/Middlewares/ST/STM32_USB_Device_Library/Class/CDC/Src/usbd_cdc.c.obj
                0x0800826c                USBD_CDC_SetTxBuffer
 .text.USBD_CDC_SetRxBuffer
                0x0800829e       0x26 cmake/stm32cubemx/CMakeFiles/USB_Device_Library.dir/__/__/Middlewares/ST/STM32_USB_Device_Library/Class/CDC/Src/usbd_cdc.c.obj
                0x0800829e                USBD_CDC_SetRxBuffer
 .text.USBD_CDC_TransmitPacket
                0x080082c4       0x5e cmake/stm32cubemx/CMakeFiles/USB_Device_Library.dir/__/__/Middlewares/ST/STM32_USB_Device_Library/Class/CDC/Src/usbd_cdc.c.obj
                0x080082c4                USBD_CDC_TransmitPacket
 .text.USBD_CDC_ReceivePacket
                0x08008322       0x54 cmake/stm32cubemx/CMakeFiles/USB_Device_Library.dir/__/__/Middlewares/ST/STM32_USB_Device_Library/Class/CDC/Src/usbd_cdc.c.obj
                0x08008322                USBD_CDC_ReceivePacket
 *fill*         0x08008376        0x2 
 .text.HAL_PCD_MspInit
                0x08008378       0x4c CMakeFiles/APM32F103-VirtualCOM-SixStepCommutation-ESC.dir/USB_DEVICE/Target/usbd_conf.c.obj
                0x08008378                HAL_PCD_MspInit
 .text.HAL_PCD_SetupStageCallback
                0x080083c4       0x24 CMakeFiles/APM32F103-VirtualCOM-SixStepCommutation-ESC.dir/USB_DEVICE/Target/usbd_conf.c.obj
                0x080083c4                HAL_PCD_SetupStageCallback
 .text.HAL_PCD_DataOutStageCallback
                0x080083e8       0x36 CMakeFiles/APM32F103-VirtualCOM-SixStepCommutation-ESC.dir/USB_DEVICE/Target/usbd_conf.c.obj
                0x080083e8                HAL_PCD_DataOutStageCallback
 .text.HAL_PCD_DataInStageCallback
                0x0800841e       0x34 CMakeFiles/APM32F103-VirtualCOM-SixStepCommutation-ESC.dir/USB_DEVICE/Target/usbd_conf.c.obj
                0x0800841e                HAL_PCD_DataInStageCallback
 .text.HAL_PCD_SOFCallback
                0x08008452       0x1c CMakeFiles/APM32F103-VirtualCOM-SixStepCommutation-ESC.dir/USB_DEVICE/Target/usbd_conf.c.obj
                0x08008452                HAL_PCD_SOFCallback
 .text.HAL_PCD_ResetCallback
                0x0800846e       0x3c CMakeFiles/APM32F103-VirtualCOM-SixStepCommutation-ESC.dir/USB_DEVICE/Target/usbd_conf.c.obj
                0x0800846e                HAL_PCD_ResetCallback
 *fill*         0x080084aa        0x2 
 .text.HAL_PCD_SuspendCallback
                0x080084ac       0x34 CMakeFiles/APM32F103-VirtualCOM-SixStepCommutation-ESC.dir/USB_DEVICE/Target/usbd_conf.c.obj
                0x080084ac                HAL_PCD_SuspendCallback
 .text.HAL_PCD_ResumeCallback
                0x080084e0       0x1c CMakeFiles/APM32F103-VirtualCOM-SixStepCommutation-ESC.dir/USB_DEVICE/Target/usbd_conf.c.obj
                0x080084e0                HAL_PCD_ResumeCallback
 .text.USBD_LL_Init
                0x080084fc       0xb4 CMakeFiles/APM32F103-VirtualCOM-SixStepCommutation-ESC.dir/USB_DEVICE/Target/usbd_conf.c.obj
                0x080084fc                USBD_LL_Init
 .text.USBD_LL_Start
                0x080085b0       0x36 CMakeFiles/APM32F103-VirtualCOM-SixStepCommutation-ESC.dir/USB_DEVICE/Target/usbd_conf.c.obj
                0x080085b0                USBD_LL_Start
 .text.USBD_LL_OpenEP
                0x080085e6       0x4c CMakeFiles/APM32F103-VirtualCOM-SixStepCommutation-ESC.dir/USB_DEVICE/Target/usbd_conf.c.obj
                0x080085e6                USBD_LL_OpenEP
 .text.USBD_LL_CloseEP
                0x08008632       0x3e CMakeFiles/APM32F103-VirtualCOM-SixStepCommutation-ESC.dir/USB_DEVICE/Target/usbd_conf.c.obj
                0x08008632                USBD_LL_CloseEP
 .text.USBD_LL_StallEP
                0x08008670       0x3e CMakeFiles/APM32F103-VirtualCOM-SixStepCommutation-ESC.dir/USB_DEVICE/Target/usbd_conf.c.obj
                0x08008670                USBD_LL_StallEP
 .text.USBD_LL_ClearStallEP
                0x080086ae       0x3e CMakeFiles/APM32F103-VirtualCOM-SixStepCommutation-ESC.dir/USB_DEVICE/Target/usbd_conf.c.obj
                0x080086ae                USBD_LL_ClearStallEP
 .text.USBD_LL_IsStallEP
                0x080086ec       0x56 CMakeFiles/APM32F103-VirtualCOM-SixStepCommutation-ESC.dir/USB_DEVICE/Target/usbd_conf.c.obj
                0x080086ec                USBD_LL_IsStallEP
 .text.USBD_LL_SetUSBAddress
                0x08008742       0x3e CMakeFiles/APM32F103-VirtualCOM-SixStepCommutation-ESC.dir/USB_DEVICE/Target/usbd_conf.c.obj
                0x08008742                USBD_LL_SetUSBAddress
 .text.USBD_LL_Transmit
                0x08008780       0x46 CMakeFiles/APM32F103-VirtualCOM-SixStepCommutation-ESC.dir/USB_DEVICE/Target/usbd_conf.c.obj
                0x08008780                USBD_LL_Transmit
 .text.USBD_LL_PrepareReceive
                0x080087c6       0x46 CMakeFiles/APM32F103-VirtualCOM-SixStepCommutation-ESC.dir/USB_DEVICE/Target/usbd_conf.c.obj
                0x080087c6                USBD_LL_PrepareReceive
 .text.USBD_LL_GetRxDataSize
                0x0800880c       0x26 CMakeFiles/APM32F103-VirtualCOM-SixStepCommutation-ESC.dir/USB_DEVICE/Target/usbd_conf.c.obj
                0x0800880c                USBD_LL_GetRxDataSize
 *fill*         0x08008832        0x2 
 .text.USBD_static_malloc
                0x08008834       0x18 CMakeFiles/APM32F103-VirtualCOM-SixStepCommutation-ESC.dir/USB_DEVICE/Target/usbd_conf.c.obj
                0x08008834                USBD_static_malloc
 .text.USBD_static_free
                0x0800884c       0x12 CMakeFiles/APM32F103-VirtualCOM-SixStepCommutation-ESC.dir/USB_DEVICE/Target/usbd_conf.c.obj
                0x0800884c                USBD_static_free
 .text.HAL_PCDEx_SetConnectionState
                0x0800885e       0x16 CMakeFiles/APM32F103-VirtualCOM-SixStepCommutation-ESC.dir/USB_DEVICE/Target/usbd_conf.c.obj
                0x0800885e                HAL_PCDEx_SetConnectionState
 .text.USBD_Get_USB_Status
                0x08008874       0x58 CMakeFiles/APM32F103-VirtualCOM-SixStepCommutation-ESC.dir/USB_DEVICE/Target/usbd_conf.c.obj
 .text.MX_USB_DEVICE_Init
                0x080088cc       0x60 CMakeFiles/APM32F103-VirtualCOM-SixStepCommutation-ESC.dir/USB_DEVICE/App/usb_device.c.obj
                0x080088cc                MX_USB_DEVICE_Init
 .text.USBD_FS_DeviceDescriptor
                0x0800892c       0x24 CMakeFiles/APM32F103-VirtualCOM-SixStepCommutation-ESC.dir/USB_DEVICE/App/usbd_desc.c.obj
                0x0800892c                USBD_FS_DeviceDescriptor
 .text.USBD_FS_LangIDStrDescriptor
                0x08008950       0x24 CMakeFiles/APM32F103-VirtualCOM-SixStepCommutation-ESC.dir/USB_DEVICE/App/usbd_desc.c.obj
                0x08008950                USBD_FS_LangIDStrDescriptor
 .text.USBD_FS_ProductStrDescriptor
                0x08008974       0x3c CMakeFiles/APM32F103-VirtualCOM-SixStepCommutation-ESC.dir/USB_DEVICE/App/usbd_desc.c.obj
                0x08008974                USBD_FS_ProductStrDescriptor
 .text.USBD_FS_ManufacturerStrDescriptor
                0x080089b0       0x28 CMakeFiles/APM32F103-VirtualCOM-SixStepCommutation-ESC.dir/USB_DEVICE/App/usbd_desc.c.obj
                0x080089b0                USBD_FS_ManufacturerStrDescriptor
 .text.USBD_FS_SerialStrDescriptor
                0x080089d8       0x24 CMakeFiles/APM32F103-VirtualCOM-SixStepCommutation-ESC.dir/USB_DEVICE/App/usbd_desc.c.obj
                0x080089d8                USBD_FS_SerialStrDescriptor
 .text.USBD_FS_ConfigStrDescriptor
                0x080089fc       0x3c CMakeFiles/APM32F103-VirtualCOM-SixStepCommutation-ESC.dir/USB_DEVICE/App/usbd_desc.c.obj
                0x080089fc                USBD_FS_ConfigStrDescriptor
 .text.USBD_FS_InterfaceStrDescriptor
                0x08008a38       0x3c CMakeFiles/APM32F103-VirtualCOM-SixStepCommutation-ESC.dir/USB_DEVICE/App/usbd_desc.c.obj
                0x08008a38                USBD_FS_InterfaceStrDescriptor
 .text.Get_SerialNum
                0x08008a74       0x58 CMakeFiles/APM32F103-VirtualCOM-SixStepCommutation-ESC.dir/USB_DEVICE/App/usbd_desc.c.obj
 .text.IntToUnicode
                0x08008acc       0x7c CMakeFiles/APM32F103-VirtualCOM-SixStepCommutation-ESC.dir/USB_DEVICE/App/usbd_desc.c.obj
 .text.CDC_Init_FS
                0x08008b48       0x28 CMakeFiles/APM32F103-VirtualCOM-SixStepCommutation-ESC.dir/USB_DEVICE/App/usbd_cdc_if.c.obj
 .text.CDC_DeInit_FS
                0x08008b70        0xe CMakeFiles/APM32F103-VirtualCOM-SixStepCommutation-ESC.dir/USB_DEVICE/App/usbd_cdc_if.c.obj
 *fill*         0x08008b7e        0x2 
 .text.CDC_Control_FS
                0x08008b80       0xbc CMakeFiles/APM32F103-VirtualCOM-SixStepCommutation-ESC.dir/USB_DEVICE/App/usbd_cdc_if.c.obj
 .text.CDC_Receive_FS
                0x08008c3c       0x3c CMakeFiles/APM32F103-VirtualCOM-SixStepCommutation-ESC.dir/USB_DEVICE/App/usbd_cdc_if.c.obj
 .text.CDC_Transmit_FS
                0x08008c78       0x4c CMakeFiles/APM32F103-VirtualCOM-SixStepCommutation-ESC.dir/USB_DEVICE/App/usbd_cdc_if.c.obj
                0x08008c78                CDC_Transmit_FS
 .text.SixStep_Commutate
                0x08008cc4      0x108 CMakeFiles/APM32F103-VirtualCOM-SixStepCommutation-ESC.dir/Core/Src/main.c.obj
                0x08008cc4                SixStep_Commutate
 .text.Motor_Stop
                0x08008dcc       0x34 CMakeFiles/APM32F103-VirtualCOM-SixStepCommutation-ESC.dir/Core/Src/main.c.obj
                0x08008dcc                Motor_Stop
 .text.Delay_us
                0x08008e00       0x34 CMakeFiles/APM32F103-VirtualCOM-SixStepCommutation-ESC.dir/Core/Src/main.c.obj
                0x08008e00                Delay_us
 .text.Motor_Beep
                0x08008e34       0x78 CMakeFiles/APM32F103-VirtualCOM-SixStepCommutation-ESC.dir/Core/Src/main.c.obj
                0x08008e34                Motor_Beep
 .text.Play_Song
                0x08008eac       0x76 CMakeFiles/APM32F103-VirtualCOM-SixStepCommutation-ESC.dir/Core/Src/main.c.obj
                0x08008eac                Play_Song
 *fill*         0x08008f22        0x2 
 .text.main     0x08008f24      0x2a4 CMakeFiles/APM32F103-VirtualCOM-SixStepCommutation-ESC.dir/Core/Src/main.c.obj
                0x08008f24                main
 .text.SystemClock_Config
                0x080091c8       0xbe CMakeFiles/APM32F103-VirtualCOM-SixStepCommutation-ESC.dir/Core/Src/main.c.obj
                0x080091c8                SystemClock_Config
 *fill*         0x08009286        0x2 
 .text.HAL_ADCEx_InjectedConvCpltCallback
                0x08009288      0x330 CMakeFiles/APM32F103-VirtualCOM-SixStepCommutation-ESC.dir/Core/Src/main.c.obj
                0x08009288                HAL_ADCEx_InjectedConvCpltCallback
 .text.Error_Handler
                0x080095b8        0xa CMakeFiles/APM32F103-VirtualCOM-SixStepCommutation-ESC.dir/Core/Src/main.c.obj
                0x080095b8                Error_Handler
 *fill*         0x080095c2        0x2 
 .text.MX_GPIO_Init
                0x080095c4       0xd0 CMakeFiles/APM32F103-VirtualCOM-SixStepCommutation-ESC.dir/Core/Src/gpio.c.obj
                0x080095c4                MX_GPIO_Init
 .text.MX_ADC1_Init
                0x08009694       0xd4 CMakeFiles/APM32F103-VirtualCOM-SixStepCommutation-ESC.dir/Core/Src/adc.c.obj
                0x08009694                MX_ADC1_Init
 .text.HAL_ADC_MspInit
                0x08009768       0x88 CMakeFiles/APM32F103-VirtualCOM-SixStepCommutation-ESC.dir/Core/Src/adc.c.obj
                0x08009768                HAL_ADC_MspInit
 .text.MX_TIM1_Init
                0x080097f0      0x158 CMakeFiles/APM32F103-VirtualCOM-SixStepCommutation-ESC.dir/Core/Src/tim.c.obj
                0x080097f0                MX_TIM1_Init
 .text.HAL_TIM_PWM_MspInit
                0x08009948       0x5c CMakeFiles/APM32F103-VirtualCOM-SixStepCommutation-ESC.dir/Core/Src/tim.c.obj
                0x08009948                HAL_TIM_PWM_MspInit
 .text.HAL_TIM_MspPostInit
                0x080099a4       0x9c CMakeFiles/APM32F103-VirtualCOM-SixStepCommutation-ESC.dir/Core/Src/tim.c.obj
                0x080099a4                HAL_TIM_MspPostInit
 .text.NMI_Handler
                0x08009a40        0xa CMakeFiles/APM32F103-VirtualCOM-SixStepCommutation-ESC.dir/Core/Src/stm32f1xx_it.c.obj
                0x08009a40                NMI_Handler
 .text.HardFault_Handler
                0x08009a4a        0x6 CMakeFiles/APM32F103-VirtualCOM-SixStepCommutation-ESC.dir/Core/Src/stm32f1xx_it.c.obj
                0x08009a4a                HardFault_Handler
 .text.MemManage_Handler
                0x08009a50        0x6 CMakeFiles/APM32F103-VirtualCOM-SixStepCommutation-ESC.dir/Core/Src/stm32f1xx_it.c.obj
                0x08009a50                MemManage_Handler
 .text.BusFault_Handler
                0x08009a56        0x6 CMakeFiles/APM32F103-VirtualCOM-SixStepCommutation-ESC.dir/Core/Src/stm32f1xx_it.c.obj
                0x08009a56                BusFault_Handler
 .text.UsageFault_Handler
                0x08009a5c        0x6 CMakeFiles/APM32F103-VirtualCOM-SixStepCommutation-ESC.dir/Core/Src/stm32f1xx_it.c.obj
                0x08009a5c                UsageFault_Handler
 .text.SVC_Handler
                0x08009a62        0xc CMakeFiles/APM32F103-VirtualCOM-SixStepCommutation-ESC.dir/Core/Src/stm32f1xx_it.c.obj
                0x08009a62                SVC_Handler
 .text.DebugMon_Handler
                0x08009a6e        0xc CMakeFiles/APM32F103-VirtualCOM-SixStepCommutation-ESC.dir/Core/Src/stm32f1xx_it.c.obj
                0x08009a6e                DebugMon_Handler
 .text.PendSV_Handler
                0x08009a7a        0xc CMakeFiles/APM32F103-VirtualCOM-SixStepCommutation-ESC.dir/Core/Src/stm32f1xx_it.c.obj
                0x08009a7a                PendSV_Handler
 .text.SysTick_Handler
                0x08009a86        0xc CMakeFiles/APM32F103-VirtualCOM-SixStepCommutation-ESC.dir/Core/Src/stm32f1xx_it.c.obj
                0x08009a86                SysTick_Handler
 *fill*         0x08009a92        0x2 
 .text.ADC1_2_IRQHandler
                0x08009a94       0x14 CMakeFiles/APM32F103-VirtualCOM-SixStepCommutation-ESC.dir/Core/Src/stm32f1xx_it.c.obj
                0x08009a94                ADC1_2_IRQHandler
 .text.USB_LP_CAN1_RX0_IRQHandler
                0x08009aa8       0x14 CMakeFiles/APM32F103-VirtualCOM-SixStepCommutation-ESC.dir/Core/Src/stm32f1xx_it.c.obj
                0x08009aa8                USB_LP_CAN1_RX0_IRQHandler
 .text.TIM1_BRK_IRQHandler
                0x08009abc       0x14 CMakeFiles/APM32F103-VirtualCOM-SixStepCommutation-ESC.dir/Core/Src/stm32f1xx_it.c.obj
                0x08009abc                TIM1_BRK_IRQHandler
 .text.TIM1_UP_IRQHandler
                0x08009ad0       0x14 CMakeFiles/APM32F103-VirtualCOM-SixStepCommutation-ESC.dir/Core/Src/stm32f1xx_it.c.obj
                0x08009ad0                TIM1_UP_IRQHandler
 .text.HAL_MspInit
                0x08009ae4       0x64 CMakeFiles/APM32F103-VirtualCOM-SixStepCommutation-ESC.dir/Core/Src/stm32f1xx_hal_msp.c.obj
                0x08009ae4                HAL_MspInit
 .text._sbrk    0x08009b48       0x6c CMakeFiles/APM32F103-VirtualCOM-SixStepCommutation-ESC.dir/Core/Src/sysmem.c.obj
                0x08009b48                _sbrk
 .text._read    0x08009bb4       0x3a CMakeFiles/APM32F103-VirtualCOM-SixStepCommutation-ESC.dir/Core/Src/syscalls.c.obj
                0x08009bb4                _read
 .text._write   0x08009bee       0x38 CMakeFiles/APM32F103-VirtualCOM-SixStepCommutation-ESC.dir/Core/Src/syscalls.c.obj
                0x08009bee                _write
 .text._close   0x08009c26       0x16 CMakeFiles/APM32F103-VirtualCOM-SixStepCommutation-ESC.dir/Core/Src/syscalls.c.obj
                0x08009c26                _close
 .text._fstat   0x08009c3c       0x1e CMakeFiles/APM32F103-VirtualCOM-SixStepCommutation-ESC.dir/Core/Src/syscalls.c.obj
                0x08009c3c                _fstat
 .text._isatty  0x08009c5a       0x14 CMakeFiles/APM32F103-VirtualCOM-SixStepCommutation-ESC.dir/Core/Src/syscalls.c.obj
                0x08009c5a                _isatty
 .text._lseek   0x08009c6e       0x18 CMakeFiles/APM32F103-VirtualCOM-SixStepCommutation-ESC.dir/Core/Src/syscalls.c.obj
                0x08009c6e                _lseek
 *fill*         0x08009c86        0x2 
 .text.Reset_Handler
                0x08009c88       0x48 CMakeFiles/APM32F103-VirtualCOM-SixStepCommutation-ESC.dir/startup_stm32f103xb.s.obj
                0x08009c88                Reset_Handler
 .text.Default_Handler
                0x08009cd0        0x2 CMakeFiles/APM32F103-VirtualCOM-SixStepCommutation-ESC.dir/startup_stm32f103xb.s.obj
                0x08009cd0                RTC_Alarm_IRQHandler
                0x08009cd0                EXTI2_IRQHandler
                0x08009cd0                TIM1_CC_IRQHandler
                0x08009cd0                PVD_IRQHandler
                0x08009cd0                EXTI3_IRQHandler
                0x08009cd0                EXTI0_IRQHandler
                0x08009cd0                I2C2_EV_IRQHandler
                0x08009cd0                SPI1_IRQHandler
                0x08009cd0                TAMPER_IRQHandler
                0x08009cd0                DMA1_Channel4_IRQHandler
                0x08009cd0                USART3_IRQHandler
                0x08009cd0                RTC_IRQHandler
                0x08009cd0                DMA1_Channel7_IRQHandler
                0x08009cd0                CAN1_RX1_IRQHandler
                0x08009cd0                TIM4_IRQHandler
                0x08009cd0                I2C1_EV_IRQHandler
                0x08009cd0                DMA1_Channel6_IRQHandler
                0x08009cd0                TIM3_IRQHandler
                0x08009cd0                RCC_IRQHandler
                0x08009cd0                TIM1_TRG_COM_IRQHandler
                0x08009cd0                DMA1_Channel1_IRQHandler
                0x08009cd0                Default_Handler
                0x08009cd0                EXTI15_10_IRQHandler
                0x08009cd0                EXTI9_5_IRQHandler
                0x08009cd0                SPI2_IRQHandler
                0x08009cd0                DMA1_Channel5_IRQHandler
                0x08009cd0                EXTI4_IRQHandler
                0x08009cd0                USB_HP_CAN1_TX_IRQHandler
                0x08009cd0                DMA1_Channel3_IRQHandler
                0x08009cd0                WWDG_IRQHandler
                0x08009cd0                TIM2_IRQHandler
                0x08009cd0                EXTI1_IRQHandler
                0x08009cd0                USART2_IRQHandler
                0x08009cd0                I2C2_ER_IRQHandler
                0x08009cd0                DMA1_Channel2_IRQHandler
                0x08009cd0                CAN1_SCE_IRQHandler
                0x08009cd0                FLASH_IRQHandler
                0x08009cd0                USART1_IRQHandler
                0x08009cd0                I2C1_ER_IRQHandler
                0x08009cd0                USBWakeUp_IRQHandler
 *fill*         0x08009cd2        0x2 
 .text.__errno  0x08009cd4        0xc c:/progra~2/gnuarm~1/102021~1.10/bin/../lib/gcc/arm-none-eabi/10.3.1/../../../../arm-none-eabi/lib/thumb/v7-m/nofp\libg_nano.a(lib_a-errno.o)
                0x08009cd4                __errno
 .text.__libc_init_array
                0x08009ce0       0x48 c:/progra~2/gnuarm~1/102021~1.10/bin/../lib/gcc/arm-none-eabi/10.3.1/../../../../arm-none-eabi/lib/thumb/v7-m/nofp\libg_nano.a(lib_a-init.o)
                0x08009ce0                __libc_init_array
 .text.memset   0x08009d28       0x10 c:/progra~2/gnuarm~1/102021~1.10/bin/../lib/gcc/arm-none-eabi/10.3.1/../../../../arm-none-eabi/lib/thumb/v7-m/nofp\libg_nano.a(lib_a-memset.o)
                0x08009d28                memset
 .text.printf   0x08009d38       0x30 c:/progra~2/gnuarm~1/102021~1.10/bin/../lib/gcc/arm-none-eabi/10.3.1/../../../../arm-none-eabi/lib/thumb/v7-m/nofp\libg_nano.a(lib_a-printf.o)
                0x08009d38                iprintf
                0x08009d38                printf
 .text.putchar  0x08009d68       0x28 c:/progra~2/gnuarm~1/102021~1.10/bin/../lib/gcc/arm-none-eabi/10.3.1/../../../../arm-none-eabi/lib/thumb/v7-m/nofp\libg_nano.a(lib_a-putchar.o)
                0x08009d68                putchar
 .text.sprintf  0x08009d90       0x40 c:/progra~2/gnuarm~1/102021~1.10/bin/../lib/gcc/arm-none-eabi/10.3.1/../../../../arm-none-eabi/lib/thumb/v7-m/nofp\libg_nano.a(lib_a-sprintf.o)
                0x08009d90                siprintf
                0x08009d90                sprintf
 .text.std      0x08009dd0       0x48 c:/progra~2/gnuarm~1/102021~1.10/bin/../lib/gcc/arm-none-eabi/10.3.1/../../../../arm-none-eabi/lib/thumb/v7-m/nofp\libg_nano.a(lib_a-findfp.o)
 .text._cleanup_r
                0x08009e18        0xc c:/progra~2/gnuarm~1/102021~1.10/bin/../lib/gcc/arm-none-eabi/10.3.1/../../../../arm-none-eabi/lib/thumb/v7-m/nofp\libg_nano.a(lib_a-findfp.o)
                0x08009e18                _cleanup_r
 .text.__sfmoreglue
                0x08009e24       0x2c c:/progra~2/gnuarm~1/102021~1.10/bin/../lib/gcc/arm-none-eabi/10.3.1/../../../../arm-none-eabi/lib/thumb/v7-m/nofp\libg_nano.a(lib_a-findfp.o)
                0x08009e24                __sfmoreglue
 .text.__sfp_lock_acquire
                0x08009e50        0xc c:/progra~2/gnuarm~1/102021~1.10/bin/../lib/gcc/arm-none-eabi/10.3.1/../../../../arm-none-eabi/lib/thumb/v7-m/nofp\libg_nano.a(lib_a-findfp.o)
                0x08009e50                __sfp_lock_acquire
 .text.__sfp_lock_release
                0x08009e5c        0xc c:/progra~2/gnuarm~1/102021~1.10/bin/../lib/gcc/arm-none-eabi/10.3.1/../../../../arm-none-eabi/lib/thumb/v7-m/nofp\libg_nano.a(lib_a-findfp.o)
                0x08009e5c                __sfp_lock_release
 .text.__sinit_lock_acquire
                0x08009e68        0xc c:/progra~2/gnuarm~1/102021~1.10/bin/../lib/gcc/arm-none-eabi/10.3.1/../../../../arm-none-eabi/lib/thumb/v7-m/nofp\libg_nano.a(lib_a-findfp.o)
                0x08009e68                __sinit_lock_acquire
 .text.__sinit_lock_release
                0x08009e74        0xc c:/progra~2/gnuarm~1/102021~1.10/bin/../lib/gcc/arm-none-eabi/10.3.1/../../../../arm-none-eabi/lib/thumb/v7-m/nofp\libg_nano.a(lib_a-findfp.o)
                0x08009e74                __sinit_lock_release
 .text.__sinit  0x08009e80       0x70 c:/progra~2/gnuarm~1/102021~1.10/bin/../lib/gcc/arm-none-eabi/10.3.1/../../../../arm-none-eabi/lib/thumb/v7-m/nofp\libg_nano.a(lib_a-findfp.o)
                0x08009e80                __sinit
 .text.__sfp    0x08009ef0       0x8c c:/progra~2/gnuarm~1/102021~1.10/bin/../lib/gcc/arm-none-eabi/10.3.1/../../../../arm-none-eabi/lib/thumb/v7-m/nofp\libg_nano.a(lib_a-findfp.o)
                0x08009ef0                __sfp
 .text._fwalk_reent
                0x08009f7c       0x3e c:/progra~2/gnuarm~1/102021~1.10/bin/../lib/gcc/arm-none-eabi/10.3.1/../../../../arm-none-eabi/lib/thumb/v7-m/nofp\libg_nano.a(lib_a-fwalk.o)
                0x08009f7c                _fwalk_reent
 .text.__retarget_lock_init_recursive
                0x08009fba        0x2 c:/progra~2/gnuarm~1/102021~1.10/bin/../lib/gcc/arm-none-eabi/10.3.1/../../../../arm-none-eabi/lib/thumb/v7-m/nofp\libg_nano.a(lib_a-lock.o)
                0x08009fba                __retarget_lock_init_recursive
 .text.__retarget_lock_acquire_recursive
                0x08009fbc        0x2 c:/progra~2/gnuarm~1/102021~1.10/bin/../lib/gcc/arm-none-eabi/10.3.1/../../../../arm-none-eabi/lib/thumb/v7-m/nofp\libg_nano.a(lib_a-lock.o)
                0x08009fbc                __retarget_lock_acquire_recursive
 .text.__retarget_lock_release_recursive
                0x08009fbe        0x2 c:/progra~2/gnuarm~1/102021~1.10/bin/../lib/gcc/arm-none-eabi/10.3.1/../../../../arm-none-eabi/lib/thumb/v7-m/nofp\libg_nano.a(lib_a-lock.o)
                0x08009fbe                __retarget_lock_release_recursive
 .text.sbrk_aligned
                0x08009fc0       0x40 c:/progra~2/gnuarm~1/102021~1.10/bin/../lib/gcc/arm-none-eabi/10.3.1/../../../../arm-none-eabi/lib/thumb/v7-m/nofp\libg_nano.a(lib_a-nano-mallocr.o)
 .text._malloc_r
                0x0800a000       0xe8 c:/progra~2/gnuarm~1/102021~1.10/bin/../lib/gcc/arm-none-eabi/10.3.1/../../../../arm-none-eabi/lib/thumb/v7-m/nofp\libg_nano.a(lib_a-nano-mallocr.o)
                0x0800a000                _malloc_r
 .text.__ssputs_r
                0x0800a0e8       0xb6 c:/progra~2/gnuarm~1/102021~1.10/bin/../lib/gcc/arm-none-eabi/10.3.1/../../../../arm-none-eabi/lib/thumb/v7-m/nofp\libg_nano.a(lib_a-nano-svfprintf.o)
                0x0800a0e8                __ssputs_r
 *fill*         0x0800a19e        0x2 
 .text._svfprintf_r
                0x0800a1a0      0x200 c:/progra~2/gnuarm~1/102021~1.10/bin/../lib/gcc/arm-none-eabi/10.3.1/../../../../arm-none-eabi/lib/thumb/v7-m/nofp\libg_nano.a(lib_a-nano-svfprintf.o)
                0x0800a1a0                _svfiprintf_r
                0x0800a1a0                _svfprintf_r
 .text.__sfputc_r
                0x0800a3a0       0x2a c:/progra~2/gnuarm~1/102021~1.10/bin/../lib/gcc/arm-none-eabi/10.3.1/../../../../arm-none-eabi/lib/thumb/v7-m/nofp\libg_nano.a(lib_a-nano-vfprintf.o)
 .text.__sfputs_r
                0x0800a3ca       0x24 c:/progra~2/gnuarm~1/102021~1.10/bin/../lib/gcc/arm-none-eabi/10.3.1/../../../../arm-none-eabi/lib/thumb/v7-m/nofp\libg_nano.a(lib_a-nano-vfprintf.o)
                0x0800a3ca                __sfputs_r
 *fill*         0x0800a3ee        0x2 
 .text._vfprintf_r
                0x0800a3f0      0x260 c:/progra~2/gnuarm~1/102021~1.10/bin/../lib/gcc/arm-none-eabi/10.3.1/../../../../arm-none-eabi/lib/thumb/v7-m/nofp\libg_nano.a(lib_a-nano-vfprintf.o)
                0x0800a3f0                _vfprintf_r
                0x0800a3f0                _vfiprintf_r
 .text._printf_common
                0x0800a650       0xde c:/progra~2/gnuarm~1/102021~1.10/bin/../lib/gcc/arm-none-eabi/10.3.1/../../../../arm-none-eabi/lib/thumb/v7-m/nofp\libg_nano.a(lib_a-nano-vfprintf_i.o)
                0x0800a650                _printf_common
 *fill*         0x0800a72e        0x2 
 .text._printf_i
                0x0800a730      0x24c c:/progra~2/gnuarm~1/102021~1.10/bin/../lib/gcc/arm-none-eabi/10.3.1/../../../../arm-none-eabi/lib/thumb/v7-m/nofp\libg_nano.a(lib_a-nano-vfprintf_i.o)
                0x0800a730                _printf_i
 .text._putc_r  0x0800a97c       0x90 c:/progra~2/gnuarm~1/102021~1.10/bin/../lib/gcc/arm-none-eabi/10.3.1/../../../../arm-none-eabi/lib/thumb/v7-m/nofp\libg_nano.a(lib_a-putc.o)
                0x0800a97c                _putc_r
 .text._sbrk_r  0x0800aa0c       0x20 c:/progra~2/gnuarm~1/102021~1.10/bin/../lib/gcc/arm-none-eabi/10.3.1/../../../../arm-none-eabi/lib/thumb/v7-m/nofp\libg_nano.a(lib_a-sbrkr.o)
                0x0800aa0c                _sbrk_r
 .text.__sread  0x0800aa2c       0x22 c:/progra~2/gnuarm~1/102021~1.10/bin/../lib/gcc/arm-none-eabi/10.3.1/../../../../arm-none-eabi/lib/thumb/v7-m/nofp\libg_nano.a(lib_a-stdio.o)
                0x0800aa2c                __sread
 .text.__swrite
                0x0800aa4e       0x38 c:/progra~2/gnuarm~1/102021~1.10/bin/../lib/gcc/arm-none-eabi/10.3.1/../../../../arm-none-eabi/lib/thumb/v7-m/nofp\libg_nano.a(lib_a-stdio.o)
                0x0800aa4e                __swrite
 .text.__sseek  0x0800aa86       0x24 c:/progra~2/gnuarm~1/102021~1.10/bin/../lib/gcc/arm-none-eabi/10.3.1/../../../../arm-none-eabi/lib/thumb/v7-m/nofp\libg_nano.a(lib_a-stdio.o)
                0x0800aa86                __sseek
 .text.__sclose
                0x0800aaaa        0x8 c:/progra~2/gnuarm~1/102021~1.10/bin/../lib/gcc/arm-none-eabi/10.3.1/../../../../arm-none-eabi/lib/thumb/v7-m/nofp\libg_nano.a(lib_a-stdio.o)
                0x0800aaaa                __sclose
 *fill*         0x0800aab2        0x2 
 .text.__swbuf_r
                0x0800aab4       0xa4 c:/progra~2/gnuarm~1/102021~1.10/bin/../lib/gcc/arm-none-eabi/10.3.1/../../../../arm-none-eabi/lib/thumb/v7-m/nofp\libg_nano.a(lib_a-wbuf.o)
                0x0800aab4                __swbuf_r
 .text._write_r
                0x0800ab58       0x24 c:/progra~2/gnuarm~1/102021~1.10/bin/../lib/gcc/arm-none-eabi/10.3.1/../../../../arm-none-eabi/lib/thumb/v7-m/nofp\libg_nano.a(lib_a-writer.o)
                0x0800ab58                _write_r
 .text.__swsetup_r
                0x0800ab7c       0xdc c:/progra~2/gnuarm~1/102021~1.10/bin/../lib/gcc/arm-none-eabi/10.3.1/../../../../arm-none-eabi/lib/thumb/v7-m/nofp\libg_nano.a(lib_a-wsetup.o)
                0x0800ab7c                __swsetup_r
 .text._close_r
                0x0800ac58       0x20 c:/progra~2/gnuarm~1/102021~1.10/bin/../lib/gcc/arm-none-eabi/10.3.1/../../../../arm-none-eabi/lib/thumb/v7-m/nofp\libg_nano.a(lib_a-closer.o)
                0x0800ac58                _close_r
 .text.__sflush_r
                0x0800ac78      0x104 c:/progra~2/gnuarm~1/102021~1.10/bin/../lib/gcc/arm-none-eabi/10.3.1/../../../../arm-none-eabi/lib/thumb/v7-m/nofp\libg_nano.a(lib_a-fflush.o)
                0x0800ac78                __sflush_r
 .text._fflush_r
                0x0800ad7c       0x78 c:/progra~2/gnuarm~1/102021~1.10/bin/../lib/gcc/arm-none-eabi/10.3.1/../../../../arm-none-eabi/lib/thumb/v7-m/nofp\libg_nano.a(lib_a-fflush.o)
                0x0800ad7c                _fflush_r
 .text._lseek_r
                0x0800adf4       0x24 c:/progra~2/gnuarm~1/102021~1.10/bin/../lib/gcc/arm-none-eabi/10.3.1/../../../../arm-none-eabi/lib/thumb/v7-m/nofp\libg_nano.a(lib_a-lseekr.o)
                0x0800adf4                _lseek_r
 .text.__swhatbuf_r
                0x0800ae18       0x4a c:/progra~2/gnuarm~1/102021~1.10/bin/../lib/gcc/arm-none-eabi/10.3.1/../../../../arm-none-eabi/lib/thumb/v7-m/nofp\libg_nano.a(lib_a-makebuf.o)
                0x0800ae18                __swhatbuf_r
 *fill*         0x0800ae62        0x2 
 .text.__smakebuf_r
                0x0800ae64       0x80 c:/progra~2/gnuarm~1/102021~1.10/bin/../lib/gcc/arm-none-eabi/10.3.1/../../../../arm-none-eabi/lib/thumb/v7-m/nofp\libg_nano.a(lib_a-makebuf.o)
                0x0800ae64                __smakebuf_r
 .text.memchr   0x0800aee4       0x1c c:/progra~2/gnuarm~1/102021~1.10/bin/../lib/gcc/arm-none-eabi/10.3.1/../../../../arm-none-eabi/lib/thumb/v7-m/nofp\libg_nano.a(lib_a-memchr-stub.o)
                0x0800aee4                memchr
 .text.memcpy   0x0800af00       0x1c c:/progra~2/gnuarm~1/102021~1.10/bin/../lib/gcc/arm-none-eabi/10.3.1/../../../../arm-none-eabi/lib/thumb/v7-m/nofp\libg_nano.a(lib_a-memcpy-stub.o)
                0x0800af00                memcpy
 .text.memmove  0x0800af1c       0x34 c:/progra~2/gnuarm~1/102021~1.10/bin/../lib/gcc/arm-none-eabi/10.3.1/../../../../arm-none-eabi/lib/thumb/v7-m/nofp\libg_nano.a(lib_a-memmove.o)
                0x0800af1c                memmove
 .text.__malloc_lock
                0x0800af50        0xc c:/progra~2/gnuarm~1/102021~1.10/bin/../lib/gcc/arm-none-eabi/10.3.1/../../../../arm-none-eabi/lib/thumb/v7-m/nofp\libg_nano.a(lib_a-mlock.o)
                0x0800af50                __malloc_lock
 .text.__malloc_unlock
                0x0800af5c        0xc c:/progra~2/gnuarm~1/102021~1.10/bin/../lib/gcc/arm-none-eabi/10.3.1/../../../../arm-none-eabi/lib/thumb/v7-m/nofp\libg_nano.a(lib_a-mlock.o)
                0x0800af5c                __malloc_unlock
 .text._free_r  0x0800af68       0x90 c:/progra~2/gnuarm~1/102021~1.10/bin/../lib/gcc/arm-none-eabi/10.3.1/../../../../arm-none-eabi/lib/thumb/v7-m/nofp\libg_nano.a(lib_a-nano-freer.o)
                0x0800af68                _free_r
 .text._realloc_r
                0x0800aff8       0x5e c:/progra~2/gnuarm~1/102021~1.10/bin/../lib/gcc/arm-none-eabi/10.3.1/../../../../arm-none-eabi/lib/thumb/v7-m/nofp\libg_nano.a(lib_a-nano-reallocr.o)
                0x0800aff8                _realloc_r
 *fill*         0x0800b056        0x2 
 .text._read_r  0x0800b058       0x24 c:/progra~2/gnuarm~1/102021~1.10/bin/../lib/gcc/arm-none-eabi/10.3.1/../../../../arm-none-eabi/lib/thumb/v7-m/nofp\libg_nano.a(lib_a-readr.o)
                0x0800b058                _read_r
 .text._fstat_r
                0x0800b07c       0x24 c:/progra~2/gnuarm~1/102021~1.10/bin/../lib/gcc/arm-none-eabi/10.3.1/../../../../arm-none-eabi/lib/thumb/v7-m/nofp\libg_nano.a(lib_a-fstatr.o)
                0x0800b07c                _fstat_r
 .text._isatty_r
                0x0800b0a0       0x20 c:/progra~2/gnuarm~1/102021~1.10/bin/../lib/gcc/arm-none-eabi/10.3.1/../../../../arm-none-eabi/lib/thumb/v7-m/nofp\libg_nano.a(lib_a-isattyr.o)
                0x0800b0a0                _isatty_r
 .text._malloc_usable_size_r
                0x0800b0c0       0x10 c:/progra~2/gnuarm~1/102021~1.10/bin/../lib/gcc/arm-none-eabi/10.3.1/../../../../arm-none-eabi/lib/thumb/v7-m/nofp\libg_nano.a(lib_a-nano-msizer.o)
                0x0800b0c0                _malloc_usable_size_r
 *(.glue_7)
 .glue_7        0x0800b0d0        0x0 linker stubs
 *(.glue_7t)
 .glue_7t       0x0800b0d0        0x0 linker stubs
 *(.eh_frame)
 .eh_frame      0x0800b0d0        0x0 c:/progra~2/gnuarm~1/102021~1.10/bin/../lib/gcc/arm-none-eabi/10.3.1/thumb/v7-m/nofp/crtbegin.o
 *(.init)
 .init          0x0800b0d0        0x4 c:/progra~2/gnuarm~1/102021~1.10/bin/../lib/gcc/arm-none-eabi/10.3.1/thumb/v7-m/nofp/crti.o
                0x0800b0d0                _init
 .init          0x0800b0d4        0x8 c:/progra~2/gnuarm~1/102021~1.10/bin/../lib/gcc/arm-none-eabi/10.3.1/thumb/v7-m/nofp/crtn.o
 *(.fini)
 .fini          0x0800b0dc        0x4 c:/progra~2/gnuarm~1/102021~1.10/bin/../lib/gcc/arm-none-eabi/10.3.1/thumb/v7-m/nofp/crti.o
                0x0800b0dc                _fini
 .fini          0x0800b0e0        0x8 c:/progra~2/gnuarm~1/102021~1.10/bin/../lib/gcc/arm-none-eabi/10.3.1/thumb/v7-m/nofp/crtn.o
                0x0800b0e8                . = ALIGN (0x4)
                0x0800b0e8                _etext = .

.vfp11_veneer   0x0800b0e8        0x0
 .vfp11_veneer  0x0800b0e8        0x0 linker stubs

.v4_bx          0x0800b0e8        0x0
 .v4_bx         0x0800b0e8        0x0 linker stubs

.iplt           0x0800b0e8        0x0
 .iplt          0x0800b0e8        0x0 c:/progra~2/gnuarm~1/102021~1.10/bin/../lib/gcc/arm-none-eabi/10.3.1/thumb/v7-m/nofp/crtbegin.o

.rodata         0x0800b0e8      0x488
                0x0800b0e8                . = ALIGN (0x4)
 *(.rodata)
 .rodata        0x0800b0e8       0x35 cmake/stm32cubemx/CMakeFiles/USB_Device_Library.dir/__/__/Middlewares/ST/STM32_USB_Device_Library/Core/Src/usbd_core.c.obj
 *fill*         0x0800b11d        0x3 
 .rodata        0x0800b120       0x46 CMakeFiles/APM32F103-VirtualCOM-SixStepCommutation-ESC.dir/USB_DEVICE/App/usbd_desc.c.obj
 *fill*         0x0800b166        0x2 
 .rodata        0x0800b168       0x87 CMakeFiles/APM32F103-VirtualCOM-SixStepCommutation-ESC.dir/Core/Src/main.c.obj
 *(.rodata*)
 *fill*         0x0800b1ef        0x1 
 .rodata.AHBPrescTable
                0x0800b1f0       0x10 cmake/stm32cubemx/CMakeFiles/STM32_Drivers.dir/__/__/Core/Src/system_stm32f1xx.c.obj
                0x0800b1f0                AHBPrescTable
 .rodata.APBPrescTable
                0x0800b200        0x8 cmake/stm32cubemx/CMakeFiles/STM32_Drivers.dir/__/__/Core/Src/system_stm32f1xx.c.obj
                0x0800b200                APBPrescTable
 .rodata.aPLLMULFactorTable.1
                0x0800b208       0x10 cmake/stm32cubemx/CMakeFiles/STM32_Drivers.dir/__/__/Drivers/STM32F1xx_HAL_Driver/Src/stm32f1xx_hal_rcc.c.obj
 .rodata.aPredivFactorTable.0
                0x0800b218        0x2 cmake/stm32cubemx/CMakeFiles/STM32_Drivers.dir/__/__/Drivers/STM32F1xx_HAL_Driver/Src/stm32f1xx_hal_rcc.c.obj
 *fill*         0x0800b21a        0x2 
 .rodata.aPLLMULFactorTable.1
                0x0800b21c       0x10 cmake/stm32cubemx/CMakeFiles/STM32_Drivers.dir/__/__/Drivers/STM32F1xx_HAL_Driver/Src/stm32f1xx_hal_rcc_ex.c.obj
 .rodata.aPredivFactorTable.0
                0x0800b22c        0x2 cmake/stm32cubemx/CMakeFiles/STM32_Drivers.dir/__/__/Drivers/STM32F1xx_HAL_Driver/Src/stm32f1xx_hal_rcc_ex.c.obj
 *fill*         0x0800b22e        0x2 
 .rodata.Mario_Theme
                0x0800b230      0x2a8 CMakeFiles/APM32F103-VirtualCOM-SixStepCommutation-ESC.dir/Core/Src/main.c.obj
                0x0800b230                Mario_Theme
 .rodata._global_impure_ptr
                0x0800b4d8        0x4 c:/progra~2/gnuarm~1/102021~1.10/bin/../lib/gcc/arm-none-eabi/10.3.1/../../../../arm-none-eabi/lib/thumb/v7-m/nofp\libg_nano.a(lib_a-impure.o)
                0x0800b4d8                _global_impure_ptr
 .rodata.__sf_fake_stderr
                0x0800b4dc       0x20 c:/progra~2/gnuarm~1/102021~1.10/bin/../lib/gcc/arm-none-eabi/10.3.1/../../../../arm-none-eabi/lib/thumb/v7-m/nofp\libg_nano.a(lib_a-findfp.o)
                0x0800b4dc                __sf_fake_stderr
 .rodata.__sf_fake_stdin
                0x0800b4fc       0x20 c:/progra~2/gnuarm~1/102021~1.10/bin/../lib/gcc/arm-none-eabi/10.3.1/../../../../arm-none-eabi/lib/thumb/v7-m/nofp\libg_nano.a(lib_a-findfp.o)
                0x0800b4fc                __sf_fake_stdin
 .rodata.__sf_fake_stdout
                0x0800b51c       0x20 c:/progra~2/gnuarm~1/102021~1.10/bin/../lib/gcc/arm-none-eabi/10.3.1/../../../../arm-none-eabi/lib/thumb/v7-m/nofp\libg_nano.a(lib_a-findfp.o)
                0x0800b51c                __sf_fake_stdout
 .rodata._svfprintf_r.str1.1
                0x0800b53c       0x11 c:/progra~2/gnuarm~1/102021~1.10/bin/../lib/gcc/arm-none-eabi/10.3.1/../../../../arm-none-eabi/lib/thumb/v7-m/nofp\libg_nano.a(lib_a-nano-svfprintf.o)
 .rodata._vfprintf_r.str1.1
                0x0800b54d       0x11 c:/progra~2/gnuarm~1/102021~1.10/bin/../lib/gcc/arm-none-eabi/10.3.1/../../../../arm-none-eabi/lib/thumb/v7-m/nofp\libg_nano.a(lib_a-nano-vfprintf.o)
 .rodata._printf_i.str1.1
                0x0800b54d       0x22 c:/progra~2/gnuarm~1/102021~1.10/bin/../lib/gcc/arm-none-eabi/10.3.1/../../../../arm-none-eabi/lib/thumb/v7-m/nofp\libg_nano.a(lib_a-nano-vfprintf_i.o)
                0x0800b570                . = ALIGN (0x4)
 *fill*         0x0800b56f        0x1 

.rel.dyn        0x0800b570        0x0
 .rel.iplt      0x0800b570        0x0 c:/progra~2/gnuarm~1/102021~1.10/bin/../lib/gcc/arm-none-eabi/10.3.1/thumb/v7-m/nofp/crtbegin.o

.ARM.extab      0x0800b570        0x0
                0x0800b570                . = ALIGN (0x4)
 *(.ARM.extab* .gnu.linkonce.armextab.*)
                0x0800b570                . = ALIGN (0x4)

.ARM            0x0800b570        0x0
                0x0800b570                . = ALIGN (0x4)
                0x0800b570                __exidx_start = .
 *(.ARM.exidx*)
                0x0800b570                __exidx_end = .
                0x0800b570                . = ALIGN (0x4)

.preinit_array  0x0800b570        0x0
                0x0800b570                . = ALIGN (0x4)
                0x0800b570                PROVIDE (__preinit_array_start = .)
 *(.preinit_array*)
                0x0800b570                PROVIDE (__preinit_array_end = .)
                0x0800b570                . = ALIGN (0x4)

.init_array     0x0800b570        0x4
                0x0800b570                . = ALIGN (0x4)
                0x0800b570                PROVIDE (__init_array_start = .)
 *(SORT_BY_NAME(.init_array.*))
 *(.init_array*)
 .init_array    0x0800b570        0x4 c:/progra~2/gnuarm~1/102021~1.10/bin/../lib/gcc/arm-none-eabi/10.3.1/thumb/v7-m/nofp/crtbegin.o
                0x0800b574                PROVIDE (__init_array_end = .)
                0x0800b574                . = ALIGN (0x4)

.fini_array     0x0800b574        0x4
                0x0800b574                . = ALIGN (0x4)
                [!provide]                PROVIDE (__fini_array_start = .)
 *(SORT_BY_NAME(.fini_array.*))
 *(.fini_array*)
 .fini_array    0x0800b574        0x4 c:/progra~2/gnuarm~1/102021~1.10/bin/../lib/gcc/arm-none-eabi/10.3.1/thumb/v7-m/nofp/crtbegin.o
                [!provide]                PROVIDE (__fini_array_end = .)
                0x0800b578                . = ALIGN (0x4)
                0x0800b578                _sidata = LOADADDR (.data)

.data           0x20000000      0x1ec load address 0x0800b578
                0x20000000                . = ALIGN (0x4)
                0x20000000                _sdata = .
 *(.data)
 *(.data*)
 .data.SystemCoreClock
                0x20000000        0x4 cmake/stm32cubemx/CMakeFiles/STM32_Drivers.dir/__/__/Core/Src/system_stm32f1xx.c.obj
                0x20000000                SystemCoreClock
 .data.uwTickPrio
                0x20000004        0x4 cmake/stm32cubemx/CMakeFiles/STM32_Drivers.dir/__/__/Drivers/STM32F1xx_HAL_Driver/Src/stm32f1xx_hal.c.obj
                0x20000004                uwTickPrio
 .data.uwTickFreq
                0x20000008        0x1 cmake/stm32cubemx/CMakeFiles/STM32_Drivers.dir/__/__/Drivers/STM32F1xx_HAL_Driver/Src/stm32f1xx_hal.c.obj
                0x20000008                uwTickFreq
 *fill*         0x20000009        0x3 
 .data.USBD_CDC_DeviceQualifierDesc
                0x2000000c        0xa cmake/stm32cubemx/CMakeFiles/USB_Device_Library.dir/__/__/Middlewares/ST/STM32_USB_Device_Library/Class/CDC/Src/usbd_cdc.c.obj
 *fill*         0x20000016        0x2 
 .data.USBD_CDC
                0x20000018       0x38 cmake/stm32cubemx/CMakeFiles/USB_Device_Library.dir/__/__/Middlewares/ST/STM32_USB_Device_Library/Class/CDC/Src/usbd_cdc.c.obj
                0x20000018                USBD_CDC
 .data.USBD_CDC_CfgHSDesc
                0x20000050       0x43 cmake/stm32cubemx/CMakeFiles/USB_Device_Library.dir/__/__/Middlewares/ST/STM32_USB_Device_Library/Class/CDC/Src/usbd_cdc.c.obj
                0x20000050                USBD_CDC_CfgHSDesc
 *fill*         0x20000093        0x1 
 .data.USBD_CDC_CfgFSDesc
                0x20000094       0x43 cmake/stm32cubemx/CMakeFiles/USB_Device_Library.dir/__/__/Middlewares/ST/STM32_USB_Device_Library/Class/CDC/Src/usbd_cdc.c.obj
                0x20000094                USBD_CDC_CfgFSDesc
 *fill*         0x200000d7        0x1 
 .data.USBD_CDC_OtherSpeedCfgDesc
                0x200000d8       0x43 cmake/stm32cubemx/CMakeFiles/USB_Device_Library.dir/__/__/Middlewares/ST/STM32_USB_Device_Library/Class/CDC/Src/usbd_cdc.c.obj
                0x200000d8                USBD_CDC_OtherSpeedCfgDesc
 *fill*         0x2000011b        0x1 
 .data.FS_Desc  0x2000011c       0x1c CMakeFiles/APM32F103-VirtualCOM-SixStepCommutation-ESC.dir/USB_DEVICE/App/usbd_desc.c.obj
                0x2000011c                FS_Desc
 .data.USBD_FS_DeviceDesc
                0x20000138       0x12 CMakeFiles/APM32F103-VirtualCOM-SixStepCommutation-ESC.dir/USB_DEVICE/App/usbd_desc.c.obj
                0x20000138                USBD_FS_DeviceDesc
 *fill*         0x2000014a        0x2 
 .data.USBD_LangIDDesc
                0x2000014c        0x4 CMakeFiles/APM32F103-VirtualCOM-SixStepCommutation-ESC.dir/USB_DEVICE/App/usbd_desc.c.obj
                0x2000014c                USBD_LangIDDesc
 .data.USBD_StringSerial
                0x20000150       0x1a CMakeFiles/APM32F103-VirtualCOM-SixStepCommutation-ESC.dir/USB_DEVICE/App/usbd_desc.c.obj
                0x20000150                USBD_StringSerial
 *fill*         0x2000016a        0x2 
 .data.USBD_Interface_fops_FS
                0x2000016c       0x10 CMakeFiles/APM32F103-VirtualCOM-SixStepCommutation-ESC.dir/USB_DEVICE/App/usbd_cdc_if.c.obj
                0x2000016c                USBD_Interface_fops_FS
 .data.step_delay
                0x2000017c        0x4 CMakeFiles/APM32F103-VirtualCOM-SixStepCommutation-ESC.dir/Core/Src/main.c.obj
                0x2000017c                step_delay
 .data.closed_loop_threshold
                0x20000180        0x4 CMakeFiles/APM32F103-VirtualCOM-SixStepCommutation-ESC.dir/Core/Src/main.c.obj
                0x20000180                closed_loop_threshold
 .data.pwmDuty  0x20000184        0x4 CMakeFiles/APM32F103-VirtualCOM-SixStepCommutation-ESC.dir/Core/Src/main.c.obj
                0x20000184                pwmDuty
 .data._impure_ptr
                0x20000188        0x4 c:/progra~2/gnuarm~1/102021~1.10/bin/../lib/gcc/arm-none-eabi/10.3.1/../../../../arm-none-eabi/lib/thumb/v7-m/nofp\libg_nano.a(lib_a-impure.o)
                0x20000188                _impure_ptr
 .data.impure_data
                0x2000018c       0x60 c:/progra~2/gnuarm~1/102021~1.10/bin/../lib/gcc/arm-none-eabi/10.3.1/../../../../arm-none-eabi/lib/thumb/v7-m/nofp\libg_nano.a(lib_a-impure.o)
 *(.RamFunc)
 *(.RamFunc*)
                0x200001ec                . = ALIGN (0x4)

.igot.plt       0x200001ec        0x0 load address 0x0800b764
 .igot.plt      0x200001ec        0x0 c:/progra~2/gnuarm~1/102021~1.10/bin/../lib/gcc/arm-none-eabi/10.3.1/thumb/v7-m/nofp/crtbegin.o

.tdata          0x200001ec        0x0 load address 0x0800b764
 *(.tdata .tdata.* .gnu.linkonce.td.*)
                0x200001ec                . = ALIGN (0x4)
                0x200001ec                _edata = .
                [!provide]                PROVIDE (__data_end = .)
                [!provide]                PROVIDE (__tdata_end = .)
                [!provide]                PROVIDE (__tdata_start = ADDR (.tdata))
                [!provide]                PROVIDE (__tdata_size = (__tdata_end - __tdata_start))
                [!provide]                PROVIDE (__data_start = ADDR (.data))
                [!provide]                PROVIDE (__data_size = (__data_end - __data_start))
                [!provide]                PROVIDE (__tdata_source = LOADADDR (.tdata))
                [!provide]                PROVIDE (__tdata_source_end = (LOADADDR (.tdata) + SIZEOF (.tdata)))
                [!provide]                PROVIDE (__tdata_source_size = (__tdata_source_end - __tdata_source))
                [!provide]                PROVIDE (__data_source = LOADADDR (.data))
                [!provide]                PROVIDE (__data_source_end = __tdata_source_end)
                [!provide]                PROVIDE (__data_source_size = (__data_source_end - __data_source))

.tbss           0x200001ec        0x0 load address 0x0800b764
                0x200001ec                _sbss = .
                0x200001ec                __bss_start__ = _sbss
 *(.tbss .tbss.*)
                0x200001ec                . = ALIGN (0x4)
                [!provide]                PROVIDE (__tbss_end = .)
                [!provide]                PROVIDE (__tbss_start = ADDR (.tbss))
                [!provide]                PROVIDE (__tbss_size = (__tbss_end - __tbss_start))
                [!provide]                PROVIDE (__tbss_offset = (ADDR (.tbss) - ADDR (.tdata)))
                [!provide]                PROVIDE (__tls_base = __tdata_start)
                [!provide]                PROVIDE (__tls_end = __tbss_end)
                [!provide]                PROVIDE (__tls_size = (__tls_end - __tls_base))
                [!provide]                PROVIDE (__tls_align = MAX (ALIGNOF (.tdata), ALIGNOF (.tbss)))
                [!provide]                PROVIDE (__tls_size_align = (((__tls_size + __tls_align) - 0x1) & ~ ((__tls_align - 0x1))))
                [!provide]                PROVIDE (__arm32_tls_tcb_offset = MAX (0x8, __tls_align))
                [!provide]                PROVIDE (__arm64_tls_tcb_offset = MAX (0x10, __tls_align))

.bss            0x200001ec     0x12c0 load address 0x0800b764
 *(.bss)
 .bss           0x200001ec       0x1c c:/progra~2/gnuarm~1/102021~1.10/bin/../lib/gcc/arm-none-eabi/10.3.1/thumb/v7-m/nofp/crtbegin.o
 *(.bss*)
 .bss.uwTick    0x20000208        0x4 cmake/stm32cubemx/CMakeFiles/STM32_Drivers.dir/__/__/Drivers/STM32F1xx_HAL_Driver/Src/stm32f1xx_hal.c.obj
                0x20000208                uwTick
 .bss.cfgidx.0  0x2000020c        0x1 cmake/stm32cubemx/CMakeFiles/USB_Device_Library.dir/__/__/Middlewares/ST/STM32_USB_Device_Library/Core/Src/usbd_ctlreq.c.obj
 *fill*         0x2000020d        0x3 
 .bss.hpcd_USB_FS
                0x20000210      0x2d8 CMakeFiles/APM32F103-VirtualCOM-SixStepCommutation-ESC.dir/USB_DEVICE/Target/usbd_conf.c.obj
                0x20000210                hpcd_USB_FS
 .bss.mem.0     0x200004e8      0x220 CMakeFiles/APM32F103-VirtualCOM-SixStepCommutation-ESC.dir/USB_DEVICE/Target/usbd_conf.c.obj
 .bss.hUsbDeviceFS
                0x20000708      0x2c4 CMakeFiles/APM32F103-VirtualCOM-SixStepCommutation-ESC.dir/USB_DEVICE/App/usb_device.c.obj
                0x20000708                hUsbDeviceFS
 .bss.USBD_StrDesc
                0x200009cc      0x200 CMakeFiles/APM32F103-VirtualCOM-SixStepCommutation-ESC.dir/USB_DEVICE/App/usbd_desc.c.obj
                0x200009cc                USBD_StrDesc
 .bss.UserRxBufferFS
                0x20000bcc      0x400 CMakeFiles/APM32F103-VirtualCOM-SixStepCommutation-ESC.dir/USB_DEVICE/App/usbd_cdc_if.c.obj
                0x20000bcc                UserRxBufferFS
 .bss.UserTxBufferFS
                0x20000fcc      0x400 CMakeFiles/APM32F103-VirtualCOM-SixStepCommutation-ESC.dir/USB_DEVICE/App/usbd_cdc_if.c.obj
                0x20000fcc                UserTxBufferFS
 .bss.RxDataFlag
                0x200013cc        0x1 CMakeFiles/APM32F103-VirtualCOM-SixStepCommutation-ESC.dir/USB_DEVICE/App/usbd_cdc_if.c.obj
                0x200013cc                RxDataFlag
 *fill*         0x200013cd        0x3 
 .bss.RxDataLen
                0x200013d0        0x4 CMakeFiles/APM32F103-VirtualCOM-SixStepCommutation-ESC.dir/USB_DEVICE/App/usbd_cdc_if.c.obj
                0x200013d0                RxDataLen
 .bss.theFirstAdcU
                0x200013d4        0x4 CMakeFiles/APM32F103-VirtualCOM-SixStepCommutation-ESC.dir/Core/Src/main.c.obj
                0x200013d4                theFirstAdcU
 .bss.theSecondAdcU
                0x200013d8        0x4 CMakeFiles/APM32F103-VirtualCOM-SixStepCommutation-ESC.dir/Core/Src/main.c.obj
                0x200013d8                theSecondAdcU
 .bss.currentAdcU
                0x200013dc        0x4 CMakeFiles/APM32F103-VirtualCOM-SixStepCommutation-ESC.dir/Core/Src/main.c.obj
                0x200013dc                currentAdcU
 .bss.theFirstAdcV
                0x200013e0        0x4 CMakeFiles/APM32F103-VirtualCOM-SixStepCommutation-ESC.dir/Core/Src/main.c.obj
                0x200013e0                theFirstAdcV
 .bss.theSecondAdcV
                0x200013e4        0x4 CMakeFiles/APM32F103-VirtualCOM-SixStepCommutation-ESC.dir/Core/Src/main.c.obj
                0x200013e4                theSecondAdcV
 .bss.currentAdcV
                0x200013e8        0x4 CMakeFiles/APM32F103-VirtualCOM-SixStepCommutation-ESC.dir/Core/Src/main.c.obj
                0x200013e8                currentAdcV
 .bss.theFirstAdcW
                0x200013ec        0x4 CMakeFiles/APM32F103-VirtualCOM-SixStepCommutation-ESC.dir/Core/Src/main.c.obj
                0x200013ec                theFirstAdcW
 .bss.theSecondAdcW
                0x200013f0        0x4 CMakeFiles/APM32F103-VirtualCOM-SixStepCommutation-ESC.dir/Core/Src/main.c.obj
                0x200013f0                theSecondAdcW
 .bss.currentAdcW
                0x200013f4        0x4 CMakeFiles/APM32F103-VirtualCOM-SixStepCommutation-ESC.dir/Core/Src/main.c.obj
                0x200013f4                currentAdcW
 .bss.adcU      0x200013f8        0x4 CMakeFiles/APM32F103-VirtualCOM-SixStepCommutation-ESC.dir/Core/Src/main.c.obj
                0x200013f8                adcU
 .bss.adcV      0x200013fc        0x4 CMakeFiles/APM32F103-VirtualCOM-SixStepCommutation-ESC.dir/Core/Src/main.c.obj
                0x200013fc                adcV
 .bss.adcW      0x20001400        0x4 CMakeFiles/APM32F103-VirtualCOM-SixStepCommutation-ESC.dir/Core/Src/main.c.obj
                0x20001400                adcW
 .bss.run_mode  0x20001404        0x1 CMakeFiles/APM32F103-VirtualCOM-SixStepCommutation-ESC.dir/Core/Src/main.c.obj
                0x20001404                run_mode
 *fill*         0x20001405        0x3 
 .bss.last_commutation_time
                0x20001408        0x4 CMakeFiles/APM32F103-VirtualCOM-SixStepCommutation-ESC.dir/Core/Src/main.c.obj
                0x20001408                last_commutation_time
 .bss.period_time
                0x2000140c        0x4 CMakeFiles/APM32F103-VirtualCOM-SixStepCommutation-ESC.dir/Core/Src/main.c.obj
                0x2000140c                period_time
 .bss.step      0x20001410        0x1 CMakeFiles/APM32F103-VirtualCOM-SixStepCommutation-ESC.dir/Core/Src/main.c.obj
                0x20001410                step
 .bss.speed_prescaler.3
                0x20001411        0x1 CMakeFiles/APM32F103-VirtualCOM-SixStepCommutation-ESC.dir/Core/Src/main.c.obj
 *fill*         0x20001412        0x2 
 .bss.last_print_time.2
                0x20001414        0x4 CMakeFiles/APM32F103-VirtualCOM-SixStepCommutation-ESC.dir/Core/Src/main.c.obj
 .bss.sum_delta_time.1
                0x20001418        0x4 CMakeFiles/APM32F103-VirtualCOM-SixStepCommutation-ESC.dir/Core/Src/main.c.obj
 .bss.step_counter.0
                0x2000141c        0x1 CMakeFiles/APM32F103-VirtualCOM-SixStepCommutation-ESC.dir/Core/Src/main.c.obj
 *fill*         0x2000141d        0x3 
 .bss.hadc1     0x20001420       0x30 CMakeFiles/APM32F103-VirtualCOM-SixStepCommutation-ESC.dir/Core/Src/adc.c.obj
                0x20001420                hadc1
 .bss.htim1     0x20001450       0x48 CMakeFiles/APM32F103-VirtualCOM-SixStepCommutation-ESC.dir/Core/Src/tim.c.obj
                0x20001450                htim1
 .bss.__sbrk_heap_end
                0x20001498        0x4 CMakeFiles/APM32F103-VirtualCOM-SixStepCommutation-ESC.dir/Core/Src/sysmem.c.obj
 .bss.__lock___malloc_recursive_mutex
                0x2000149c        0x1 c:/progra~2/gnuarm~1/102021~1.10/bin/../lib/gcc/arm-none-eabi/10.3.1/../../../../arm-none-eabi/lib/thumb/v7-m/nofp\libg_nano.a(lib_a-lock.o)
                0x2000149c                __lock___malloc_recursive_mutex
 .bss.__lock___sfp_recursive_mutex
                0x2000149d        0x1 c:/progra~2/gnuarm~1/102021~1.10/bin/../lib/gcc/arm-none-eabi/10.3.1/../../../../arm-none-eabi/lib/thumb/v7-m/nofp\libg_nano.a(lib_a-lock.o)
                0x2000149d                __lock___sfp_recursive_mutex
 .bss.__lock___sinit_recursive_mutex
                0x2000149e        0x1 c:/progra~2/gnuarm~1/102021~1.10/bin/../lib/gcc/arm-none-eabi/10.3.1/../../../../arm-none-eabi/lib/thumb/v7-m/nofp\libg_nano.a(lib_a-lock.o)
                0x2000149e                __lock___sinit_recursive_mutex
 *fill*         0x2000149f        0x1 
 .bss.__malloc_free_list
                0x200014a0        0x4 c:/progra~2/gnuarm~1/102021~1.10/bin/../lib/gcc/arm-none-eabi/10.3.1/../../../../arm-none-eabi/lib/thumb/v7-m/nofp\libg_nano.a(lib_a-nano-mallocr.o)
                0x200014a0                __malloc_free_list
 .bss.__malloc_sbrk_start
                0x200014a4        0x4 c:/progra~2/gnuarm~1/102021~1.10/bin/../lib/gcc/arm-none-eabi/10.3.1/../../../../arm-none-eabi/lib/thumb/v7-m/nofp\libg_nano.a(lib_a-nano-mallocr.o)
                0x200014a4                __malloc_sbrk_start
 .bss.errno     0x200014a8        0x4 c:/progra~2/gnuarm~1/102021~1.10/bin/../lib/gcc/arm-none-eabi/10.3.1/../../../../arm-none-eabi/lib/thumb/v7-m/nofp\libg_nano.a(lib_a-reent.o)
                0x200014a8                errno
 *(COMMON)
                0x200014ac                . = ALIGN (0x4)
                0x200014ac                _ebss = .
                0x200014ac                __bss_end__ = _ebss
                [!provide]                PROVIDE (__bss_end = .)
                [!provide]                PROVIDE (__non_tls_bss_start = ADDR (.bss))
                [!provide]                PROVIDE (__bss_start = __tbss_start)
                [!provide]                PROVIDE (__bss_size = (__bss_end - __bss_start))

._user_heap_stack
                0x200014ac     0x1304 load address 0x0800b764
                0x200014b0                . = ALIGN (0x8)
 *fill*         0x200014ac        0x4 
                [!provide]                PROVIDE (end = .)
                0x200014b0                PROVIDE (_end = .)
                0x200017b0                . = (. + _Min_Heap_Size)
 *fill*         0x200014b0      0x300 
                0x200027b0                . = (. + _Min_Stack_Size)
 *fill*         0x200017b0     0x1000 
                0x200027b0                . = ALIGN (0x8)

/DISCARD/
 libc.a:*(*)
 libm.a:*(*)
 libgcc.a:*(*)
OUTPUT(APM32F103-VirtualCOM-SixStepCommutation-ESC.elf elf32-littlearm)
LOAD linker stubs

.ARM.attributes
                0x00000000       0x29
 .ARM.attributes