Archive member included to satisfy reference by file (symbol)

D:/Program Files/Arm/GNU Toolchain mingw-w64-x86_64-arm-none-eabi/bin/../lib/gcc/arm-none-eabi/15.2.1/../../../../arm-none-eabi/lib/thumb/v7-m/nofp\libg_nano.a(libc_a-exit.o)
                              D:/Program Files/Arm/GNU Toolchain mingw-w64-x86_64-arm-none-eabi/bin/../lib/gcc/arm-none-eabi/15.2.1/../../../../arm-none-eabi/lib/thumb/v7-m/nofp/crt0.o (exit)
D:/Program Files/Arm/GNU Toolchain mingw-w64-x86_64-arm-none-eabi/bin/../lib/gcc/arm-none-eabi/15.2.1/../../../../arm-none-eabi/lib/thumb/v7-m/nofp\libg_nano.a(libc_a-findfp.o)
                              D:/Program Files/Arm/GNU Toolchain mingw-w64-x86_64-arm-none-eabi/bin/../lib/gcc/arm-none-eabi/15.2.1/../../../../arm-none-eabi/lib/thumb/v7-m/nofp\libg_nano.a(libc_a-exit.o) (__stdio_exit_handler)
D:/Program Files/Arm/GNU Toolchain mingw-w64-x86_64-arm-none-eabi/bin/../lib/gcc/arm-none-eabi/15.2.1/../../../../arm-none-eabi/lib/thumb/v7-m/nofp\libg_nano.a(libc_a-fwalk.o)
                              D:/Program Files/Arm/GNU Toolchain mingw-w64-x86_64-arm-none-eabi/bin/../lib/gcc/arm-none-eabi/15.2.1/../../../../arm-none-eabi/lib/thumb/v7-m/nofp\libg_nano.a(libc_a-findfp.o) (_fwalk_sglue)
D:/Program Files/Arm/GNU Toolchain mingw-w64-x86_64-arm-none-eabi/bin/../lib/gcc/arm-none-eabi/15.2.1/../../../../arm-none-eabi/lib/thumb/v7-m/nofp\libg_nano.a(libc_a-printf.o)
                              cmake/stm32cubemx/CMakeFiles/USB_Device_Library.dir/__/__/Middlewares/ST/STM32_USB_Device_Library/Core/Src/usbd_core.c.obj (printf)
D:/Program Files/Arm/GNU Toolchain mingw-w64-x86_64-arm-none-eabi/bin/../lib/gcc/arm-none-eabi/15.2.1/../../../../arm-none-eabi/lib/thumb/v7-m/nofp\libg_nano.a(libc_a-putchar.o)
                              cmake/stm32cubemx/CMakeFiles/USB_Device_Library.dir/__/__/Middlewares/ST/STM32_USB_Device_Library/Core/Src/usbd_core.c.obj (putchar)
D:/Program Files/Arm/GNU Toolchain mingw-w64-x86_64-arm-none-eabi/bin/../lib/gcc/arm-none-eabi/15.2.1/../../../../arm-none-eabi/lib/thumb/v7-m/nofp\libg_nano.a(libc_a-sprintf.o)
                              CMakeFiles/APM32F103-VirtualCOM-SixStepCommutation-ESC.dir/Core/Src/main.c.obj (sprintf)
D:/Program Files/Arm/GNU Toolchain mingw-w64-x86_64-arm-none-eabi/bin/../lib/gcc/arm-none-eabi/15.2.1/../../../../arm-none-eabi/lib/thumb/v7-m/nofp\libg_nano.a(libc_a-stdio.o)
                              D:/Program Files/Arm/GNU Toolchain mingw-w64-x86_64-arm-none-eabi/bin/../lib/gcc/arm-none-eabi/15.2.1/../../../../arm-none-eabi/lib/thumb/v7-m/nofp\libg_nano.a(libc_a-findfp.o) (__sread)
D:/Program Files/Arm/GNU Toolchain mingw-w64-x86_64-arm-none-eabi/bin/../lib/gcc/arm-none-eabi/15.2.1/../../../../arm-none-eabi/lib/thumb/v7-m/nofp\libg_nano.a(libc_a-memset.o)
                              D:/Program Files/Arm/GNU Toolchain mingw-w64-x86_64-arm-none-eabi/bin/../lib/gcc/arm-none-eabi/15.2.1/../../../../arm-none-eabi/lib/thumb/v7-m/nofp/crt0.o (memset)
D:/Program Files/Arm/GNU Toolchain mingw-w64-x86_64-arm-none-eabi/bin/../lib/gcc/arm-none-eabi/15.2.1/../../../../arm-none-eabi/lib/thumb/v7-m/nofp\libg_nano.a(libc_a-closer.o)
                              D:/Program Files/Arm/GNU Toolchain mingw-w64-x86_64-arm-none-eabi/bin/../lib/gcc/arm-none-eabi/15.2.1/../../../../arm-none-eabi/lib/thumb/v7-m/nofp\libg_nano.a(libc_a-stdio.o) (_close_r)
D:/Program Files/Arm/GNU Toolchain mingw-w64-x86_64-arm-none-eabi/bin/../lib/gcc/arm-none-eabi/15.2.1/../../../../arm-none-eabi/lib/thumb/v7-m/nofp\libg_nano.a(libc_a-reent.o)
                              D:/Program Files/Arm/GNU Toolchain mingw-w64-x86_64-arm-none-eabi/bin/../lib/gcc/arm-none-eabi/15.2.1/../../../../arm-none-eabi/lib/thumb/v7-m/nofp\libg_nano.a(libc_a-closer.o) (errno)
D:/Program Files/Arm/GNU Toolchain mingw-w64-x86_64-arm-none-eabi/bin/../lib/gcc/arm-none-eabi/15.2.1/../../../../arm-none-eabi/lib/thumb/v7-m/nofp\libg_nano.a(libc_a-impure.o)
                              D:/Program Files/Arm/GNU Toolchain mingw-w64-x86_64-arm-none-eabi/bin/../lib/gcc/arm-none-eabi/15.2.1/../../../../arm-none-eabi/lib/thumb/v7-m/nofp\libg_nano.a(libc_a-printf.o) (_impure_ptr)
D:/Program Files/Arm/GNU Toolchain mingw-w64-x86_64-arm-none-eabi/bin/../lib/gcc/arm-none-eabi/15.2.1/../../../../arm-none-eabi/lib/thumb/v7-m/nofp\libg_nano.a(libc_a-lseekr.o)
                              D:/Program Files/Arm/GNU Toolchain mingw-w64-x86_64-arm-none-eabi/bin/../lib/gcc/arm-none-eabi/15.2.1/../../../../arm-none-eabi/lib/thumb/v7-m/nofp\libg_nano.a(libc_a-stdio.o) (_lseek_r)
D:/Program Files/Arm/GNU Toolchain mingw-w64-x86_64-arm-none-eabi/bin/../lib/gcc/arm-none-eabi/15.2.1/../../../../arm-none-eabi/lib/thumb/v7-m/nofp\libg_nano.a(libc_a-readr.o)
                              D:/Program Files/Arm/GNU Toolchain mingw-w64-x86_64-arm-none-eabi/bin/../lib/gcc/arm-none-eabi/15.2.1/../../../../arm-none-eabi/lib/thumb/v7-m/nofp\libg_nano.a(libc_a-stdio.o) (_read_r)
[...]
Memory Configuration

Name             Origin             Length             Attributes
RAM              0x20000000         0x00005000         xrw
FLASH            0x08000000         0x00010000         xr
*default*        0x00000000         0xffffffff

Linker script and memory map

LOAD D:/Program Files/Arm/GNU Toolchain mingw-w64-x86_64-arm-none-eabi/bin/../lib/gcc/arm-none-eabi/15.2.1/thumb/v7-m/nofp/crti.o
LOAD D:/Program Files/Arm/GNU Toolchain mingw-w64-x86_64-arm-none-eabi/bin/../lib/gcc/arm-none-eabi/15.2.1/thumb/v7-m/nofp/crtbegin.o
LOAD D:/Program Files/Arm/GNU Toolchain mingw-w64-x86_64-arm-none-eabi/bin/../lib/gcc/arm-none-eabi/15.2.1/../../../../arm-none-eabi/lib/thumb/v7-m/nofp/crt0.o
LOAD cmake/stm32cubemx/CMakeFiles/STM32_Drivers.dir/__/__/Core/Src/system_stm32f1xx.c.obj
LOAD cmake/stm32cubemx/CMakeFiles/STM32_Drivers.dir/__/__/Drivers/STM32F1xx_HAL_Driver/Src/stm32f1xx_hal_gpio_ex.c.obj
LOAD cmake/stm32cubemx/CMakeFiles/STM32_Drivers.dir/__/__/Drivers/STM32F1xx_HAL_Driver/Src/stm32f1xx_hal_pcd.c.obj
LOAD cmake/stm32cubemx/CMakeFiles/STM32_Drivers.dir/__/__/Drivers/STM32F1xx_HAL_Driver/Src/stm32f1xx_hal_pcd_ex.c.obj
LOAD cmake/stm32cubemx/CMakeFiles/STM32_Drivers.dir/__/__/Drivers/STM32F1xx_HAL_Driver/Src/stm32f1xx_ll_usb.c.obj
LOAD cmake/stm32cubemx/CMakeFiles/STM32_Drivers.dir/__/__/Drivers/STM32F1xx_HAL_Driver/Src/stm32f1xx_hal.c.obj
LOAD cmake/stm32cubemx/CMakeFiles/STM32_Drivers.dir/__/__/Drivers/STM32F1xx_HAL_Driver/Src/stm32f1xx_hal_rcc.c.obj
LOAD cmake/stm32cubemx/CMakeFiles/STM32_Drivers.dir/__/__/Drivers/STM32F1xx_HAL_Driver/Src/stm32f1xx_hal_rcc_ex.c.obj
LOAD cmake/stm32cubemx/CMakeFiles/STM32_Drivers.dir/__/__/Drivers/STM32F1xx_HAL_Driver/Src/stm32f1xx_hal_gpio.c.obj
LOAD cmake/stm32cubemx/CMakeFiles/STM32_Drivers.dir/__/__/Drivers/STM32F1xx_HAL_Driver/Src/stm32f1xx_hal_dma.c.obj
LOAD cmake/stm32cubemx/CMakeFiles/STM32_Drivers.dir/__/__/Drivers/STM32F1xx_HAL_Driver/Src/stm32f1xx_hal_cortex.c.obj
LOAD cmake/stm32cubemx/CMakeFiles/STM32_Drivers.dir/__/__/Drivers/STM32F1xx_HAL_Driver/Src/stm32f1xx_hal_pwr.c.obj
LOAD cmake/stm32cubemx/CMakeFiles/STM32_Drivers.dir/__/__/Drivers/STM32F1xx_HAL_Driver/Src/stm32f1xx_hal_flash.c.obj
LOAD cmake/stm32cubemx/CMakeFiles/STM32_Drivers.dir/__/__/Drivers/STM32F1xx_HAL_Driver/Src/stm32f1xx_hal_flash_ex.c.obj
LOAD cmake/stm32cubemx/CMakeFiles/STM32_Drivers.dir/__/__/Drivers/STM32F1xx_HAL_Driver/Src/stm32f1xx_hal_exti.c.obj
LOAD cmake/stm32cubemx/CMakeFiles/STM32_Drivers.dir/__/__/Drivers/STM32F1xx_HAL_Driver/Src/stm32f1xx_hal_adc.c.obj
LOAD cmake/stm32cubemx/CMakeFiles/STM32_Drivers.dir/__/__/Drivers/STM32F1xx_HAL_Driver/Src/stm32f1xx_hal_adc_ex.c.obj
LOAD cmake/stm32cubemx/CMakeFiles/STM32_Drivers.dir/__/__/Drivers/STM32F1xx_HAL_Driver/Src/stm32f1xx_hal_tim.c.obj
LOAD cmake/stm32cubemx/CMakeFiles/STM32_Drivers.dir/__/__/Drivers/STM32F1xx_HAL_Driver/Src/stm32f1xx_hal_tim_ex.c.obj
LOAD cmake/stm32cubemx/CMakeFiles/USB_Device_Library.dir/__/__/Middlewares/ST/STM32_USB_Device_Library/Core/Src/usbd_core.c.obj
LOAD cmake/stm32cubemx/CMakeFiles/USB_Device_Library.dir/__/__/Middlewares/ST/STM32_USB_Device_Library/Core/Src/usbd_ctlreq.c.obj
LOAD cmake/stm32cubemx/CMakeFiles/USB_Device_Library.dir/__/__/Middlewares/ST/STM32_USB_Device_Library/Core/Src/usbd_ioreq.c.obj
LOAD cmake/stm32cubemx/CMakeFiles/USB_Device_Library.dir/__/__/Middlewares/ST/STM32_USB_Device_Library/Class/CDC/Src/usbd_cdc.c.obj
LOAD CMakeFiles/APM32F103-VirtualCOM-SixStepCommutation-ESC.dir/USB_DEVICE/Target/usbd_conf.c.obj
LOAD CMakeFiles/APM32F103-VirtualCOM-SixStepCommutation-ESC.dir/USB_DEVICE/App/usb_device.c.obj
LOAD CMakeFiles/APM32F103-VirtualCOM-SixStepCommutation-ESC.dir/USB_DEVICE/App/usbd_desc.c.obj
LOAD CMakeFiles/APM32F103-VirtualCOM-SixStepCommutation-ESC.dir/USB_DEVICE/App/usbd_cdc_if.c.obj
LOAD CMakeFiles/APM32F103-VirtualCOM-SixStepCommutation-ESC.dir/Core/Src/main.c.obj
LOAD CMakeFiles/APM32F103-VirtualCOM-SixStepCommutation-ESC.dir/Core/Src/gpio.c.obj
LOAD CMakeFiles/APM32F103-VirtualCOM-SixStepCommutation-ESC.dir/Core/Src/adc.c.obj
LOAD CMakeFiles/APM32F103-VirtualCOM-SixStepCommutation-ESC.dir/Core/Src/tim.c.obj
LOAD CMakeFiles/APM32F103-VirtualCOM-SixStepCommutation-ESC.dir/Core/Src/stm32f1xx_it.c.obj
LOAD CMakeFiles/APM32F103-VirtualCOM-SixStepCommutation-ESC.dir/Core/Src/stm32f1xx_hal_msp.c.obj
LOAD CMakeFiles/APM32F103-VirtualCOM-SixStepCommutation-ESC.dir/Core/Src/sysmem.c.obj
LOAD CMakeFiles/APM32F103-VirtualCOM-SixStepCommutation-ESC.dir/Core/Src/syscalls.c.obj
LOAD CMakeFiles/APM32F103-VirtualCOM-SixStepCommutation-ESC.dir/startup_stm32f103xb.s.obj
LOAD D:/Program Files/Arm/GNU Toolchain mingw-w64-x86_64-arm-none-eabi/bin/../lib/gcc/arm-none-eabi/15.2.1/../../../../arm-none-eabi/lib/thumb/v7-m/nofp\libm.a
START GROUP
LOAD D:/Program Files/Arm/GNU Toolchain mingw-w64-x86_64-arm-none-eabi/bin/../lib/gcc/arm-none-eabi/15.2.1/thumb/v7-m/nofp\libgcc.a
LOAD D:/Program Files/Arm/GNU Toolchain mingw-w64-x86_64-arm-none-eabi/bin/../lib/gcc/arm-none-eabi/15.2.1/../../../../arm-none-eabi/lib/thumb/v7-m/nofp\libg_nano.a
LOAD D:/Program Files/Arm/GNU Toolchain mingw-w64-x86_64-arm-none-eabi/bin/../lib/gcc/arm-none-eabi/15.2.1/../../../../arm-none-eabi/lib/thumb/v7-m/nofp\libc_nano.a
END GROUP
START GROUP
LOAD D:/Program Files/Arm/GNU Toolchain mingw-w64-x86_64-arm-none-eabi/bin/../lib/gcc/arm-none-eabi/15.2.1/thumb/v7-m/nofp\libgcc.a
LOAD D:/Program Files/Arm/GNU Toolchain mingw-w64-x86_64-arm-none-eabi/bin/../lib/gcc/arm-none-eabi/15.2.1/../../../../arm-none-eabi/lib/thumb/v7-m/nofp\libc_nano.a
END GROUP
LOAD D:/Program Files/Arm/GNU Toolchain mingw-w64-x86_64-arm-none-eabi/bin/../lib/gcc/arm-none-eabi/15.2.1/thumb/v7-m/nofp/crtend.o
LOAD D:/Program Files/Arm/GNU Toolchain mingw-w64-x86_64-arm-none-eabi/bin/../lib/gcc/arm-none-eabi/15.2.1/thumb/v7-m/nofp/crtn.o
                0x20005000                        _estack = (ORIGIN (RAM) + LENGTH (RAM))
                0x00000300                        _Min_Heap_Size = 0x300
                0x00001000                        _Min_Stack_Size = 0x1000

.isr_vector     0x08000000      0x10c
                0x08000000                        . = ALIGN (0x4)
 *(.isr_vector)
 .isr_vector    0x08000000      0x10c CMakeFiles/APM32F103-VirtualCOM-SixStepCommutation-ESC.dir/startup_stm32f103xb.s.obj
                0x08000000                g_pfnVectors
                0x0800010c                        . = ALIGN (0x4)

.text           0x0800010c     0xae6c
                0x0800010c                        . = ALIGN (0x4)
 *(.text)
 .text          0x0800010c       0x10 D:/Program Files/Arm/GNU Toolchain mingw-w64-x86_64-arm-none-eabi/bin/../lib/gcc/arm-none-eabi/15.2.1/../../../../arm-none-eabi/lib/thumb/v7-m/nofp\libg_nano.a(libc_a-strlen.o)
                0x0800010c                strlen
 *(.text*)
 .text.deregister_tm_clones
                0x0800011c       0x1c D:/Program Files/Arm/GNU Toolchain mingw-w64-x86_64-arm-none-eabi/bin/../lib/gcc/arm-none-eabi/15.2.1/thumb/v7-m/nofp/crtbegin.o
 .text.register_tm_clones
                0x08000138       0x24 D:/Program Files/Arm/GNU Toolchain mingw-w64-x86_64-arm-none-eabi/bin/../lib/gcc/arm-none-eabi/15.2.1/thumb/v7-m/nofp/crtbegin.o
 .text.__do_global_dtors_aux
                0x0800015c       0x28 D:/Program Files/Arm/GNU Toolchain mingw-w64-x86_64-arm-none-eabi/bin/../lib/gcc/arm-none-eabi/15.2.1/thumb/v7-m/nofp/crtbegin.o
 .text.frame_dummy
                0x08000184       0x24 D:/Program Files/Arm/GNU Toolchain mingw-w64-x86_64-arm-none-eabi/bin/../lib/gcc/arm-none-eabi/15.2.1/thumb/v7-m/nofp/crtbegin.o
 .text.SystemInit
                0x080001a8        0xc cmake/stm32cubemx/CMakeFiles/STM32_Drivers.dir/__/__/Core/Src/system_stm32f1xx.c.obj
                0x080001a8                SystemInit
 .text.HAL_PCD_Init
                0x080001b4      0x1ec cmake/stm32cubemx/CMakeFiles/STM32_Drivers.dir/__/__/Drivers/STM32F1xx_HAL_Driver/Src/stm32f1xx_hal_pcd.c.obj
                0x080001b4                HAL_PCD_Init
 .text.HAL_PCD_Start
                0x080003a0       0x4c cmake/stm32cubemx/CMakeFiles/STM32_Drivers.dir/__/__/Drivers/STM32F1xx_HAL_Driver/Src/stm32f1xx_hal_pcd.c.obj
                0x080003a0                HAL_PCD_Start
 .text.HAL_PCD_IRQHandler
                0x080003ec      0x260 cmake/stm32cubemx/CMakeFiles/STM32_Drivers.dir/__/__/Drivers/STM32F1xx_HAL_Driver/Src/stm32f1xx_hal_pcd.c.obj
                0x080003ec                HAL_PCD_IRQHandler
 .text.HAL_PCD_SetAddress
                0x0800064c       0x48 cmake/stm32cubemx/CMakeFiles/STM32_Drivers.dir/__/__/Drivers/STM32F1xx_HAL_Driver/Src/stm32f1xx_hal_pcd.c.obj
                0x0800064c                HAL_PCD_SetAddress
 .text.HAL_PCD_EP_Open
                0x08000694       0xba cmake/stm32cubemx/CMakeFiles/STM32_Drivers.dir/__/__/Drivers/STM32F1xx_HAL_Driver/Src/stm32f1xx_hal_pcd.c.obj
                0x08000694                HAL_PCD_EP_Open
 .text.HAL_PCD_EP_Close
                0x0800074e       0x90 cmake/stm32cubemx/CMakeFiles/STM32_Drivers.dir/__/__/Drivers/STM32F1xx_HAL_Driver/Src/stm32f1xx_hal_pcd.c.obj
                0x0800074e                HAL_PCD_EP_Close
 .text.HAL_PCD_EP_Receive
                0x080007de       0x62 cmake/stm32cubemx/CMakeFiles/STM32_Drivers.dir/__/__/Drivers/STM32F1xx_HAL_Driver/Src/stm32f1xx_hal_pcd.c.obj
                0x080007de                HAL_PCD_EP_Receive
 .text.HAL_PCD_EP_GetRxCount
                0x08000840       0x2e cmake/stm32cubemx/CMakeFiles/STM32_Drivers.dir/__/__/Drivers/STM32F1xx_HAL_Driver/Src/stm32f1xx_hal_pcd.c.obj
                0x08000840                HAL_PCD_EP_GetRxCount
 .text.HAL_PCD_EP_Transmit
                0x0800086e       0x6e cmake/stm32cubemx/CMakeFiles/STM32_Drivers.dir/__/__/Drivers/STM32F1xx_HAL_Driver/Src/stm32f1xx_hal_pcd.c.obj
                0x0800086e                HAL_PCD_EP_Transmit
 .text.HAL_PCD_EP_SetStall
                0x080008dc       0xc0 cmake/stm32cubemx/CMakeFiles/STM32_Drivers.dir/__/__/Drivers/STM32F1xx_HAL_Driver/Src/stm32f1xx_hal_pcd.c.obj
                0x080008dc                HAL_PCD_EP_SetStall
 .text.HAL_PCD_EP_ClrStall
                0x0800099c       0xa8 cmake/stm32cubemx/CMakeFiles/STM32_Drivers.dir/__/__/Drivers/STM32F1xx_HAL_Driver/Src/stm32f1xx_hal_pcd.c.obj
                0x0800099c                HAL_PCD_EP_ClrStall
 .text.PCD_EP_ISR_Handler
                0x08000a44      0x79e cmake/stm32cubemx/CMakeFiles/STM32_Drivers.dir/__/__/Drivers/STM32F1xx_HAL_Driver/Src/stm32f1xx_hal_pcd.c.obj
 .text.HAL_PCD_EP_DB_Receive
                0x080011e2      0x21a cmake/stm32cubemx/CMakeFiles/STM32_Drivers.dir/__/__/Drivers/STM32F1xx_HAL_Driver/Src/stm32f1xx_hal_pcd.c.obj
 .text.HAL_PCD_EP_DB_Transmit
                0x080013fc      0x7f4 cmake/stm32cubemx/CMakeFiles/STM32_Drivers.dir/__/__/Drivers/STM32F1xx_HAL_Driver/Src/stm32f1xx_hal_pcd.c.obj
 .text.HAL_PCDEx_PMAConfig
                0x08001bf0       0x84 cmake/stm32cubemx/CMakeFiles/STM32_Drivers.dir/__/__/Drivers/STM32F1xx_HAL_Driver/Src/stm32f1xx_hal_pcd_ex.c.obj
                0x08001bf0                HAL_PCDEx_PMAConfig
 .text.USB_CoreInit
                0x08001c74       0x1a cmake/stm32cubemx/CMakeFiles/STM32_Drivers.dir/__/__/Drivers/STM32F1xx_HAL_Driver/Src/stm32f1xx_ll_usb.c.obj
                0x08001c74                USB_CoreInit
 .text.USB_EnableGlobalInt
                0x08001c8e       0x2c cmake/stm32cubemx/CMakeFiles/STM32_Drivers.dir/__/__/Drivers/STM32F1xx_HAL_Driver/Src/stm32f1xx_ll_usb.c.obj
                0x08001c8e                USB_EnableGlobalInt
 .text.USB_DisableGlobalInt
                0x08001cba       0x34 cmake/stm32cubemx/CMakeFiles/STM32_Drivers.dir/__/__/Drivers/STM32F1xx_HAL_Driver/Src/stm32f1xx_ll_usb.c.obj
                0x08001cba                USB_DisableGlobalInt
 .text.USB_SetCurrentMode
                0x08001cee       0x18 cmake/stm32cubemx/CMakeFiles/STM32_Drivers.dir/__/__/Drivers/STM32F1xx_HAL_Driver/Src/stm32f1xx_ll_usb.c.obj
                0x08001cee                USB_SetCurrentMode
 .text.USB_DevInit
                0x08001d06       0x3a cmake/stm32cubemx/CMakeFiles/STM32_Drivers.dir/__/__/Drivers/STM32F1xx_HAL_Driver/Src/stm32f1xx_ll_usb.c.obj
                0x08001d06                USB_DevInit
 .text.USB_ActivateEndpoint
                0x08001d40      0x77e cmake/stm32cubemx/CMakeFiles/STM32_Drivers.dir/__/__/Drivers/STM32F1xx_HAL_Driver/Src/stm32f1xx_ll_usb.c.obj
                0x08001d40                USB_ActivateEndpoint
 .text.USB_DeactivateEndpoint
                0x080024be      0x3d8 cmake/stm32cubemx/CMakeFiles/STM32_Drivers.dir/__/__/Drivers/STM32F1xx_HAL_Driver/Src/stm32f1xx_ll_usb.c.obj
                0x080024be                USB_DeactivateEndpoint
 .text.USB_EPStartXfer
                0x08002896     0x1762 cmake/stm32cubemx/CMakeFiles/STM32_Drivers.dir/__/__/Drivers/STM32F1xx_HAL_Driver/Src/stm32f1xx_ll_usb.c.obj
                0x08002896                USB_EPStartXfer
 .text.USB_EPSetStall
                0x08003ff8       0xa0 cmake/stm32cubemx/CMakeFiles/STM32_Drivers.dir/__/__/Drivers/STM32F1xx_HAL_Driver/Src/stm32f1xx_ll_usb.c.obj
                0x08003ff8                USB_EPSetStall
 .text.USB_EPClearStall
                0x08004098      0x15a cmake/stm32cubemx/CMakeFiles/STM32_Drivers.dir/__/__/Drivers/STM32F1xx_HAL_Driver/Src/stm32f1xx_ll_usb.c.obj
                0x08004098                USB_EPClearStall
 .text.USB_SetDevAddress
                0x080041f2       0x26 cmake/stm32cubemx/CMakeFiles/STM32_Drivers.dir/__/__/Drivers/STM32F1xx_HAL_Driver/Src/stm32f1xx_ll_usb.c.obj
                0x080041f2                USB_SetDevAddress
 .text.USB_DevConnect
                0x08004218       0x14 cmake/stm32cubemx/CMakeFiles/STM32_Drivers.dir/__/__/Drivers/STM32F1xx_HAL_Driver/Src/stm32f1xx_ll_usb.c.obj
                0x08004218                USB_DevConnect
 .text.USB_DevDisconnect
                0x0800422c       0x14 cmake/stm32cubemx/CMakeFiles/STM32_Drivers.dir/__/__/Drivers/STM32F1xx_HAL_Driver/Src/stm32f1xx_ll_usb.c.obj
                0x0800422c                USB_DevDisconnect
 .text.USB_ReadInterrupts
                0x08004240       0x1e cmake/stm32cubemx/CMakeFiles/STM32_Drivers.dir/__/__/Drivers/STM32F1xx_HAL_Driver/Src/stm32f1xx_ll_usb.c.obj
                0x08004240                USB_ReadInterrupts
 .text.USB_EP0_OutStart
                0x0800425e       0x16 cmake/stm32cubemx/CMakeFiles/STM32_Drivers.dir/__/__/Drivers/STM32F1xx_HAL_Driver/Src/stm32f1xx_ll_usb.c.obj
                0x0800425e                USB_EP0_OutStart
 .text.USB_WritePMA
                0x08004274       0x8c cmake/stm32cubemx/CMakeFiles/STM32_Drivers.dir/__/__/Drivers/STM32F1xx_HAL_Driver/Src/stm32f1xx_ll_usb.c.obj
                0x08004274                USB_WritePMA
 .text.USB_ReadPMA
                0x08004300       0x9e cmake/stm32cubemx/CMakeFiles/STM32_Drivers.dir/__/__/Drivers/STM32F1xx_HAL_Driver/Src/stm32f1xx_ll_usb.c.obj
                0x08004300                USB_ReadPMA
 *fill*         0x0800439e        0x2 
 .text.HAL_Init
                0x080043a0       0x2c cmake/stm32cubemx/CMakeFiles/STM32_Drivers.dir/__/__/Drivers/STM32F1xx_HAL_Driver/Src/stm32f1xx_hal.c.obj
                0x080043a0                HAL_Init
 .text.HAL_InitTick
                0x080043cc       0x60 cmake/stm32cubemx/CMakeFiles/STM32_Drivers.dir/__/__/Drivers/STM32F1xx_HAL_Driver/Src/stm32f1xx_hal.c.obj
                0x080043cc                HAL_InitTick
 .text.HAL_IncTick
                0x0800442c       0x24 cmake/stm32cubemx/CMakeFiles/STM32_Drivers.dir/__/__/Drivers/STM32F1xx_HAL_Driver/Src/stm32f1xx_hal.c.obj
                0x0800442c                HAL_IncTick
 .text.HAL_GetTick
                0x08004450       0x14 cmake/stm32cubemx/CMakeFiles/STM32_Drivers.dir/__/__/Drivers/STM32F1xx_HAL_Driver/Src/stm32f1xx_hal.c.obj
                0x08004450                HAL_GetTick
 .text.HAL_Delay
                0x08004464       0x48 cmake/stm32cubemx/CMakeFiles/STM32_Drivers.dir/__/__/Drivers/STM32F1xx_HAL_Driver/Src/stm32f1xx_hal.c.obj
                0x08004464                HAL_Delay
 .text.HAL_RCC_OscConfig
                0x080044ac      0x504 cmake/stm32cubemx/CMakeFiles/STM32_Drivers.dir/__/__/Drivers/STM32F1xx_HAL_Driver/Src/stm32f1xx_hal_rcc.c.obj
                0x080044ac                HAL_RCC_OscConfig
 .text.HAL_RCC_ClockConfig
                0x080049b0      0x1d4 cmake/stm32cubemx/CMakeFiles/STM32_Drivers.dir/__/__/Drivers/STM32F1xx_HAL_Driver/Src/stm32f1xx_hal_rcc.c.obj
                0x080049b0                HAL_RCC_ClockConfig
 .text.HAL_RCC_EnableCSS
                0x08004b84       0x18 cmake/stm32cubemx/CMakeFiles/STM32_Drivers.dir/__/__/Drivers/STM32F1xx_HAL_Driver/Src/stm32f1xx_hal_rcc.c.obj
                0x08004b84                HAL_RCC_EnableCSS
 .text.HAL_RCC_GetSysClockFreq
                0x08004b9c       0xa8 cmake/stm32cubemx/CMakeFiles/STM32_Drivers.dir/__/__/Drivers/STM32F1xx_HAL_Driver/Src/stm32f1xx_hal_rcc.c.obj
                0x08004b9c                HAL_RCC_GetSysClockFreq
 .text.HAL_RCC_GetHCLKFreq
                0x08004c44       0x14 cmake/stm32cubemx/CMakeFiles/STM32_Drivers.dir/__/__/Drivers/STM32F1xx_HAL_Driver/Src/stm32f1xx_hal_rcc.c.obj
                0x08004c44                HAL_RCC_GetHCLKFreq
 .text.HAL_RCC_GetPCLK2Freq
                0x08004c58       0x28 cmake/stm32cubemx/CMakeFiles/STM32_Drivers.dir/__/__/Drivers/STM32F1xx_HAL_Driver/Src/stm32f1xx_hal_rcc.c.obj
                0x08004c58                HAL_RCC_GetPCLK2Freq
 .text.HAL_RCC_NMI_IRQHandler
                0x08004c80       0x28 cmake/stm32cubemx/CMakeFiles/STM32_Drivers.dir/__/__/Drivers/STM32F1xx_HAL_Driver/Src/stm32f1xx_hal_rcc.c.obj
                0x08004c80                HAL_RCC_NMI_IRQHandler
 .text.RCC_Delay
                0x08004ca8       0x3c cmake/stm32cubemx/CMakeFiles/STM32_Drivers.dir/__/__/Drivers/STM32F1xx_HAL_Driver/Src/stm32f1xx_hal_rcc.c.obj
 .text.HAL_RCC_CSSCallback
                0x08004ce4        0xc cmake/stm32cubemx/CMakeFiles/STM32_Drivers.dir/__/__/Drivers/STM32F1xx_HAL_Driver/Src/stm32f1xx_hal_rcc.c.obj
                0x08004ce4                HAL_RCC_CSSCallback
 .text.HAL_RCCEx_PeriphCLKConfig
                0x08004cf0      0x16c cmake/stm32cubemx/CMakeFiles/STM32_Drivers.dir/__/__/Drivers/STM32F1xx_HAL_Driver/Src/stm32f1xx_hal_rcc_ex.c.obj
                0x08004cf0                HAL_RCCEx_PeriphCLKConfig
 .text.HAL_RCCEx_GetPeriphCLKFreq
                0x08004e5c      0x16c cmake/stm32cubemx/CMakeFiles/STM32_Drivers.dir/__/__/Drivers/STM32F1xx_HAL_Driver/Src/stm32f1xx_hal_rcc_ex.c.obj
                0x08004e5c                HAL_RCCEx_GetPeriphCLKFreq
 .text.HAL_GPIO_Init
                0x08004fc8      0x2dc cmake/stm32cubemx/CMakeFiles/STM32_Drivers.dir/__/__/Drivers/STM32F1xx_HAL_Driver/Src/stm32f1xx_hal_gpio.c.obj
                0x08004fc8                HAL_GPIO_Init
 .text.__NVIC_SetPriorityGrouping
                0x080052a4       0x48 cmake/stm32cubemx/CMakeFiles/STM32_Drivers.dir/__/__/Drivers/STM32F1xx_HAL_Driver/Src/stm32f1xx_hal_cortex.c.obj
 .text.__NVIC_GetPriorityGrouping
                0x080052ec       0x1c cmake/stm32cubemx/CMakeFiles/STM32_Drivers.dir/__/__/Drivers/STM32F1xx_HAL_Driver/Src/stm32f1xx_hal_cortex.c.obj
 .text.__NVIC_EnableIRQ
                0x08005308       0x38 cmake/stm32cubemx/CMakeFiles/STM32_Drivers.dir/__/__/Drivers/STM32F1xx_HAL_Driver/Src/stm32f1xx_hal_cortex.c.obj
 .text.__NVIC_SetPriority
                0x08005340       0x54 cmake/stm32cubemx/CMakeFiles/STM32_Drivers.dir/__/__/Drivers/STM32F1xx_HAL_Driver/Src/stm32f1xx_hal_cortex.c.obj
 .text.NVIC_EncodePriority
                0x08005394       0x6e cmake/stm32cubemx/CMakeFiles/STM32_Drivers.dir/__/__/Drivers/STM32F1xx_HAL_Driver/Src/stm32f1xx_hal_cortex.c.obj
 *fill*         0x08005402        0x2 
 .text.SysTick_Config
                0x08005404       0x44 cmake/stm32cubemx/CMakeFiles/STM32_Drivers.dir/__/__/Drivers/STM32F1xx_HAL_Driver/Src/stm32f1xx_hal_cortex.c.obj
 .text.HAL_NVIC_SetPriorityGrouping
                0x08005448       0x16 cmake/stm32cubemx/CMakeFiles/STM32_Drivers.dir/__/__/Drivers/STM32F1xx_HAL_Driver/Src/stm32f1xx_hal_cortex.c.obj
                0x08005448                HAL_NVIC_SetPriorityGrouping
 .text.HAL_NVIC_SetPriority
                0x0800545e       0x38 cmake/stm32cubemx/CMakeFiles/STM32_Drivers.dir/__/__/Drivers/STM32F1xx_HAL_Driver/Src/stm32f1xx_hal_cortex.c.obj
                0x0800545e                HAL_NVIC_SetPriority
 .text.HAL_NVIC_EnableIRQ
                0x08005496       0x1c cmake/stm32cubemx/CMakeFiles/STM32_Drivers.dir/__/__/Drivers/STM32F1xx_HAL_Driver/Src/stm32f1xx_hal_cortex.c.obj
                0x08005496                HAL_NVIC_EnableIRQ
 .text.HAL_SYSTICK_Config
                0x080054b2       0x18 cmake/stm32cubemx/CMakeFiles/STM32_Drivers.dir/__/__/Drivers/STM32F1xx_HAL_Driver/Src/stm32f1xx_hal_cortex.c.obj
                0x080054b2                HAL_SYSTICK_Config
 *fill*         0x080054ca        0x2 
 .text.HAL_ADC_Init
                0x080054cc      0x1b0 cmake/stm32cubemx/CMakeFiles/STM32_Drivers.dir/__/__/Drivers/STM32F1xx_HAL_Driver/Src/stm32f1xx_hal_adc.c.obj
                0x080054cc                HAL_ADC_Init
 .text.HAL_ADC_IRQHandler
                0x0800567c      0x17e cmake/stm32cubemx/CMakeFiles/STM32_Drivers.dir/__/__/Drivers/STM32F1xx_HAL_Driver/Src/stm32f1xx_hal_adc.c.obj
                0x0800567c                HAL_ADC_IRQHandler
 .text.HAL_ADC_ConvCpltCallback
                0x080057fa       0x12 cmake/stm32cubemx/CMakeFiles/STM32_Drivers.dir/__/__/Drivers/STM32F1xx_HAL_Driver/Src/stm32f1xx_hal_adc.c.obj
                0x080057fa                HAL_ADC_ConvCpltCallback
 .text.HAL_ADC_LevelOutOfWindowCallback
                0x0800580c       0x12 cmake/stm32cubemx/CMakeFiles/STM32_Drivers.dir/__/__/Drivers/STM32F1xx_HAL_Driver/Src/stm32f1xx_hal_adc.c.obj
                0x0800580c                HAL_ADC_LevelOutOfWindowCallback
 *fill*         0x0800581e        0x2 
 .text.ADC_Enable
                0x08005820       0xb4 cmake/stm32cubemx/CMakeFiles/STM32_Drivers.dir/__/__/Drivers/STM32F1xx_HAL_Driver/Src/stm32f1xx_hal_adc.c.obj
                0x08005820                ADC_Enable
 .text.ADC_ConversionStop_Disable
                0x080058d4       0x82 cmake/stm32cubemx/CMakeFiles/STM32_Drivers.dir/__/__/Drivers/STM32F1xx_HAL_Driver/Src/stm32f1xx_hal_adc.c.obj
                0x080058d4                ADC_ConversionStop_Disable
 *fill*         0x08005956        0x2 
 .text.HAL_ADCEx_Calibration_Start
                0x08005958      0x15c cmake/stm32cubemx/CMakeFiles/STM32_Drivers.dir/__/__/Drivers/STM32F1xx_HAL_Driver/Src/stm32f1xx_hal_adc_ex.c.obj
                0x08005958                HAL_ADCEx_Calibration_Start
 .text.HAL_ADCEx_InjectedStart_IT
                0x08005ab4      0x11c cmake/stm32cubemx/CMakeFiles/STM32_Drivers.dir/__/__/Drivers/STM32F1xx_HAL_Driver/Src/stm32f1xx_hal_adc_ex.c.obj
                0x08005ab4                HAL_ADCEx_InjectedStart_IT
 .text.HAL_ADCEx_InjectedGetValue
                0x08005bd0       0x5c cmake/stm32cubemx/CMakeFiles/STM32_Drivers.dir/__/__/Drivers/STM32F1xx_HAL_Driver/Src/stm32f1xx_hal_adc_ex.c.obj
                0x08005bd0                HAL_ADCEx_InjectedGetValue
 .text.HAL_ADCEx_InjectedConfigChannel
                0x08005c2c      0x338 cmake/stm32cubemx/CMakeFiles/STM32_Drivers.dir/__/__/Drivers/STM32F1xx_HAL_Driver/Src/stm32f1xx_hal_adc_ex.c.obj
                0x08005c2c                HAL_ADCEx_InjectedConfigChannel
 .text.HAL_TIM_PWM_Init
                0x08005f64       0x9e cmake/stm32cubemx/CMakeFiles/STM32_Drivers.dir/__/__/Drivers/STM32F1xx_HAL_Driver/Src/stm32f1xx_hal_tim.c.obj
                0x08005f64                HAL_TIM_PWM_Init
 *fill*         0x08006002        0x2 
 .text.HAL_TIM_PWM_Start
                0x08006004      0x144 cmake/stm32cubemx/CMakeFiles/STM32_Drivers.dir/__/__/Drivers/STM32F1xx_HAL_Driver/Src/stm32f1xx_hal_tim.c.obj
                0x08006004                HAL_TIM_PWM_Start
 .text.HAL_TIM_IRQHandler
                0x08006148      0x1e0 cmake/stm32cubemx/CMakeFiles/STM32_Drivers.dir/__/__/Drivers/STM32F1xx_HAL_Driver/Src/stm32f1xx_hal_tim.c.obj
                0x08006148                HAL_TIM_IRQHandler
 .text.HAL_TIM_PWM_ConfigChannel
                0x08006328      0x16c cmake/stm32cubemx/CMakeFiles/STM32_Drivers.dir/__/__/Drivers/STM32F1xx_HAL_Driver/Src/stm32f1xx_hal_tim.c.obj
                0x08006328                HAL_TIM_PWM_ConfigChannel
 .text.HAL_TIM_GenerateEvent
                0x08006494       0x4c cmake/stm32cubemx/CMakeFiles/STM32_Drivers.dir/__/__/Drivers/STM32F1xx_HAL_Driver/Src/stm32f1xx_hal_tim.c.obj
                0x08006494                HAL_TIM_GenerateEvent
 .text.HAL_TIM_PeriodElapsedCallback
                0x080064e0       0x12 cmake/stm32cubemx/CMakeFiles/STM32_Drivers.dir/__/__/Drivers/STM32F1xx_HAL_Driver/Src/stm32f1xx_hal_tim.c.obj
                0x080064e0                HAL_TIM_PeriodElapsedCallback
 .text.HAL_TIM_OC_DelayElapsedCallback
                0x080064f2       0x12 cmake/stm32cubemx/CMakeFiles/STM32_Drivers.dir/__/__/Drivers/STM32F1xx_HAL_Driver/Src/stm32f1xx_hal_tim.c.obj
                0x080064f2                HAL_TIM_OC_DelayElapsedCallback
 .text.HAL_TIM_IC_CaptureCallback
                0x08006504       0x12 cmake/stm32cubemx/CMakeFiles/STM32_Drivers.dir/__/__/Drivers/STM32F1xx_HAL_Driver/Src/stm32f1xx_hal_tim.c.obj
                0x08006504                HAL_TIM_IC_CaptureCallback
 .text.HAL_TIM_PWM_PulseFinishedCallback
                0x08006516       0x12 cmake/stm32cubemx/CMakeFiles/STM32_Drivers.dir/__/__/Drivers/STM32F1xx_HAL_Driver/Src/stm32f1xx_hal_tim.c.obj
                0x08006516                HAL_TIM_PWM_PulseFinishedCallback
 .text.HAL_TIM_TriggerCallback
                0x08006528       0x12 cmake/stm32cubemx/CMakeFiles/STM32_Drivers.dir/__/__/Drivers/STM32F1xx_HAL_Driver/Src/stm32f1xx_hal_tim.c.obj
                0x08006528                HAL_TIM_TriggerCallback
 *fill*         0x0800653a        0x2 
 .text.TIM_Base_SetConfig
                0x0800653c       0xdc cmake/stm32cubemx/CMakeFiles/STM32_Drivers.dir/__/__/Drivers/STM32F1xx_HAL_Driver/Src/stm32f1xx_hal_tim.c.obj
                0x0800653c                TIM_Base_SetConfig
 .text.TIM_OC1_SetConfig
                0x08006618       0xcc cmake/stm32cubemx/CMakeFiles/STM32_Drivers.dir/__/__/Drivers/STM32F1xx_HAL_Driver/Src/stm32f1xx_hal_tim.c.obj
 .text.TIM_OC2_SetConfig
                0x080066e4       0xd4 cmake/stm32cubemx/CMakeFiles/STM32_Drivers.dir/__/__/Drivers/STM32F1xx_HAL_Driver/Src/stm32f1xx_hal_tim.c.obj
                0x080066e4                TIM_OC2_SetConfig
 .text.TIM_OC3_SetConfig
                0x080067b8       0xd4 cmake/stm32cubemx/CMakeFiles/STM32_Drivers.dir/__/__/Drivers/STM32F1xx_HAL_Driver/Src/stm32f1xx_hal_tim.c.obj
 .text.TIM_OC4_SetConfig
                0x0800688c       0x9c cmake/stm32cubemx/CMakeFiles/STM32_Drivers.dir/__/__/Drivers/STM32F1xx_HAL_Driver/Src/stm32f1xx_hal_tim.c.obj
 .text.TIM_CCxChannelCmd
                0x08006928       0x48 cmake/stm32cubemx/CMakeFiles/STM32_Drivers.dir/__/__/Drivers/STM32F1xx_HAL_Driver/Src/stm32f1xx_hal_tim.c.obj
                0x08006928                TIM_CCxChannelCmd
 .text.HAL_TIMEx_PWMN_Start
                0x08006970      0x13c cmake/stm32cubemx/CMakeFiles/STM32_Drivers.dir/__/__/Drivers/STM32F1xx_HAL_Driver/Src/stm32f1xx_hal_tim_ex.c.obj
                0x08006970                HAL_TIMEx_PWMN_Start
 .text.HAL_TIMEx_MasterConfigSynchronization
                0x08006aac       0xbc cmake/stm32cubemx/CMakeFiles/STM32_Drivers.dir/__/__/Drivers/STM32F1xx_HAL_Driver/Src/stm32f1xx_hal_tim_ex.c.obj
                0x08006aac                HAL_TIMEx_MasterConfigSynchronization
 .text.HAL_TIMEx_ConfigBreakDeadTime
                0x08006b68       0xa2 cmake/stm32cubemx/CMakeFiles/STM32_Drivers.dir/__/__/Drivers/STM32F1xx_HAL_Driver/Src/stm32f1xx_hal_tim_ex.c.obj
                0x08006b68                HAL_TIMEx_ConfigBreakDeadTime
 .text.HAL_TIMEx_CommutCallback
                0x08006c0a       0x12 cmake/stm32cubemx/CMakeFiles/STM32_Drivers.dir/__/__/Drivers/STM32F1xx_HAL_Driver/Src/stm32f1xx_hal_tim_ex.c.obj
                0x08006c0a                HAL_TIMEx_CommutCallback
 .text.HAL_TIMEx_BreakCallback
                0x08006c1c       0x12 cmake/stm32cubemx/CMakeFiles/STM32_Drivers.dir/__/__/Drivers/STM32F1xx_HAL_Driver/Src/stm32f1xx_hal_tim_ex.c.obj
                0x08006c1c                HAL_TIMEx_BreakCallback
 .text.TIM_CCxNChannelCmd
                0x08006c2e       0x48 cmake/stm32cubemx/CMakeFiles/STM32_Drivers.dir/__/__/Drivers/STM32F1xx_HAL_Driver/Src/stm32f1xx_hal_tim_ex.c.obj
 *fill*         0x08006c76        0x2 
 .text.USBD_Init
                0x08006c78       0x70 cmake/stm32cubemx/CMakeFiles/USB_Device_Library.dir/__/__/Middlewares/ST/STM32_USB_Device_Library/Core/Src/usbd_core.c.obj
                0x08006c78                USBD_Init
 .text.USBD_RegisterClass
                0x08006ce8       0x4c cmake/stm32cubemx/CMakeFiles/USB_Device_Library.dir/__/__/Middlewares/ST/STM32_USB_Device_Library/Core/Src/usbd_core.c.obj
                0x08006ce8                USBD_RegisterClass
 .text.USBD_Start
                0x08006d34       0x18 cmake/stm32cubemx/CMakeFiles/USB_Device_Library.dir/__/__/Middlewares/ST/STM32_USB_Device_Library/Core/Src/usbd_core.c.obj
                0x08006d34                USBD_Start
 .text.USBD_RunTestMode
                0x08006d4c       0x14 cmake/stm32cubemx/CMakeFiles/USB_Device_Library.dir/__/__/Middlewares/ST/STM32_USB_Device_Library/Core/Src/usbd_core.c.obj
                0x08006d4c                USBD_RunTestMode
 .text.USBD_SetClassConfig
                0x08006d60       0x3e cmake/stm32cubemx/CMakeFiles/USB_Device_Library.dir/__/__/Middlewares/ST/STM32_USB_Device_Library/Core/Src/usbd_core.c.obj
                0x08006d60                USBD_SetClassConfig
 .text.USBD_ClrClassConfig
                0x08006d9e       0x26 cmake/stm32cubemx/CMakeFiles/USB_Device_Library.dir/__/__/Middlewares/ST/STM32_USB_Device_Library/Core/Src/usbd_core.c.obj
                0x08006d9e                USBD_ClrClassConfig
 .text.USBD_LL_SetupStage
                0x08006dc4       0x9a cmake/stm32cubemx/CMakeFiles/USB_Device_Library.dir/__/__/Middlewares/ST/STM32_USB_Device_Library/Core/Src/usbd_core.c.obj
                0x08006dc4                USBD_LL_SetupStage
 .text.USBD_LL_DataOutStage
                0x08006e5e       0xe2 cmake/stm32cubemx/CMakeFiles/USB_Device_Library.dir/__/__/Middlewares/ST/STM32_USB_Device_Library/Core/Src/usbd_core.c.obj
                0x08006e5e                USBD_LL_DataOutStage
 .text.USBD_LL_DataInStage
                0x08006f40      0x14a cmake/stm32cubemx/CMakeFiles/USB_Device_Library.dir/__/__/Middlewares/ST/STM32_USB_Device_Library/Core/Src/usbd_core.c.obj
                0x08006f40                USBD_LL_DataInStage
 .text.USBD_LL_Reset
                0x0800708a       0x82 cmake/stm32cubemx/CMakeFiles/USB_Device_Library.dir/__/__/Middlewares/ST/STM32_USB_Device_Library/Core/Src/usbd_core.c.obj
                0x0800708a                USBD_LL_Reset
 .text.USBD_LL_SetSpeed
                0x0800710c       0x1e cmake/stm32cubemx/CMakeFiles/USB_Device_Library.dir/__/__/Middlewares/ST/STM32_USB_Device_Library/Core/Src/usbd_core.c.obj
                0x0800710c                USBD_LL_SetSpeed
 .text.USBD_LL_Suspend
                0x0800712a       0x28 cmake/stm32cubemx/CMakeFiles/USB_Device_Library.dir/__/__/Middlewares/ST/STM32_USB_Device_Library/Core/Src/usbd_core.c.obj
                0x0800712a                USBD_LL_Suspend
 .text.USBD_LL_Resume
                0x08007152       0x2a cmake/stm32cubemx/CMakeFiles/USB_Device_Library.dir/__/__/Middlewares/ST/STM32_USB_Device_Library/Core/Src/usbd_core.c.obj
                0x08007152                USBD_LL_Resume
 .text.USBD_LL_SOF
                0x0800717c       0x34 cmake/stm32cubemx/CMakeFiles/USB_Device_Library.dir/__/__/Middlewares/ST/STM32_USB_Device_Library/Core/Src/usbd_core.c.obj
                0x0800717c                USBD_LL_SOF
 .text.USBD_StdDevReq
                0x080071b0       0xd2 cmake/stm32cubemx/CMakeFiles/USB_Device_Library.dir/__/__/Middlewares/ST/STM32_USB_Device_Library/Core/Src/usbd_ctlreq.c.obj
                0x080071b0                USBD_StdDevReq
 .text.USBD_StdItfReq
                0x08007282       0x90 cmake/stm32cubemx/CMakeFiles/USB_Device_Library.dir/__/__/Middlewares/ST/STM32_USB_Device_Library/Core/Src/usbd_ctlreq.c.obj
                0x08007282                USBD_StdItfReq
 .text.USBD_StdEPReq
                0x08007312      0x2ca cmake/stm32cubemx/CMakeFiles/USB_Device_Library.dir/__/__/Middlewares/ST/STM32_USB_Device_Library/Core/Src/usbd_ctlreq.c.obj
                0x08007312                USBD_StdEPReq
 .text.USBD_GetDescriptor
                0x080075dc      0x2de cmake/stm32cubemx/CMakeFiles/USB_Device_Library.dir/__/__/Middlewares/ST/STM32_USB_Device_Library/Core/Src/usbd_ctlreq.c.obj
 .text.USBD_SetAddress
                0x080078ba       0x86 cmake/stm32cubemx/CMakeFiles/USB_Device_Library.dir/__/__/Middlewares/ST/STM32_USB_Device_Library/Core/Src/usbd_ctlreq.c.obj
 .text.USBD_SetConfig
                0x08007940      0x11c cmake/stm32cubemx/CMakeFiles/USB_Device_Library.dir/__/__/Middlewares/ST/STM32_USB_Device_Library/Core/Src/usbd_ctlreq.c.obj
 .text.USBD_GetConfig
                0x08007a5c       0x6a cmake/stm32cubemx/CMakeFiles/USB_Device_Library.dir/__/__/Middlewares/ST/STM32_USB_Device_Library/Core/Src/usbd_ctlreq.c.obj
 .text.USBD_GetStatus
                0x08007ac6       0x66 cmake/stm32cubemx/CMakeFiles/USB_Device_Library.dir/__/__/Middlewares/ST/STM32_USB_Device_Library/Core/Src/usbd_ctlreq.c.obj
 .text.USBD_SetFeature
                0x08007b2c       0x28 cmake/stm32cubemx/CMakeFiles/USB_Device_Library.dir/__/__/Middlewares/ST/STM32_USB_Device_Library/Core/Src/usbd_ctlreq.c.obj
 .text.USBD_ClrFeature
                0x08007b54       0x42 cmake/stm32cubemx/CMakeFiles/USB_Device_Library.dir/__/__/Middlewares/ST/STM32_USB_Device_Library/Core/Src/usbd_ctlreq.c.obj
 .text.USBD_ParseSetupRequest
                0x08007b96       0x72 cmake/stm32cubemx/CMakeFiles/USB_Device_Library.dir/__/__/Middlewares/ST/STM32_USB_Device_Library/Core/Src/usbd_ctlreq.c.obj
                0x08007b96                USBD_ParseSetupRequest
 .text.USBD_CtlError
                0x08007c08       0x22 cmake/stm32cubemx/CMakeFiles/USB_Device_Library.dir/__/__/Middlewares/ST/STM32_USB_Device_Library/Core/Src/usbd_ctlreq.c.obj
                0x08007c08                USBD_CtlError
 .text.USBD_GetString
                0x08007c2a       0x84 cmake/stm32cubemx/CMakeFiles/USB_Device_Library.dir/__/__/Middlewares/ST/STM32_USB_Device_Library/Core/Src/usbd_ctlreq.c.obj
                0x08007c2a                USBD_GetString
 .text.USBD_GetLen
                0x08007cae       0x2e cmake/stm32cubemx/CMakeFiles/USB_Device_Library.dir/__/__/Middlewares/ST/STM32_USB_Device_Library/Core/Src/usbd_ctlreq.c.obj
 .text.USBD_CtlSendData
                0x08007cdc       0x38 cmake/stm32cubemx/CMakeFiles/USB_Device_Library.dir/__/__/Middlewares/ST/STM32_USB_Device_Library/Core/Src/usbd_ioreq.c.obj
                0x08007cdc                USBD_CtlSendData
 .text.USBD_CtlContinueSendData
                0x08007d14       0x24 cmake/stm32cubemx/CMakeFiles/USB_Device_Library.dir/__/__/Middlewares/ST/STM32_USB_Device_Library/Core/Src/usbd_ioreq.c.obj
                0x08007d14                USBD_CtlContinueSendData
 .text.USBD_CtlPrepareRx
                0x08007d38       0x3c cmake/stm32cubemx/CMakeFiles/USB_Device_Library.dir/__/__/Middlewares/ST/STM32_USB_Device_Library/Core/Src/usbd_ioreq.c.obj
                0x08007d38                USBD_CtlPrepareRx
 .text.USBD_CtlContinueRx
                0x08007d74       0x24 cmake/stm32cubemx/CMakeFiles/USB_Device_Library.dir/__/__/Middlewares/ST/STM32_USB_Device_Library/Core/Src/usbd_ioreq.c.obj
                0x08007d74                USBD_CtlContinueRx
 .text.USBD_CtlSendStatus
                0x08007d98       0x26 cmake/stm32cubemx/CMakeFiles/USB_Device_Library.dir/__/__/Middlewares/ST/STM32_USB_Device_Library/Core/Src/usbd_ioreq.c.obj
                0x08007d98                USBD_CtlSendStatus
 .text.USBD_CtlReceiveStatus
                0x08007dbe       0x26 cmake/stm32cubemx/CMakeFiles/USB_Device_Library.dir/__/__/Middlewares/ST/STM32_USB_Device_Library/Core/Src/usbd_ioreq.c.obj
                0x08007dbe                USBD_CtlReceiveStatus
 .text.USBD_CDC_Init
                0x08007de4       0xf4 cmake/stm32cubemx/CMakeFiles/USB_Device_Library.dir/__/__/Middlewares/ST/STM32_USB_Device_Library/Class/CDC/Src/usbd_cdc.c.obj
 .text.USBD_CDC_DeInit
                0x08007ed8       0x6e cmake/stm32cubemx/CMakeFiles/USB_Device_Library.dir/__/__/Middlewares/ST/STM32_USB_Device_Library/Class/CDC/Src/usbd_cdc.c.obj
 .text.USBD_CDC_Setup
                0x08007f46      0x146 cmake/stm32cubemx/CMakeFiles/USB_Device_Library.dir/__/__/Middlewares/ST/STM32_USB_Device_Library/Class/CDC/Src/usbd_cdc.c.obj
 .text.USBD_CDC_DataIn
                0x0800808c       0xa6 cmake/stm32cubemx/CMakeFiles/USB_Device_Library.dir/__/__/Middlewares/ST/STM32_USB_Device_Library/Class/CDC/Src/usbd_cdc.c.obj
 .text.USBD_CDC_DataOut
                0x08008132       0x56 cmake/stm32cubemx/CMakeFiles/USB_Device_Library.dir/__/__/Middlewares/ST/STM32_USB_Device_Library/Class/CDC/Src/usbd_cdc.c.obj
 .text.USBD_CDC_EP0_RxReady
                0x08008188       0x4e cmake/stm32cubemx/CMakeFiles/USB_Device_Library.dir/__/__/Middlewares/ST/STM32_USB_Device_Library/Class/CDC/Src/usbd_cdc.c.obj
 *fill*         0x080081d6        0x2 
 .text.USBD_CDC_GetFSCfgDesc
                0x080081d8       0x20 cmake/stm32cubemx/CMakeFiles/USB_Device_Library.dir/__/__/Middlewares/ST/STM32_USB_Device_Library/Class/CDC/Src/usbd_cdc.c.obj
 .text.USBD_CDC_GetHSCfgDesc
                0x080081f8       0x20 cmake/stm32cubemx/CMakeFiles/USB_Device_Library.dir/__/__/Middlewares/ST/STM32_USB_Device_Library/Class/CDC/Src/usbd_cdc.c.obj
 .text.USBD_CDC_GetOtherSpeedCfgDesc
                0x08008218       0x20 cmake/stm32cubemx/CMakeFiles/USB_Device_Library.dir/__/__/Middlewares/ST/STM32_USB_Device_Library/Class/CDC/Src/usbd_cdc.c.obj
 .text.USBD_CDC_GetDeviceQualifierDescriptor
                0x08008238       0x20 cmake/stm32cubemx/CMakeFiles/USB_Device_Library.dir/__/__/Middlewares/ST/STM32_USB_Device_Library/Class/CDC/Src/usbd_cdc.c.obj
                0x08008238                USBD_CDC_GetDeviceQualifierDescriptor
 .text.USBD_CDC_RegisterInterface
                0x08008258       0x2c cmake/stm32cubemx/CMakeFiles/USB_Device_Library.dir/__/__/Middlewares/ST/STM32_USB_Device_Library/Class/CDC/Src/usbd_cdc.c.obj
                0x08008258                USBD_CDC_RegisterInterface
 .text.USBD_CDC_SetTxBuffer
                0x08008284       0x32 cmake/stm32cubemx/CMakeFiles/USB_Device_Library.dir/__/__/Middlewares/ST/STM32_USB_Device_Library/Class/CDC/Src/usbd_cdc.c.obj
                0x08008284                USBD_CDC_SetTxBuffer
 .text.USBD_CDC_SetRxBuffer
                0x080082b6       0x26 cmake/stm32cubemx/CMakeFiles/USB_Device_Library.dir/__/__/Middlewares/ST/STM32_USB_Device_Library/Class/CDC/Src/usbd_cdc.c.obj
                0x080082b6                USBD_CDC_SetRxBuffer
 .text.USBD_CDC_TransmitPacket
                0x080082dc       0x5e cmake/stm32cubemx/CMakeFiles/USB_Device_Library.dir/__/__/Middlewares/ST/STM32_USB_Device_Library/Class/CDC/Src/usbd_cdc.c.obj
                0x080082dc                USBD_CDC_TransmitPacket
 .text.USBD_CDC_ReceivePacket
                0x0800833a       0x54 cmake/stm32cubemx/CMakeFiles/USB_Device_Library.dir/__/__/Middlewares/ST/STM32_USB_Device_Library/Class/CDC/Src/usbd_cdc.c.obj
                0x0800833a                USBD_CDC_ReceivePacket
 *fill*         0x0800838e        0x2 
 .text.HAL_PCD_MspInit
                0x08008390       0x4c CMakeFiles/APM32F103-VirtualCOM-SixStepCommutation-ESC.dir/USB_DEVICE/Target/usbd_conf.c.obj
                0x08008390                HAL_PCD_MspInit
 .text.HAL_PCD_SetupStageCallback
                0x080083dc       0x24 CMakeFiles/APM32F103-VirtualCOM-SixStepCommutation-ESC.dir/USB_DEVICE/Target/usbd_conf.c.obj
                0x080083dc                HAL_PCD_SetupStageCallback
 .text.HAL_PCD_DataOutStageCallback
                0x08008400       0x36 CMakeFiles/APM32F103-VirtualCOM-SixStepCommutation-ESC.dir/USB_DEVICE/Target/usbd_conf.c.obj
                0x08008400                HAL_PCD_DataOutStageCallback
 .text.HAL_PCD_DataInStageCallback
                0x08008436       0x34 CMakeFiles/APM32F103-VirtualCOM-SixStepCommutation-ESC.dir/USB_DEVICE/Target/usbd_conf.c.obj
                0x08008436                HAL_PCD_DataInStageCallback
 .text.HAL_PCD_SOFCallback
                0x0800846a       0x1c CMakeFiles/APM32F103-VirtualCOM-SixStepCommutation-ESC.dir/USB_DEVICE/Target/usbd_conf.c.obj
                0x0800846a                HAL_PCD_SOFCallback
 .text.HAL_PCD_ResetCallback
                0x08008486       0x3c CMakeFiles/APM32F103-VirtualCOM-SixStepCommutation-ESC.dir/USB_DEVICE/Target/usbd_conf.c.obj
                0x08008486                HAL_PCD_ResetCallback
 *fill*         0x080084c2        0x2 
 .text.HAL_PCD_SuspendCallback
                0x080084c4       0x34 CMakeFiles/APM32F103-VirtualCOM-SixStepCommutation-ESC.dir/USB_DEVICE/Target/usbd_conf.c.obj
                0x080084c4                HAL_PCD_SuspendCallback
 .text.HAL_PCD_ResumeCallback
                0x080084f8       0x1c CMakeFiles/APM32F103-VirtualCOM-SixStepCommutation-ESC.dir/USB_DEVICE/Target/usbd_conf.c.obj
                0x080084f8                HAL_PCD_ResumeCallback
 .text.USBD_LL_Init
                0x08008514       0xb4 CMakeFiles/APM32F103-VirtualCOM-SixStepCommutation-ESC.dir/USB_DEVICE/Target/usbd_conf.c.obj
                0x08008514                USBD_LL_Init
 .text.USBD_LL_Start
                0x080085c8       0x36 CMakeFiles/APM32F103-VirtualCOM-SixStepCommutation-ESC.dir/USB_DEVICE/Target/usbd_conf.c.obj
                0x080085c8                USBD_LL_Start
 .text.USBD_LL_OpenEP
                0x080085fe       0x4c CMakeFiles/APM32F103-VirtualCOM-SixStepCommutation-ESC.dir/USB_DEVICE/Target/usbd_conf.c.obj
                0x080085fe                USBD_LL_OpenEP
 .text.USBD_LL_CloseEP
                0x0800864a       0x3e CMakeFiles/APM32F103-VirtualCOM-SixStepCommutation-ESC.dir/USB_DEVICE/Target/usbd_conf.c.obj
                0x0800864a                USBD_LL_CloseEP
 .text.USBD_LL_StallEP
                0x08008688       0x3e CMakeFiles/APM32F103-VirtualCOM-SixStepCommutation-ESC.dir/USB_DEVICE/Target/usbd_conf.c.obj
                0x08008688                USBD_LL_StallEP
 .text.USBD_LL_ClearStallEP
                0x080086c6       0x3e CMakeFiles/APM32F103-VirtualCOM-SixStepCommutation-ESC.dir/USB_DEVICE/Target/usbd_conf.c.obj
                0x080086c6                USBD_LL_ClearStallEP
 .text.USBD_LL_IsStallEP
                0x08008704       0x56 CMakeFiles/APM32F103-VirtualCOM-SixStepCommutation-ESC.dir/USB_DEVICE/Target/usbd_conf.c.obj
                0x08008704                USBD_LL_IsStallEP
 .text.USBD_LL_SetUSBAddress
                0x0800875a       0x3e CMakeFiles/APM32F103-VirtualCOM-SixStepCommutation-ESC.dir/USB_DEVICE/Target/usbd_conf.c.obj
                0x0800875a                USBD_LL_SetUSBAddress
 .text.USBD_LL_Transmit
                0x08008798       0x46 CMakeFiles/APM32F103-VirtualCOM-SixStepCommutation-ESC.dir/USB_DEVICE/Target/usbd_conf.c.obj
                0x08008798                USBD_LL_Transmit
 .text.USBD_LL_PrepareReceive
                0x080087de       0x46 CMakeFiles/APM32F103-VirtualCOM-SixStepCommutation-ESC.dir/USB_DEVICE/Target/usbd_conf.c.obj
                0x080087de                USBD_LL_PrepareReceive
 .text.USBD_LL_GetRxDataSize
                0x08008824       0x26 CMakeFiles/APM32F103-VirtualCOM-SixStepCommutation-ESC.dir/USB_DEVICE/Target/usbd_conf.c.obj
                0x08008824                USBD_LL_GetRxDataSize
 *fill*         0x0800884a        0x2 
 .text.USBD_static_malloc
                0x0800884c       0x18 CMakeFiles/APM32F103-VirtualCOM-SixStepCommutation-ESC.dir/USB_DEVICE/Target/usbd_conf.c.obj
                0x0800884c                USBD_static_malloc
 .text.USBD_static_free
                0x08008864       0x12 CMakeFiles/APM32F103-VirtualCOM-SixStepCommutation-ESC.dir/USB_DEVICE/Target/usbd_conf.c.obj
                0x08008864                USBD_static_free
 .text.HAL_PCDEx_SetConnectionState
                0x08008876       0x16 CMakeFiles/APM32F103-VirtualCOM-SixStepCommutation-ESC.dir/USB_DEVICE/Target/usbd_conf.c.obj
                0x08008876                HAL_PCDEx_SetConnectionState
 .text.USBD_Get_USB_Status
                0x0800888c       0x54 CMakeFiles/APM32F103-VirtualCOM-SixStepCommutation-ESC.dir/USB_DEVICE/Target/usbd_conf.c.obj
 .text.MX_USB_DEVICE_Init
                0x080088e0       0x60 CMakeFiles/APM32F103-VirtualCOM-SixStepCommutation-ESC.dir/USB_DEVICE/App/usb_device.c.obj
                0x080088e0                MX_USB_DEVICE_Init
 .text.USBD_FS_DeviceDescriptor
                0x08008940       0x24 CMakeFiles/APM32F103-VirtualCOM-SixStepCommutation-ESC.dir/USB_DEVICE/App/usbd_desc.c.obj
                0x08008940                USBD_FS_DeviceDescriptor
 .text.USBD_FS_LangIDStrDescriptor
                0x08008964       0x24 CMakeFiles/APM32F103-VirtualCOM-SixStepCommutation-ESC.dir/USB_DEVICE/App/usbd_desc.c.obj
                0x08008964                USBD_FS_LangIDStrDescriptor
 .text.USBD_FS_ProductStrDescriptor
                0x08008988       0x3c CMakeFiles/APM32F103-VirtualCOM-SixStepCommutation-ESC.dir/USB_DEVICE/App/usbd_desc.c.obj
                0x08008988                USBD_FS_ProductStrDescriptor
 .text.USBD_FS_ManufacturerStrDescriptor
                0x080089c4       0x28 CMakeFiles/APM32F103-VirtualCOM-SixStepCommutation-ESC.dir/USB_DEVICE/App/usbd_desc.c.obj
                0x080089c4                USBD_FS_ManufacturerStrDescriptor
 .text.USBD_FS_SerialStrDescriptor
                0x080089ec       0x24 CMakeFiles/APM32F103-VirtualCOM-SixStepCommutation-ESC.dir/USB_DEVICE/App/usbd_desc.c.obj
                0x080089ec                USBD_FS_SerialStrDescriptor
 .text.USBD_FS_ConfigStrDescriptor
                0x08008a10       0x3c CMakeFiles/APM32F103-VirtualCOM-SixStepCommutation-ESC.dir/USB_DEVICE/App/usbd_desc.c.obj
                0x08008a10                USBD_FS_ConfigStrDescriptor
 .text.USBD_FS_InterfaceStrDescriptor
                0x08008a4c       0x3c CMakeFiles/APM32F103-VirtualCOM-SixStepCommutation-ESC.dir/USB_DEVICE/App/usbd_desc.c.obj
                0x08008a4c                USBD_FS_InterfaceStrDescriptor
 .text.Get_SerialNum
                0x08008a88       0x58 CMakeFiles/APM32F103-VirtualCOM-SixStepCommutation-ESC.dir/USB_DEVICE/App/usbd_desc.c.obj
 .text.IntToUnicode
                0x08008ae0       0x7c CMakeFiles/APM32F103-VirtualCOM-SixStepCommutation-ESC.dir/USB_DEVICE/App/usbd_desc.c.obj
 .text.CDC_Init_FS
                0x08008b5c       0x28 CMakeFiles/APM32F103-VirtualCOM-SixStepCommutation-ESC.dir/USB_DEVICE/App/usbd_cdc_if.c.obj
 .text.CDC_DeInit_FS
                0x08008b84        0xe CMakeFiles/APM32F103-VirtualCOM-SixStepCommutation-ESC.dir/USB_DEVICE/App/usbd_cdc_if.c.obj
 .text.CDC_Control_FS
                0x08008b92       0x86 CMakeFiles/APM32F103-VirtualCOM-SixStepCommutation-ESC.dir/USB_DEVICE/App/usbd_cdc_if.c.obj
 .text.CDC_Receive_FS
                0x08008c18       0x3c CMakeFiles/APM32F103-VirtualCOM-SixStepCommutation-ESC.dir/USB_DEVICE/App/usbd_cdc_if.c.obj
 .text.CDC_Transmit_FS
                0x08008c54       0x4c CMakeFiles/APM32F103-VirtualCOM-SixStepCommutation-ESC.dir/USB_DEVICE/App/usbd_cdc_if.c.obj
                0x08008c54                CDC_Transmit_FS
 .text.SixStep_Commutate
                0x08008ca0      0x10c CMakeFiles/APM32F103-VirtualCOM-SixStepCommutation-ESC.dir/Core/Src/main.c.obj
                0x08008ca0                SixStep_Commutate
 .text.Motor_Stop
                0x08008dac       0x34 CMakeFiles/APM32F103-VirtualCOM-SixStepCommutation-ESC.dir/Core/Src/main.c.obj
                0x08008dac                Motor_Stop
 .text.Delay_us
                0x08008de0       0x34 CMakeFiles/APM32F103-VirtualCOM-SixStepCommutation-ESC.dir/Core/Src/main.c.obj
                0x08008de0                Delay_us
 .text.Motor_Beep
                0x08008e14       0x78 CMakeFiles/APM32F103-VirtualCOM-SixStepCommutation-ESC.dir/Core/Src/main.c.obj
                0x08008e14                Motor_Beep
 .text.Play_Song
                0x08008e8c       0x76 CMakeFiles/APM32F103-VirtualCOM-SixStepCommutation-ESC.dir/Core/Src/main.c.obj
                0x08008e8c                Play_Song
 *fill*         0x08008f02        0x2 
 .text.main     0x08008f04      0x2a4 CMakeFiles/APM32F103-VirtualCOM-SixStepCommutation-ESC.dir/Core/Src/main.c.obj
                0x08008f04                main
 .text.SystemClock_Config
                0x080091a8       0xbe CMakeFiles/APM32F103-VirtualCOM-SixStepCommutation-ESC.dir/Core/Src/main.c.obj
                0x080091a8                SystemClock_Config
 *fill*         0x08009266        0x2 
 .text.HAL_ADCEx_InjectedConvCpltCallback
                0x08009268      0x338 CMakeFiles/APM32F103-VirtualCOM-SixStepCommutation-ESC.dir/Core/Src/main.c.obj
                0x08009268                HAL_ADCEx_InjectedConvCpltCallback
 .text.Error_Handler
                0x080095a0        0xc CMakeFiles/APM32F103-VirtualCOM-SixStepCommutation-ESC.dir/Core/Src/main.c.obj
                0x080095a0                Error_Handler
 .text.MX_GPIO_Init
                0x080095ac       0xd0 CMakeFiles/APM32F103-VirtualCOM-SixStepCommutation-ESC.dir/Core/Src/gpio.c.obj
                0x080095ac                MX_GPIO_Init
 .text.MX_ADC1_Init
                0x0800967c       0xd4 CMakeFiles/APM32F103-VirtualCOM-SixStepCommutation-ESC.dir/Core/Src/adc.c.obj
                0x0800967c                MX_ADC1_Init
 .text.HAL_ADC_MspInit
                0x08009750       0x88 CMakeFiles/APM32F103-VirtualCOM-SixStepCommutation-ESC.dir/Core/Src/adc.c.obj
                0x08009750                HAL_ADC_MspInit
 .text.MX_TIM1_Init
                0x080097d8      0x158 CMakeFiles/APM32F103-VirtualCOM-SixStepCommutation-ESC.dir/Core/Src/tim.c.obj
                0x080097d8                MX_TIM1_Init
 .text.HAL_TIM_PWM_MspInit
                0x08009930       0x5c CMakeFiles/APM32F103-VirtualCOM-SixStepCommutation-ESC.dir/Core/Src/tim.c.obj
                0x08009930                HAL_TIM_PWM_MspInit
 .text.HAL_TIM_MspPostInit
                0x0800998c       0x9c CMakeFiles/APM32F103-VirtualCOM-SixStepCommutation-ESC.dir/Core/Src/tim.c.obj
                0x0800998c                HAL_TIM_MspPostInit
 .text.NMI_Handler
                0x08009a28        0xc CMakeFiles/APM32F103-VirtualCOM-SixStepCommutation-ESC.dir/Core/Src/stm32f1xx_it.c.obj
                0x08009a28                NMI_Handler
 .text.HardFault_Handler
                0x08009a34        0x8 CMakeFiles/APM32F103-VirtualCOM-SixStepCommutation-ESC.dir/Core/Src/stm32f1xx_it.c.obj
                0x08009a34                HardFault_Handler
 .text.MemManage_Handler
                0x08009a3c        0x8 CMakeFiles/APM32F103-VirtualCOM-SixStepCommutation-ESC.dir/Core/Src/stm32f1xx_it.c.obj
                0x08009a3c                MemManage_Handler
 .text.BusFault_Handler
                0x08009a44        0x8 CMakeFiles/APM32F103-VirtualCOM-SixStepCommutation-ESC.dir/Core/Src/stm32f1xx_it.c.obj
                0x08009a44                BusFault_Handler
 .text.UsageFault_Handler
                0x08009a4c        0x8 CMakeFiles/APM32F103-VirtualCOM-SixStepCommutation-ESC.dir/Core/Src/stm32f1xx_it.c.obj
                0x08009a4c                UsageFault_Handler
 .text.SVC_Handler
                0x08009a54        0xc CMakeFiles/APM32F103-VirtualCOM-SixStepCommutation-ESC.dir/Core/Src/stm32f1xx_it.c.obj
                0x08009a54                SVC_Handler
 .text.DebugMon_Handler
                0x08009a60        0xc CMakeFiles/APM32F103-VirtualCOM-SixStepCommutation-ESC.dir/Core/Src/stm32f1xx_it.c.obj
                0x08009a60                DebugMon_Handler
 .text.PendSV_Handler
                0x08009a6c        0xc CMakeFiles/APM32F103-VirtualCOM-SixStepCommutation-ESC.dir/Core/Src/stm32f1xx_it.c.obj
                0x08009a6c                PendSV_Handler
 .text.SysTick_Handler
                0x08009a78        0xc CMakeFiles/APM32F103-VirtualCOM-SixStepCommutation-ESC.dir/Core/Src/stm32f1xx_it.c.obj
                0x08009a78                SysTick_Handler
 .text.ADC1_2_IRQHandler
                0x08009a84       0x14 CMakeFiles/APM32F103-VirtualCOM-SixStepCommutation-ESC.dir/Core/Src/stm32f1xx_it.c.obj
                0x08009a84                ADC1_2_IRQHandler
 .text.USB_LP_CAN1_RX0_IRQHandler
                0x08009a98       0x14 CMakeFiles/APM32F103-VirtualCOM-SixStepCommutation-ESC.dir/Core/Src/stm32f1xx_it.c.obj
                0x08009a98                USB_LP_CAN1_RX0_IRQHandler
 .text.TIM1_BRK_IRQHandler
                0x08009aac       0x14 CMakeFiles/APM32F103-VirtualCOM-SixStepCommutation-ESC.dir/Core/Src/stm32f1xx_it.c.obj
                0x08009aac                TIM1_BRK_IRQHandler
 .text.TIM1_UP_IRQHandler
                0x08009ac0       0x14 CMakeFiles/APM32F103-VirtualCOM-SixStepCommutation-ESC.dir/Core/Src/stm32f1xx_it.c.obj
                0x08009ac0                TIM1_UP_IRQHandler
 .text.HAL_MspInit
                0x08009ad4       0x64 CMakeFiles/APM32F103-VirtualCOM-SixStepCommutation-ESC.dir/Core/Src/stm32f1xx_hal_msp.c.obj
                0x08009ad4                HAL_MspInit
 .text._sbrk    0x08009b38       0x6c CMakeFiles/APM32F103-VirtualCOM-SixStepCommutation-ESC.dir/Core/Src/sysmem.c.obj
                0x08009b38                _sbrk
 .text._read    0x08009ba4       0x3a CMakeFiles/APM32F103-VirtualCOM-SixStepCommutation-ESC.dir/Core/Src/syscalls.c.obj
                0x08009ba4                _read
 .text._write   0x08009bde       0x38 CMakeFiles/APM32F103-VirtualCOM-SixStepCommutation-ESC.dir/Core/Src/syscalls.c.obj
                0x08009bde                _write
 .text._close   0x08009c16       0x16 CMakeFiles/APM32F103-VirtualCOM-SixStepCommutation-ESC.dir/Core/Src/syscalls.c.obj
                0x08009c16                _close
 .text._fstat   0x08009c2c       0x1e CMakeFiles/APM32F103-VirtualCOM-SixStepCommutation-ESC.dir/Core/Src/syscalls.c.obj
                0x08009c2c                _fstat
 .text._isatty  0x08009c4a       0x14 CMakeFiles/APM32F103-VirtualCOM-SixStepCommutation-ESC.dir/Core/Src/syscalls.c.obj
                0x08009c4a                _isatty
 .text._lseek   0x08009c5e       0x18 CMakeFiles/APM32F103-VirtualCOM-SixStepCommutation-ESC.dir/Core/Src/syscalls.c.obj
                0x08009c5e                _lseek
 *fill*         0x08009c76        0x2 
 .text.Reset_Handler
                0x08009c78       0x48 CMakeFiles/APM32F103-VirtualCOM-SixStepCommutation-ESC.dir/startup_stm32f103xb.s.obj
                0x08009c78                Reset_Handler
 .text.Default_Handler
                0x08009cc0        0x2 CMakeFiles/APM32F103-VirtualCOM-SixStepCommutation-ESC.dir/startup_stm32f103xb.s.obj
                0x08009cc0                RTC_Alarm_IRQHandler
                0x08009cc0                EXTI2_IRQHandler
                0x08009cc0                TIM1_CC_IRQHandler
                0x08009cc0                PVD_IRQHandler
                0x08009cc0                EXTI3_IRQHandler
                0x08009cc0                EXTI0_IRQHandler
                0x08009cc0                I2C2_EV_IRQHandler
                0x08009cc0                SPI1_IRQHandler
                0x08009cc0                TAMPER_IRQHandler
                0x08009cc0                DMA1_Channel4_IRQHandler
                0x08009cc0                USART3_IRQHandler
                0x08009cc0                RTC_IRQHandler
                0x08009cc0                DMA1_Channel7_IRQHandler
                0x08009cc0                CAN1_RX1_IRQHandler
                0x08009cc0                TIM4_IRQHandler
                0x08009cc0                I2C1_EV_IRQHandler
                0x08009cc0                DMA1_Channel6_IRQHandler
                0x08009cc0                TIM3_IRQHandler
                0x08009cc0                RCC_IRQHandler
                0x08009cc0                TIM1_TRG_COM_IRQHandler
                0x08009cc0                DMA1_Channel1_IRQHandler
                0x08009cc0                Default_Handler
                0x08009cc0                EXTI15_10_IRQHandler
                0x08009cc0                EXTI9_5_IRQHandler
                0x08009cc0                SPI2_IRQHandler
                0x08009cc0                DMA1_Channel5_IRQHandler
                0x08009cc0                EXTI4_IRQHandler
                0x08009cc0                USB_HP_CAN1_TX_IRQHandler
                0x08009cc0                DMA1_Channel3_IRQHandler
                0x08009cc0                WWDG_IRQHandler
                0x08009cc0                TIM2_IRQHandler
                0x08009cc0                EXTI1_IRQHandler
                0x08009cc0                USART2_IRQHandler
                0x08009cc0                I2C2_ER_IRQHandler
                0x08009cc0                DMA1_Channel2_IRQHandler
                0x08009cc0                CAN1_SCE_IRQHandler
                0x08009cc0                FLASH_IRQHandler
                0x08009cc0                USART1_IRQHandler
                0x08009cc0                I2C1_ER_IRQHandler
                0x08009cc0                USBWakeUp_IRQHandler
 *fill*         0x08009cc2        0x2 
 .text.std      0x08009cc4       0x6c D:/Program Files/Arm/GNU Toolchain mingw-w64-x86_64-arm-none-eabi/bin/../lib/gcc/arm-none-eabi/15.2.1/../../../../arm-none-eabi/lib/thumb/v7-m/nofp\libg_nano.a(libc_a-findfp.o)
 .text.stdio_exit_handler
                0x08009d30       0x18 D:/Program Files/Arm/GNU Toolchain mingw-w64-x86_64-arm-none-eabi/bin/../lib/gcc/arm-none-eabi/15.2.1/../../../../arm-none-eabi/lib/thumb/v7-m/nofp\libg_nano.a(libc_a-findfp.o)
 .text.cleanup_stdio
                0x08009d48       0x40 D:/Program Files/Arm/GNU Toolchain mingw-w64-x86_64-arm-none-eabi/bin/../lib/gcc/arm-none-eabi/15.2.1/../../../../arm-none-eabi/lib/thumb/v7-m/nofp\libg_nano.a(libc_a-findfp.o)
 .text.global_stdio_init.part.0
                0x08009d88       0x40 D:/Program Files/Arm/GNU Toolchain mingw-w64-x86_64-arm-none-eabi/bin/../lib/gcc/arm-none-eabi/15.2.1/../../../../arm-none-eabi/lib/thumb/v7-m/nofp\libg_nano.a(libc_a-findfp.o)
 .text.__sfp_lock_acquire
                0x08009dc8        0xc D:/Program Files/Arm/GNU Toolchain mingw-w64-x86_64-arm-none-eabi/bin/../lib/gcc/arm-none-eabi/15.2.1/../../../../arm-none-eabi/lib/thumb/v7-m/nofp\libg_nano.a(libc_a-findfp.o)
                0x08009dc8                __sfp_lock_acquire
 .text.__sfp_lock_release
                0x08009dd4        0xc D:/Program Files/Arm/GNU Toolchain mingw-w64-x86_64-arm-none-eabi/bin/../lib/gcc/arm-none-eabi/15.2.1/../../../../arm-none-eabi/lib/thumb/v7-m/nofp\libg_nano.a(libc_a-findfp.o)
                0x08009dd4                __sfp_lock_release
 .text.__sinit  0x08009de0       0x30 D:/Program Files/Arm/GNU Toolchain mingw-w64-x86_64-arm-none-eabi/bin/../lib/gcc/arm-none-eabi/15.2.1/../../../../arm-none-eabi/lib/thumb/v7-m/nofp\libg_nano.a(libc_a-findfp.o)
                0x08009de0                __sinit
 .text._fwalk_sglue
                0x08009e10       0x3a D:/Program Files/Arm/GNU Toolchain mingw-w64-x86_64-arm-none-eabi/bin/../lib/gcc/arm-none-eabi/15.2.1/../../../../arm-none-eabi/lib/thumb/v7-m/nofp\libg_nano.a(libc_a-fwalk.o)
                0x08009e10                _fwalk_sglue
 *fill*         0x08009e4a        0x2 
 .text.printf   0x08009e4c       0x24 D:/Program Files/Arm/GNU Toolchain mingw-w64-x86_64-arm-none-eabi/bin/../lib/gcc/arm-none-eabi/15.2.1/../../../../arm-none-eabi/lib/thumb/v7-m/nofp\libg_nano.a(libc_a-printf.o)
                0x08009e4c                iprintf
                0x08009e4c                printf
 .text.putchar  0x08009e70       0x10 D:/Program Files/Arm/GNU Toolchain mingw-w64-x86_64-arm-none-eabi/bin/../lib/gcc/arm-none-eabi/15.2.1/../../../../arm-none-eabi/lib/thumb/v7-m/nofp\libg_nano.a(libc_a-putchar.o)
                0x08009e70                putchar
 .text.sprintf  0x08009e80       0x44 D:/Program Files/Arm/GNU Toolchain mingw-w64-x86_64-arm-none-eabi/bin/../lib/gcc/arm-none-eabi/15.2.1/../../../../arm-none-eabi/lib/thumb/v7-m/nofp\libg_nano.a(libc_a-sprintf.o)
                0x08009e80                siprintf
                0x08009e80                sprintf
 .text.__sread  0x08009ec4       0x22 D:/Program Files/Arm/GNU Toolchain mingw-w64-x86_64-arm-none-eabi/bin/../lib/gcc/arm-none-eabi/15.2.1/../../../../arm-none-eabi/lib/thumb/v7-m/nofp\libg_nano.a(libc_a-stdio.o)
                0x08009ec4                __sread
 .text.__swrite
                0x08009ee6       0x38 D:/Program Files/Arm/GNU Toolchain mingw-w64-x86_64-arm-none-eabi/bin/../lib/gcc/arm-none-eabi/15.2.1/../../../../arm-none-eabi/lib/thumb/v7-m/nofp\libg_nano.a(libc_a-stdio.o)
                0x08009ee6                __swrite
 .text.__sseek  0x08009f1e       0x26 D:/Program Files/Arm/GNU Toolchain mingw-w64-x86_64-arm-none-eabi/bin/../lib/gcc/arm-none-eabi/15.2.1/../../../../arm-none-eabi/lib/thumb/v7-m/nofp\libg_nano.a(libc_a-stdio.o)
                0x08009f1e                __sseek
 .text.__sclose
                0x08009f44        0x8 D:/Program Files/Arm/GNU Toolchain mingw-w64-x86_64-arm-none-eabi/bin/../lib/gcc/arm-none-eabi/15.2.1/../../../../arm-none-eabi/lib/thumb/v7-m/nofp\libg_nano.a(libc_a-stdio.o)
                0x08009f44                __sclose
 .text.memset   0x08009f4c       0x10 D:/Program Files/Arm/GNU Toolchain mingw-w64-x86_64-arm-none-eabi/bin/../lib/gcc/arm-none-eabi/15.2.1/../../../../arm-none-eabi/lib/thumb/v7-m/nofp\libg_nano.a(libc_a-memset.o)
                0x08009f4c                memset
 .text._close_r
                0x08009f5c       0x20 D:/Program Files/Arm/GNU Toolchain mingw-w64-x86_64-arm-none-eabi/bin/../lib/gcc/arm-none-eabi/15.2.1/../../../../arm-none-eabi/lib/thumb/v7-m/nofp\libg_nano.a(libc_a-closer.o)
                0x08009f5c                _close_r
 .text._lseek_r
                0x08009f7c       0x24 D:/Program Files/Arm/GNU Toolchain mingw-w64-x86_64-arm-none-eabi/bin/../lib/gcc/arm-none-eabi/15.2.1/../../../../arm-none-eabi/lib/thumb/v7-m/nofp\libg_nano.a(libc_a-lseekr.o)
                0x08009f7c                _lseek_r
 .text._read_r  0x08009fa0       0x24 D:/Program Files/Arm/GNU Toolchain mingw-w64-x86_64-arm-none-eabi/bin/../lib/gcc/arm-none-eabi/15.2.1/../../../../arm-none-eabi/lib/thumb/v7-m/nofp\libg_nano.a(libc_a-readr.o)
                0x08009fa0                _read_r
 .text._write_r
                0x08009fc4       0x24 D:/Program Files/Arm/GNU Toolchain mingw-w64-x86_64-arm-none-eabi/bin/../lib/gcc/arm-none-eabi/15.2.1/../../../../arm-none-eabi/lib/thumb/v7-m/nofp\libg_nano.a(libc_a-writer.o)
                0x08009fc4                _write_r
 .text.__errno  0x08009fe8        0xc D:/Program Files/Arm/GNU Toolchain mingw-w64-x86_64-arm-none-eabi/bin/../lib/gcc/arm-none-eabi/15.2.1/../../../../arm-none-eabi/lib/thumb/v7-m/nofp\libg_nano.a(libc_a-errno.o)
                0x08009fe8                __errno
 .text.__libc_init_array
                0x08009ff4       0x48 D:/Program Files/Arm/GNU Toolchain mingw-w64-x86_64-arm-none-eabi/bin/../lib/gcc/arm-none-eabi/15.2.1/../../../../arm-none-eabi/lib/thumb/v7-m/nofp\libg_nano.a(libc_a-init.o)
                0x08009ff4                __libc_init_array
 .text.__retarget_lock_init_recursive
                0x0800a03c        0x2 D:/Program Files/Arm/GNU Toolchain mingw-w64-x86_64-arm-none-eabi/bin/../lib/gcc/arm-none-eabi/15.2.1/../../../../arm-none-eabi/lib/thumb/v7-m/nofp\libg_nano.a(libc_a-lock.o)
                0x0800a03c                __retarget_lock_init_recursive
 .text.__retarget_lock_acquire_recursive
                0x0800a03e        0x2 D:/Program Files/Arm/GNU Toolchain mingw-w64-x86_64-arm-none-eabi/bin/../lib/gcc/arm-none-eabi/15.2.1/../../../../arm-none-eabi/lib/thumb/v7-m/nofp\libg_nano.a(libc_a-lock.o)
                0x0800a03e                __retarget_lock_acquire_recursive
 .text.__retarget_lock_release_recursive
                0x0800a040        0x2 D:/Program Files/Arm/GNU Toolchain mingw-w64-x86_64-arm-none-eabi/bin/../lib/gcc/arm-none-eabi/15.2.1/../../../../arm-none-eabi/lib/thumb/v7-m/nofp\libg_nano.a(libc_a-lock.o)
                0x0800a040                __retarget_lock_release_recursive
 *fill*         0x0800a042        0x2 
 .text._free_r  0x0800a044       0x94 D:/Program Files/Arm/GNU Toolchain mingw-w64-x86_64-arm-none-eabi/bin/../lib/gcc/arm-none-eabi/15.2.1/../../../../arm-none-eabi/lib/thumb/v7-m/nofp\libg_nano.a(libc_a-freer.o)
                0x0800a044                _free_r
 .text.sbrk_aligned
                0x0800a0d8       0x44 D:/Program Files/Arm/GNU Toolchain mingw-w64-x86_64-arm-none-eabi/bin/../lib/gcc/arm-none-eabi/15.2.1/../../../../arm-none-eabi/lib/thumb/v7-m/nofp\libg_nano.a(libc_a-mallocr.o)
 .text._malloc_r
                0x0800a11c       0xf8 D:/Program Files/Arm/GNU Toolchain mingw-w64-x86_64-arm-none-eabi/bin/../lib/gcc/arm-none-eabi/15.2.1/../../../../arm-none-eabi/lib/thumb/v7-m/nofp\libg_nano.a(libc_a-mallocr.o)
                0x0800a11c                _malloc_r
 .text.__malloc_lock
                0x0800a214        0xc D:/Program Files/Arm/GNU Toolchain mingw-w64-x86_64-arm-none-eabi/bin/../lib/gcc/arm-none-eabi/15.2.1/../../../../arm-none-eabi/lib/thumb/v7-m/nofp\libg_nano.a(libc_a-mlock.o)
                0x0800a214                __malloc_lock
 .text.__malloc_unlock
                0x0800a220        0xc D:/Program Files/Arm/GNU Toolchain mingw-w64-x86_64-arm-none-eabi/bin/../lib/gcc/arm-none-eabi/15.2.1/../../../../arm-none-eabi/lib/thumb/v7-m/nofp\libg_nano.a(libc_a-mlock.o)
                0x0800a220                __malloc_unlock
 .text.__ssputs_r
                0x0800a22c       0xc0 D:/Program Files/Arm/GNU Toolchain mingw-w64-x86_64-arm-none-eabi/bin/../lib/gcc/arm-none-eabi/15.2.1/../../../../arm-none-eabi/lib/thumb/v7-m/nofp\libg_nano.a(libc_a-nano-svfprintf.o)
                0x0800a22c                __ssputs_r
 .text._svfprintf_r
                0x0800a2ec      0x1f0 D:/Program Files/Arm/GNU Toolchain mingw-w64-x86_64-arm-none-eabi/bin/../lib/gcc/arm-none-eabi/15.2.1/../../../../arm-none-eabi/lib/thumb/v7-m/nofp\libg_nano.a(libc_a-nano-svfprintf.o)
                0x0800a2ec                _svfiprintf_r
                0x0800a2ec                _svfprintf_r
 .text.__sfputc_r
                0x0800a4dc       0x2a D:/Program Files/Arm/GNU Toolchain mingw-w64-x86_64-arm-none-eabi/bin/../lib/gcc/arm-none-eabi/15.2.1/../../../../arm-none-eabi/lib/thumb/v7-m/nofp\libg_nano.a(libc_a-nano-vfprintf.o)
 .text.__sfputs_r
                0x0800a506       0x24 D:/Program Files/Arm/GNU Toolchain mingw-w64-x86_64-arm-none-eabi/bin/../lib/gcc/arm-none-eabi/15.2.1/../../../../arm-none-eabi/lib/thumb/v7-m/nofp\libg_nano.a(libc_a-nano-vfprintf.o)
                0x0800a506                __sfputs_r
 *fill*         0x0800a52a        0x2 
 .text._vfprintf_r
                0x0800a52c      0x228 D:/Program Files/Arm/GNU Toolchain mingw-w64-x86_64-arm-none-eabi/bin/../lib/gcc/arm-none-eabi/15.2.1/../../../../arm-none-eabi/lib/thumb/v7-m/nofp\libg_nano.a(libc_a-nano-vfprintf.o)
                0x0800a52c                _vfprintf_r
                0x0800a52c                _vfiprintf_r
 .text._printf_common
                0x0800a754       0xea D:/Program Files/Arm/GNU Toolchain mingw-w64-x86_64-arm-none-eabi/bin/../lib/gcc/arm-none-eabi/15.2.1/../../../../arm-none-eabi/lib/thumb/v7-m/nofp\libg_nano.a(libc_a-nano-vfprintf_i.o)
                0x0800a754                _printf_common
 *fill*         0x0800a83e        0x2 
 .text._printf_i
                0x0800a840      0x254 D:/Program Files/Arm/GNU Toolchain mingw-w64-x86_64-arm-none-eabi/bin/../lib/gcc/arm-none-eabi/15.2.1/../../../../arm-none-eabi/lib/thumb/v7-m/nofp\libg_nano.a(libc_a-nano-vfprintf_i.o)
                0x0800a840                _printf_i
 .text.__sflush_r
                0x0800aa94       0xf8 D:/Program Files/Arm/GNU Toolchain mingw-w64-x86_64-arm-none-eabi/bin/../lib/gcc/arm-none-eabi/15.2.1/../../../../arm-none-eabi/lib/thumb/v7-m/nofp\libg_nano.a(libc_a-fflush.o)
                0x0800aa94                __sflush_r
 .text._fflush_r
                0x0800ab8c       0x50 D:/Program Files/Arm/GNU Toolchain mingw-w64-x86_64-arm-none-eabi/bin/../lib/gcc/arm-none-eabi/15.2.1/../../../../arm-none-eabi/lib/thumb/v7-m/nofp\libg_nano.a(libc_a-fflush.o)
                0x0800ab8c                _fflush_r
 .text._putc_r  0x0800abdc       0x68 D:/Program Files/Arm/GNU Toolchain mingw-w64-x86_64-arm-none-eabi/bin/../lib/gcc/arm-none-eabi/15.2.1/../../../../arm-none-eabi/lib/thumb/v7-m/nofp\libg_nano.a(libc_a-putc.o)
                0x0800abdc                _putc_r
 .text.__swbuf_r
                0x0800ac44       0x7a D:/Program Files/Arm/GNU Toolchain mingw-w64-x86_64-arm-none-eabi/bin/../lib/gcc/arm-none-eabi/15.2.1/../../../../arm-none-eabi/lib/thumb/v7-m/nofp\libg_nano.a(libc_a-wbuf.o)
                0x0800ac44                __swbuf_r
 *fill*         0x0800acbe        0x2 
 .text.__swsetup_r
                0x0800acc0       0xa8 D:/Program Files/Arm/GNU Toolchain mingw-w64-x86_64-arm-none-eabi/bin/../lib/gcc/arm-none-eabi/15.2.1/../../../../arm-none-eabi/lib/thumb/v7-m/nofp\libg_nano.a(libc_a-wsetup.o)
                0x0800acc0                __swsetup_r
 .text.memmove  0x0800ad68       0x32 D:/Program Files/Arm/GNU Toolchain mingw-w64-x86_64-arm-none-eabi/bin/../lib/gcc/arm-none-eabi/15.2.1/../../../../arm-none-eabi/lib/thumb/v7-m/nofp\libg_nano.a(libc_a-memmove.o)
                0x0800ad68                memmove
 *fill*         0x0800ad9a        0x2 
 .text._sbrk_r  0x0800ad9c       0x20 D:/Program Files/Arm/GNU Toolchain mingw-w64-x86_64-arm-none-eabi/bin/../lib/gcc/arm-none-eabi/15.2.1/../../../../arm-none-eabi/lib/thumb/v7-m/nofp\libg_nano.a(libc_a-sbrkr.o)
                0x0800ad9c                _sbrk_r
 .text.memchr   0x0800adbc       0x1c D:/Program Files/Arm/GNU Toolchain mingw-w64-x86_64-arm-none-eabi/bin/../lib/gcc/arm-none-eabi/15.2.1/../../../../arm-none-eabi/lib/thumb/v7-m/nofp\libg_nano.a(libc_a-memchr-stub.o)
                0x0800adbc                memchr
 .text.memcpy   0x0800add8       0x1c D:/Program Files/Arm/GNU Toolchain mingw-w64-x86_64-arm-none-eabi/bin/../lib/gcc/arm-none-eabi/15.2.1/../../../../arm-none-eabi/lib/thumb/v7-m/nofp\libg_nano.a(libc_a-memcpy-stub.o)
                0x0800add8                memcpy
 .text._realloc_r
                0x0800adf4       0x5c D:/Program Files/Arm/GNU Toolchain mingw-w64-x86_64-arm-none-eabi/bin/../lib/gcc/arm-none-eabi/15.2.1/../../../../arm-none-eabi/lib/thumb/v7-m/nofp\libg_nano.a(libc_a-reallocr.o)
                0x0800adf4                _realloc_r
 .text.__swhatbuf_r
                0x0800ae50       0x48 D:/Program Files/Arm/GNU Toolchain mingw-w64-x86_64-arm-none-eabi/bin/../lib/gcc/arm-none-eabi/15.2.1/../../../../arm-none-eabi/lib/thumb/v7-m/nofp\libg_nano.a(libc_a-makebuf.o)
                0x0800ae50                __swhatbuf_r
 .text.__smakebuf_r
                0x0800ae98       0x72 D:/Program Files/Arm/GNU Toolchain mingw-w64-x86_64-arm-none-eabi/bin/../lib/gcc/arm-none-eabi/15.2.1/../../../../arm-none-eabi/lib/thumb/v7-m/nofp\libg_nano.a(libc_a-makebuf.o)
                0x0800ae98                __smakebuf_r
 *fill*         0x0800af0a        0x2 
 .text._fstat_r
                0x0800af0c       0x24 D:/Program Files/Arm/GNU Toolchain mingw-w64-x86_64-arm-none-eabi/bin/../lib/gcc/arm-none-eabi/15.2.1/../../../../arm-none-eabi/lib/thumb/v7-m/nofp\libg_nano.a(libc_a-fstatr.o)
                0x0800af0c                _fstat_r
 .text._isatty_r
                0x0800af30       0x20 D:/Program Files/Arm/GNU Toolchain mingw-w64-x86_64-arm-none-eabi/bin/../lib/gcc/arm-none-eabi/15.2.1/../../../../arm-none-eabi/lib/thumb/v7-m/nofp\libg_nano.a(libc_a-isattyr.o)
                0x0800af30                _isatty_r
 .text._malloc_usable_size_r
                0x0800af50       0x10 D:/Program Files/Arm/GNU Toolchain mingw-w64-x86_64-arm-none-eabi/bin/../lib/gcc/arm-none-eabi/15.2.1/../../../../arm-none-eabi/lib/thumb/v7-m/nofp\libg_nano.a(libc_a-msizer.o)
                0x0800af50                _malloc_usable_size_r
 *(.glue_7)
 .glue_7        0x0800af60        0x0 linker stubs
 *(.glue_7t)
 .glue_7t       0x0800af60        0x0 linker stubs
 *(.eh_frame)
 .eh_frame      0x0800af60        0x0 D:/Program Files/Arm/GNU Toolchain mingw-w64-x86_64-arm-none-eabi/bin/../lib/gcc/arm-none-eabi/15.2.1/thumb/v7-m/nofp/crtbegin.o
 *(.init)
 .init          0x0800af60        0x4 D:/Program Files/Arm/GNU Toolchain mingw-w64-x86_64-arm-none-eabi/bin/../lib/gcc/arm-none-eabi/15.2.1/thumb/v7-m/nofp/crti.o
                0x0800af60                _init
 .init          0x0800af64        0x8 D:/Program Files/Arm/GNU Toolchain mingw-w64-x86_64-arm-none-eabi/bin/../lib/gcc/arm-none-eabi/15.2.1/thumb/v7-m/nofp/crtn.o
 *(.fini)
 .fini          0x0800af6c        0x4 D:/Program Files/Arm/GNU Toolchain mingw-w64-x86_64-arm-none-eabi/bin/../lib/gcc/arm-none-eabi/15.2.1/thumb/v7-m/nofp/crti.o
                0x0800af6c                _fini
 .fini          0x0800af70        0x8 D:/Program Files/Arm/GNU Toolchain mingw-w64-x86_64-arm-none-eabi/bin/../lib/gcc/arm-none-eabi/15.2.1/thumb/v7-m/nofp/crtn.o
                0x0800af78                        . = ALIGN (0x4)
                0x0800af78                        _etext = .

.vfp11_veneer   0x0800af78        0x0
 .vfp11_veneer  0x0800af78        0x0 linker stubs

.v4_bx          0x0800af78        0x0
 .v4_bx         0x0800af78        0x0 linker stubs

.iplt           0x0800af78        0x0
 .iplt          0x0800af78        0x0 D:/Program Files/Arm/GNU Toolchain mingw-w64-x86_64-arm-none-eabi/bin/../lib/gcc/arm-none-eabi/15.2.1/thumb/v7-m/nofp/crtbegin.o

.rodata         0x0800af78      0x424
                0x0800af78                        . = ALIGN (0x4)
 *(.rodata)
 .rodata        0x0800af78       0x35 cmake/stm32cubemx/CMakeFiles/USB_Device_Library.dir/__/__/Middlewares/ST/STM32_USB_Device_Library/Core/Src/usbd_core.c.obj
 *fill*         0x0800afad        0x3 
 .rodata        0x0800afb0       0x46 CMakeFiles/APM32F103-VirtualCOM-SixStepCommutation-ESC.dir/USB_DEVICE/App/usbd_desc.c.obj
 *fill*         0x0800aff6        0x2 
 .rodata        0x0800aff8       0x87 CMakeFiles/APM32F103-VirtualCOM-SixStepCommutation-ESC.dir/Core/Src/main.c.obj
 *(.rodata*)
 *fill*         0x0800b07f        0x1 
 .rodata.AHBPrescTable
                0x0800b080       0x10 cmake/stm32cubemx/CMakeFiles/STM32_Drivers.dir/__/__/Core/Src/system_stm32f1xx.c.obj
                0x0800b080                AHBPrescTable
 .rodata.APBPrescTable
                0x0800b090        0x8 cmake/stm32cubemx/CMakeFiles/STM32_Drivers.dir/__/__/Core/Src/system_stm32f1xx.c.obj
                0x0800b090                APBPrescTable
 .rodata.aPLLMULFactorTable.1
                0x0800b098       0x10 cmake/stm32cubemx/CMakeFiles/STM32_Drivers.dir/__/__/Drivers/STM32F1xx_HAL_Driver/Src/stm32f1xx_hal_rcc.c.obj
 .rodata.aPredivFactorTable.0
                0x0800b0a8        0x2 cmake/stm32cubemx/CMakeFiles/STM32_Drivers.dir/__/__/Drivers/STM32F1xx_HAL_Driver/Src/stm32f1xx_hal_rcc.c.obj
 *fill*         0x0800b0aa        0x2 
 .rodata.aPLLMULFactorTable.1
                0x0800b0ac       0x10 cmake/stm32cubemx/CMakeFiles/STM32_Drivers.dir/__/__/Drivers/STM32F1xx_HAL_Driver/Src/stm32f1xx_hal_rcc_ex.c.obj
 .rodata.aPredivFactorTable.0
                0x0800b0bc        0x2 cmake/stm32cubemx/CMakeFiles/STM32_Drivers.dir/__/__/Drivers/STM32F1xx_HAL_Driver/Src/stm32f1xx_hal_rcc_ex.c.obj
 *fill*         0x0800b0be        0x2 
 .rodata.Mario_Theme
                0x0800b0c0      0x2a8 CMakeFiles/APM32F103-VirtualCOM-SixStepCommutation-ESC.dir/Core/Src/main.c.obj
                0x0800b0c0                Mario_Theme
 .rodata._svfprintf_r.str1.1
                0x0800b368       0x33 D:/Program Files/Arm/GNU Toolchain mingw-w64-x86_64-arm-none-eabi/bin/../lib/gcc/arm-none-eabi/15.2.1/../../../../arm-none-eabi/lib/thumb/v7-m/nofp\libg_nano.a(libc_a-nano-svfprintf.o)
                                 0x11 (size before relaxing)
 .rodata._vfprintf_r.str1.1
                0x0800b39b        0x0 D:/Program Files/Arm/GNU Toolchain mingw-w64-x86_64-arm-none-eabi/bin/../lib/gcc/arm-none-eabi/15.2.1/../../../../arm-none-eabi/lib/thumb/v7-m/nofp\libg_nano.a(libc_a-nano-vfprintf.o)
                                 0x11 (size before relaxing)
 .rodata._printf_i.str1.1
                0x0800b39b        0x0 D:/Program Files/Arm/GNU Toolchain mingw-w64-x86_64-arm-none-eabi/bin/../lib/gcc/arm-none-eabi/15.2.1/../../../../arm-none-eabi/lib/thumb/v7-m/nofp\libg_nano.a(libc_a-nano-vfprintf_i.o)
                                 0x22 (size before relaxing)
                0x0800b39c                        . = ALIGN (0x4)
 *fill*         0x0800b39b        0x1 

.ARM.extab      0x0800b39c        0x0
                0x0800b39c                        . = ALIGN (0x4)
 *(.ARM.extab* .gnu.linkonce.armextab.*)
                0x0800b39c                        . = ALIGN (0x4)

.ARM            0x0800b39c        0x8
                0x0800b39c                        . = ALIGN (0x4)
                0x0800b39c                        __exidx_start = .
 *(.ARM.exidx*)
 .ARM.exidx     0x0800b39c        0x8 D:/Program Files/Arm/GNU Toolchain mingw-w64-x86_64-arm-none-eabi/bin/../lib/gcc/arm-none-eabi/15.2.1/../../../../arm-none-eabi/lib/thumb/v7-m/nofp\libg_nano.a(libc_a-strlen.o)
                0x0800b3a4                        __exidx_end = .
                0x0800b3a4                        . = ALIGN (0x4)

.rel.dyn        0x0800b3a4        0x0
 .rel.iplt      0x0800b3a4        0x0 D:/Program Files/Arm/GNU Toolchain mingw-w64-x86_64-arm-none-eabi/bin/../lib/gcc/arm-none-eabi/15.2.1/thumb/v7-m/nofp/crtbegin.o

.preinit_array  0x0800b3a4        0x0
                0x0800b3a4                        . = ALIGN (0x4)
                0x0800b3a4                        PROVIDE (__preinit_array_start = .)
 *(.preinit_array*)
                0x0800b3a4                        PROVIDE (__preinit_array_end = .)
                0x0800b3a4                        . = ALIGN (0x4)

.init_array     0x0800b3a4        0x4
                0x0800b3a4                        . = ALIGN (0x4)
                0x0800b3a4                        PROVIDE (__init_array_start = .)
 *(SORT_BY_NAME(.init_array.*))
 *(.init_array*)
 .init_array    0x0800b3a4        0x4 D:/Program Files/Arm/GNU Toolchain mingw-w64-x86_64-arm-none-eabi/bin/../lib/gcc/arm-none-eabi/15.2.1/thumb/v7-m/nofp/crtbegin.o
                0x0800b3a8                        PROVIDE (__init_array_end = .)
                0x0800b3a8                        . = ALIGN (0x4)

.fini_array     0x0800b3a8        0x4
                0x0800b3a8                        . = ALIGN (0x4)
                [!provide]                        PROVIDE (__fini_array_start = .)
 *(SORT_BY_NAME(.fini_array.*))
 *(.fini_array*)
 .fini_array    0x0800b3a8        0x4 D:/Program Files/Arm/GNU Toolchain mingw-w64-x86_64-arm-none-eabi/bin/../lib/gcc/arm-none-eabi/15.2.1/thumb/v7-m/nofp/crtbegin.o
                [!provide]                        PROVIDE (__fini_array_end = .)
                0x0800b3ac                        . = ALIGN (0x4)
                0x0800b3ac                        _sidata = LOADADDR (.data)

.data           0x20000000      0x1e4 load address 0x0800b3ac
                0x20000000                        . = ALIGN (0x4)
                0x20000000                        _sdata = .
 *(.data)
 *(.data*)
 .data.SystemCoreClock
                0x20000000        0x4 cmake/stm32cubemx/CMakeFiles/STM32_Drivers.dir/__/__/Core/Src/system_stm32f1xx.c.obj
                0x20000000                SystemCoreClock
 .data.uwTickPrio
                0x20000004        0x4 cmake/stm32cubemx/CMakeFiles/STM32_Drivers.dir/__/__/Drivers/STM32F1xx_HAL_Driver/Src/stm32f1xx_hal.c.obj
                0x20000004                uwTickPrio
 .data.uwTickFreq
                0x20000008        0x1 cmake/stm32cubemx/CMakeFiles/STM32_Drivers.dir/__/__/Drivers/STM32F1xx_HAL_Driver/Src/stm32f1xx_hal.c.obj
                0x20000008                uwTickFreq
 *fill*         0x20000009        0x3 
 .data.USBD_CDC_DeviceQualifierDesc
                0x2000000c        0xa cmake/stm32cubemx/CMakeFiles/USB_Device_Library.dir/__/__/Middlewares/ST/STM32_USB_Device_Library/Class/CDC/Src/usbd_cdc.c.obj
 *fill*         0x20000016        0x2 
 .data.USBD_CDC
                0x20000018       0x38 cmake/stm32cubemx/CMakeFiles/USB_Device_Library.dir/__/__/Middlewares/ST/STM32_USB_Device_Library/Class/CDC/Src/usbd_cdc.c.obj
                0x20000018                USBD_CDC
 .data.USBD_CDC_CfgHSDesc
                0x20000050       0x43 cmake/stm32cubemx/CMakeFiles/USB_Device_Library.dir/__/__/Middlewares/ST/STM32_USB_Device_Library/Class/CDC/Src/usbd_cdc.c.obj
                0x20000050                USBD_CDC_CfgHSDesc
 *fill*         0x20000093        0x1 
 .data.USBD_CDC_CfgFSDesc
                0x20000094       0x43 cmake/stm32cubemx/CMakeFiles/USB_Device_Library.dir/__/__/Middlewares/ST/STM32_USB_Device_Library/Class/CDC/Src/usbd_cdc.c.obj
                0x20000094                USBD_CDC_CfgFSDesc
 *fill*         0x200000d7        0x1 
 .data.USBD_CDC_OtherSpeedCfgDesc
                0x200000d8       0x43 cmake/stm32cubemx/CMakeFiles/USB_Device_Library.dir/__/__/Middlewares/ST/STM32_USB_Device_Library/Class/CDC/Src/usbd_cdc.c.obj
                0x200000d8                USBD_CDC_OtherSpeedCfgDesc
 *fill*         0x2000011b        0x1 
 .data.FS_Desc  0x2000011c       0x1c CMakeFiles/APM32F103-VirtualCOM-SixStepCommutation-ESC.dir/USB_DEVICE/App/usbd_desc.c.obj
                0x2000011c                FS_Desc
 .data.USBD_FS_DeviceDesc
                0x20000138       0x12 CMakeFiles/APM32F103-VirtualCOM-SixStepCommutation-ESC.dir/USB_DEVICE/App/usbd_desc.c.obj
                0x20000138                USBD_FS_DeviceDesc
 *fill*         0x2000014a        0x2 
 .data.USBD_LangIDDesc
                0x2000014c        0x4 CMakeFiles/APM32F103-VirtualCOM-SixStepCommutation-ESC.dir/USB_DEVICE/App/usbd_desc.c.obj
                0x2000014c                USBD_LangIDDesc
 .data.USBD_StringSerial
                0x20000150       0x1a CMakeFiles/APM32F103-VirtualCOM-SixStepCommutation-ESC.dir/USB_DEVICE/App/usbd_desc.c.obj
                0x20000150                USBD_StringSerial
 *fill*         0x2000016a        0x2 
 .data.USBD_Interface_fops_FS
                0x2000016c       0x10 CMakeFiles/APM32F103-VirtualCOM-SixStepCommutation-ESC.dir/USB_DEVICE/App/usbd_cdc_if.c.obj
                0x2000016c                USBD_Interface_fops_FS
 .data.step_delay
                0x2000017c        0x4 CMakeFiles/APM32F103-VirtualCOM-SixStepCommutation-ESC.dir/Core/Src/main.c.obj
                0x2000017c                step_delay
 .data.closed_loop_threshold
                0x20000180        0x4 CMakeFiles/APM32F103-VirtualCOM-SixStepCommutation-ESC.dir/Core/Src/main.c.obj
                0x20000180                closed_loop_threshold
 .data.pwmDuty  0x20000184        0x4 CMakeFiles/APM32F103-VirtualCOM-SixStepCommutation-ESC.dir/Core/Src/main.c.obj
                0x20000184                pwmDuty
 .data.__sglue  0x20000188        0xc D:/Program Files/Arm/GNU Toolchain mingw-w64-x86_64-arm-none-eabi/bin/../lib/gcc/arm-none-eabi/15.2.1/../../../../arm-none-eabi/lib/thumb/v7-m/nofp\libg_nano.a(libc_a-findfp.o)
                0x20000188                __sglue
 .data._impure_ptr
                0x20000194        0x4 D:/Program Files/Arm/GNU Toolchain mingw-w64-x86_64-arm-none-eabi/bin/../lib/gcc/arm-none-eabi/15.2.1/../../../../arm-none-eabi/lib/thumb/v7-m/nofp\libg_nano.a(libc_a-impure.o)
                0x20000194                _impure_ptr
 .data._impure_data
                0x20000198       0x4c D:/Program Files/Arm/GNU Toolchain mingw-w64-x86_64-arm-none-eabi/bin/../lib/gcc/arm-none-eabi/15.2.1/../../../../arm-none-eabi/lib/thumb/v7-m/nofp\libg_nano.a(libc_a-impure.o)
                0x20000198                _impure_data
 *(.RamFunc)
 *(.RamFunc*)
                0x200001e4                        . = ALIGN (0x4)

.tm_clone_table
                0x200001e4        0x0 load address 0x0800b590
 .tm_clone_table
                0x200001e4        0x0 D:/Program Files/Arm/GNU Toolchain mingw-w64-x86_64-arm-none-eabi/bin/../lib/gcc/arm-none-eabi/15.2.1/thumb/v7-m/nofp/crtbegin.o
 .tm_clone_table
                0x200001e4        0x0 D:/Program Files/Arm/GNU Toolchain mingw-w64-x86_64-arm-none-eabi/bin/../lib/gcc/arm-none-eabi/15.2.1/thumb/v7-m/nofp/crtend.o

.igot.plt       0x200001e4        0x0 load address 0x0800b590
 .igot.plt      0x200001e4        0x0 D:/Program Files/Arm/GNU Toolchain mingw-w64-x86_64-arm-none-eabi/bin/../lib/gcc/arm-none-eabi/15.2.1/thumb/v7-m/nofp/crtbegin.o

.tdata          0x200001e4        0x0 load address 0x0800b590
 *(.tdata .tdata.* .gnu.linkonce.td.*)
                0x200001e4                        . = ALIGN (0x4)
                0x200001e4                        _edata = .
                [!provide]                        PROVIDE (__data_end = .)
                [!provide]                        PROVIDE (__tdata_end = .)
                [!provide]                        PROVIDE (__tdata_start = ADDR (.tdata))
                [!provide]                        PROVIDE (__tdata_size = (__tdata_end - __tdata_start))
                [!provide]                        PROVIDE (__data_start = ADDR (.data))
                [!provide]                        PROVIDE (__data_size = (__data_end - __data_start))
                [!provide]                        PROVIDE (__tdata_source = LOADADDR (.tdata))
                [!provide]                        PROVIDE (__tdata_source_end = (LOADADDR (.tdata) + SIZEOF (.tdata)))
                [!provide]                        PROVIDE (__tdata_source_size = (__tdata_source_end - __tdata_source))
                [!provide]                        PROVIDE (__data_source = LOADADDR (.data))
                [!provide]                        PROVIDE (__data_source_end = __tdata_source_end)
                [!provide]                        PROVIDE (__data_source_size = (__data_source_end - __data_source))

.tbss           0x200001e4        0x0 load address 0x0800b590
                0x200001e4                        _sbss = .
                0x200001e4                        __bss_start__ = _sbss
 *(.tbss .tbss.*)
                0x200001e4                        . = ALIGN (0x4)
                [!provide]                        PROVIDE (__tbss_end = .)
                [!provide]                        PROVIDE (__tbss_start = ADDR (.tbss))
                [!provide]                        PROVIDE (__tbss_size = (__tbss_end - __tbss_start))
                [!provide]                        PROVIDE (__tbss_offset = (ADDR (.tbss) - ADDR (.tdata)))
                [!provide]                        PROVIDE (__tls_base = __tdata_start)
                [!provide]                        PROVIDE (__tls_end = __tbss_end)
                [!provide]                        PROVIDE (__tls_size = (__tls_end - __tls_base))
                [!provide]                        PROVIDE (__tls_align = MAX (ALIGNOF (.tdata), ALIGNOF (.tbss)))
                [!provide]                        PROVIDE (__tls_size_align = (((__tls_size + __tls_align) - 0x1) & ~ ((__tls_align - 0x1))))
                [!provide]                        PROVIDE (__arm32_tls_tcb_offset = MAX (0x8, __tls_align))
                [!provide]                        PROVIDE (__arm64_tls_tcb_offset = MAX (0x10, __tls_align))

.bss            0x200001e4     0x13fc load address 0x0800b590
 *(.bss)
 *(.bss*)
 .bss.completed.1
                0x200001e4        0x1 D:/Program Files/Arm/GNU Toolchain mingw-w64-x86_64-arm-none-eabi/bin/../lib/gcc/arm-none-eabi/15.2.1/thumb/v7-m/nofp/crtbegin.o
 *fill*         0x200001e5        0x3 
 .bss.object.0  0x200001e8       0x18 D:/Program Files/Arm/GNU Toolchain mingw-w64-x86_64-arm-none-eabi/bin/../lib/gcc/arm-none-eabi/15.2.1/thumb/v7-m/nofp/crtbegin.o
 .bss.uwTick    0x20000200        0x4 cmake/stm32cubemx/CMakeFiles/STM32_Drivers.dir/__/__/Drivers/STM32F1xx_HAL_Driver/Src/stm32f1xx_hal.c.obj
                0x20000200                uwTick
 .bss.cfgidx.0  0x20000204        0x1 cmake/stm32cubemx/CMakeFiles/USB_Device_Library.dir/__/__/Middlewares/ST/STM32_USB_Device_Library/Core/Src/usbd_ctlreq.c.obj
 *fill*         0x20000205        0x3 
 .bss.hpcd_USB_FS
                0x20000208      0x2d8 CMakeFiles/APM32F103-VirtualCOM-SixStepCommutation-ESC.dir/USB_DEVICE/Target/usbd_conf.c.obj
                0x20000208                hpcd_USB_FS
 .bss.mem.0     0x200004e0      0x220 CMakeFiles/APM32F103-VirtualCOM-SixStepCommutation-ESC.dir/USB_DEVICE/Target/usbd_conf.c.obj
 .bss.hUsbDeviceFS
                0x20000700      0x2c4 CMakeFiles/APM32F103-VirtualCOM-SixStepCommutation-ESC.dir/USB_DEVICE/App/usb_device.c.obj
                0x20000700                hUsbDeviceFS
 .bss.USBD_StrDesc
                0x200009c4      0x200 CMakeFiles/APM32F103-VirtualCOM-SixStepCommutation-ESC.dir/USB_DEVICE/App/usbd_desc.c.obj
                0x200009c4                USBD_StrDesc
 .bss.UserRxBufferFS
                0x20000bc4      0x400 CMakeFiles/APM32F103-VirtualCOM-SixStepCommutation-ESC.dir/USB_DEVICE/App/usbd_cdc_if.c.obj
                0x20000bc4                UserRxBufferFS
 .bss.UserTxBufferFS
                0x20000fc4      0x400 CMakeFiles/APM32F103-VirtualCOM-SixStepCommutation-ESC.dir/USB_DEVICE/App/usbd_cdc_if.c.obj
                0x20000fc4                UserTxBufferFS
 .bss.RxDataFlag
                0x200013c4        0x1 CMakeFiles/APM32F103-VirtualCOM-SixStepCommutation-ESC.dir/USB_DEVICE/App/usbd_cdc_if.c.obj
                0x200013c4                RxDataFlag
 *fill*         0x200013c5        0x3 
 .bss.RxDataLen
                0x200013c8        0x4 CMakeFiles/APM32F103-VirtualCOM-SixStepCommutation-ESC.dir/USB_DEVICE/App/usbd_cdc_if.c.obj
                0x200013c8                RxDataLen
 .bss.theFirstAdcU
                0x200013cc        0x4 CMakeFiles/APM32F103-VirtualCOM-SixStepCommutation-ESC.dir/Core/Src/main.c.obj
                0x200013cc                theFirstAdcU
 .bss.theSecondAdcU
                0x200013d0        0x4 CMakeFiles/APM32F103-VirtualCOM-SixStepCommutation-ESC.dir/Core/Src/main.c.obj
                0x200013d0                theSecondAdcU
 .bss.currentAdcU
                0x200013d4        0x4 CMakeFiles/APM32F103-VirtualCOM-SixStepCommutation-ESC.dir/Core/Src/main.c.obj
                0x200013d4                currentAdcU
 .bss.theFirstAdcV
                0x200013d8        0x4 CMakeFiles/APM32F103-VirtualCOM-SixStepCommutation-ESC.dir/Core/Src/main.c.obj
                0x200013d8                theFirstAdcV
 .bss.theSecondAdcV
                0x200013dc        0x4 CMakeFiles/APM32F103-VirtualCOM-SixStepCommutation-ESC.dir/Core/Src/main.c.obj
                0x200013dc                theSecondAdcV
 .bss.currentAdcV
                0x200013e0        0x4 CMakeFiles/APM32F103-VirtualCOM-SixStepCommutation-ESC.dir/Core/Src/main.c.obj
                0x200013e0                currentAdcV
 .bss.theFirstAdcW
                0x200013e4        0x4 CMakeFiles/APM32F103-VirtualCOM-SixStepCommutation-ESC.dir/Core/Src/main.c.obj
                0x200013e4                theFirstAdcW
 .bss.theSecondAdcW
                0x200013e8        0x4 CMakeFiles/APM32F103-VirtualCOM-SixStepCommutation-ESC.dir/Core/Src/main.c.obj
                0x200013e8                theSecondAdcW
 .bss.currentAdcW
                0x200013ec        0x4 CMakeFiles/APM32F103-VirtualCOM-SixStepCommutation-ESC.dir/Core/Src/main.c.obj
                0x200013ec                currentAdcW
 .bss.adcU      0x200013f0        0x4 CMakeFiles/APM32F103-VirtualCOM-SixStepCommutation-ESC.dir/Core/Src/main.c.obj
                0x200013f0                adcU
 .bss.adcV      0x200013f4        0x4 CMakeFiles/APM32F103-VirtualCOM-SixStepCommutation-ESC.dir/Core/Src/main.c.obj
                0x200013f4                adcV
 .bss.adcW      0x200013f8        0x4 CMakeFiles/APM32F103-VirtualCOM-SixStepCommutation-ESC.dir/Core/Src/main.c.obj
                0x200013f8                adcW
 .bss.run_mode  0x200013fc        0x1 CMakeFiles/APM32F103-VirtualCOM-SixStepCommutation-ESC.dir/Core/Src/main.c.obj
                0x200013fc                run_mode
 *fill*         0x200013fd        0x3 
 .bss.last_commutation_time
                0x20001400        0x4 CMakeFiles/APM32F103-VirtualCOM-SixStepCommutation-ESC.dir/Core/Src/main.c.obj
                0x20001400                last_commutation_time
 .bss.period_time
                0x20001404        0x4 CMakeFiles/APM32F103-VirtualCOM-SixStepCommutation-ESC.dir/Core/Src/main.c.obj
                0x20001404                period_time
 .bss.step      0x20001408        0x1 CMakeFiles/APM32F103-VirtualCOM-SixStepCommutation-ESC.dir/Core/Src/main.c.obj
                0x20001408                step
 .bss.speed_prescaler.3
                0x20001409        0x1 CMakeFiles/APM32F103-VirtualCOM-SixStepCommutation-ESC.dir/Core/Src/main.c.obj
 *fill*         0x2000140a        0x2 
 .bss.last_print_time.2
                0x2000140c        0x4 CMakeFiles/APM32F103-VirtualCOM-SixStepCommutation-ESC.dir/Core/Src/main.c.obj
 .bss.sum_delta_time.1
                0x20001410        0x4 CMakeFiles/APM32F103-VirtualCOM-SixStepCommutation-ESC.dir/Core/Src/main.c.obj
 .bss.step_counter.0
                0x20001414        0x1 CMakeFiles/APM32F103-VirtualCOM-SixStepCommutation-ESC.dir/Core/Src/main.c.obj
 *fill*         0x20001415        0x3 
 .bss.hadc1     0x20001418       0x30 CMakeFiles/APM32F103-VirtualCOM-SixStepCommutation-ESC.dir/Core/Src/adc.c.obj
                0x20001418                hadc1