Archive member included to satisfy reference by file (symbol)

c:/users/16567/.eide/tools/gcc_arm/bin/../lib/gcc/arm-none-eabi/10.2.1/../../../../arm-none-eabi/lib/thumb/v7-m/nofp\libg_nano.a(lib_a-errno.o)
                              CMakeFiles/APM32F103-VirtualCOM-SixStepCommutation-ESC.dir/Core/Src/sysmem.c.obj (__errno)
c:/users/16567/.eide/tools/gcc_arm/bin/../lib/gcc/arm-none-eabi/10.2.1/../../../../arm-none-eabi/lib/thumb/v7-m/nofp\libg_nano.a(lib_a-exit.o)
                              c:/users/16567/.eide/tools/gcc_arm/bin/../lib/gcc/arm-none-eabi/10.2.1/../../../../arm-none-eabi/lib/thumb/v7-m/nofp/crt0.o (exit)
c:/users/16567/.eide/tools/gcc_arm/bin/../lib/gcc/arm-none-eabi/10.2.1/../../../../arm-none-eabi/lib/thumb/v7-m/nofp\libg_nano.a(lib_a-impure.o)
                              c:/users/16567/.eide/tools/gcc_arm/bin/../lib/gcc/arm-none-eabi/10.2.1/../../../../arm-none-eabi/lib/thumb/v7-m/nofp\libg_nano.a(lib_a-exit.o) (_global_impure_ptr)
c:/users/16567/.eide/tools/gcc_arm/bin/../lib/gcc/arm-none-eabi/10.2.1/../../../../arm-none-eabi/lib/thumb/v7-m/nofp\libg_nano.a(lib_a-init.o)
                              c:/users/16567/.eide/tools/gcc_arm/bin/../lib/gcc/arm-none-eabi/10.2.1/../../../../arm-none-eabi/lib/thumb/v7-m/nofp/crt0.o (__libc_init_array)
c:/users/16567/.eide/tools/gcc_arm/bin/../lib/gcc/arm-none-eabi/10.2.1/../../../../arm-none-eabi/lib/thumb/v7-m/nofp\libg_nano.a(lib_a-memset.o)
                              c:/users/16567/.eide/tools/gcc_arm/bin/../lib/gcc/arm-none-eabi/10.2.1/../../../../arm-none-eabi/lib/thumb/v7-m/nofp/crt0.o (memset)
c:/users/16567/.eide/tools/gcc_arm/bin/../lib/gcc/arm-none-eabi/10.2.1/../../../../arm-none-eabi/lib/thumb/v7-m/nofp\libg_nano.a(lib_a-printf.o)
                              cmake/stm32cubemx/CMakeFiles/USB_Device_Library.dir/__/__/Middlewares/ST/STM32_USB_Device_Library/Core/Src/usbd_core.c.obj (printf)
c:/users/16567/.eide/tools/gcc_arm/bin/../lib/gcc/arm-none-eabi/10.2.1/../../../../arm-none-eabi/lib/thumb/v7-m/nofp\libg_nano.a(lib_a-putchar.o)
                              cmake/stm32cubemx/CMakeFiles/USB_Device_Library.dir/__/__/Middlewares/ST/STM32_USB_Device_Library/Core/Src/usbd_core.c.obj (putchar)
c:/users/16567/.eide/tools/gcc_arm/bin/../lib/gcc/arm-none-eabi/10.2.1/../../../../arm-none-eabi/lib/thumb/v7-m/nofp\libg_nano.a(lib_a-sprintf.o)
                              CMakeFiles/APM32F103-VirtualCOM-SixStepCommutation-ESC.dir/Core/Src/main.c.obj (sprintf)
c:/users/16567/.eide/tools/gcc_arm/bin/../lib/gcc/arm-none-eabi/10.2.1/../../../../arm-none-eabi/lib/thumb/v7-m/nofp\libg_nano.a(lib_a-strlen.o)
                              CMakeFiles/APM32F103-VirtualCOM-SixStepCommutation-ESC.dir/Core/Src/main.c.obj (strlen)
c:/users/16567/.eide/tools/gcc_arm/bin/../lib/gcc/arm-none-eabi/10.2.1/../../../../arm-none-eabi/lib/thumb/v7-m/nofp\libg_nano.a(lib_a-findfp.o)
                              c:/users/16567/.eide/tools/gcc_arm/bin/../lib/gcc/arm-none-eabi/10.2.1/../../../../arm-none-eabi/lib/thumb/v7-m/nofp\libg_nano.a(lib_a-printf.o) (__sinit)
c:/users/16567/.eide/tools/gcc_arm/bin/../lib/gcc/arm-none-eabi/10.2.1/../../../../arm-none-eabi/lib/thumb/v7-m/nofp\libg_nano.a(lib_a-fwalk.o)
                              c:/users/16567/.eide/tools/gcc_arm/bin/../lib/gcc/arm-none-eabi/10.2.1/../../../../arm-none-eabi/lib/thumb/v7-m/nofp\libg_nano.a(lib_a-findfp.o) (_fwalk)
c:/users/16567/.eide/tools/gcc_arm/bin/../lib/gcc/arm-none-eabi/10.2.1/../../../../arm-none-eabi/lib/thumb/v7-m/nofp\libg_nano.a(lib_a-lock.o)
                              c:/users/16567/.eide/tools/gcc_arm/bin/../lib/gcc/arm-none-eabi/10.2.1/../../../../arm-none-eabi/lib/thumb/v7-m/nofp\libg_nano.a(lib_a-findfp.o) (__retarget_lock_init_recursive)
c:/users/16567/.eide/tools/gcc_arm/bin/../lib/gcc/arm-none-eabi/10.2.1/../../../../arm-none-eabi/lib/thumb/v7-m/nofp\libg_nano.a(lib_a-nano-mallocr.o)
                              c:/users/16567/.eide/tools/gcc_arm/bin/../lib/gcc/arm-none-eabi/10.2.1/../../../../arm-none-eabi/lib/thumb/v7-m/nofp\libg_nano.a(lib_a-findfp.o) (_malloc_r)
c:/users/16567/.eide/tools/gcc_arm/bin/../lib/gcc/arm-none-eabi/10.2.1/../../../../arm-none-eabi/lib/thumb/v7-m/nofp\libg_nano.a(lib_a-nano-svfprintf.o)
                              c:/users/16567/.eide/tools/gcc_arm/bin/../lib/gcc/arm-none-eabi/10.2.1/../../../../arm-none-eabi/lib/thumb/v7-m/nofp\libg_nano.a(lib_a-sprintf.o) (_svfprintf_r)
c:/users/16567/.eide/tools/gcc_arm/bin/../lib/gcc/arm-none-eabi/10.2.1/../../../../arm-none-eabi/lib/thumb/v7-m/nofp\libg_nano.a(lib_a-nano-vfprintf.o)
                              c:/users/16567/.eide/tools/gcc_arm/bin/../lib/gcc/arm-none-eabi/10.2.1/../../../../arm-none-eabi/lib/thumb/v7-m/nofp\libg_nano.a(lib_a-printf.o) (_vfprintf_r)
c:/users/16567/.eide/tools/gcc_arm/bin/../lib/gcc/arm-none-eabi/10.2.1/../../../../arm-none-eabi/lib/thumb/v7-m/nofp\libg_nano.a(lib_a-nano-vfprintf_i.o)
[...]
Memory Configuration

Name             Origin             Length             Attributes
RAM              0x20000000         0x00005000         xrw
FLASH            0x08000000         0x00010000         xr
*default*        0x00000000         0xffffffff

Linker script and memory map

LOAD c:/users/16567/.eide/tools/gcc_arm/bin/../lib/gcc/arm-none-eabi/10.2.1/thumb/v7-m/nofp/crti.o
LOAD c:/users/16567/.eide/tools/gcc_arm/bin/../lib/gcc/arm-none-eabi/10.2.1/thumb/v7-m/nofp/crtbegin.o
LOAD c:/users/16567/.eide/tools/gcc_arm/bin/../lib/gcc/arm-none-eabi/10.2.1/../../../../arm-none-eabi/lib/thumb/v7-m/nofp/crt0.o
LOAD cmake/stm32cubemx/CMakeFiles/STM32_Drivers.dir/__/__/Core/Src/system_stm32f1xx.c.obj
LOAD cmake/stm32cubemx/CMakeFiles/STM32_Drivers.dir/__/__/Drivers/STM32F1xx_HAL_Driver/Src/stm32f1xx_hal_gpio_ex.c.obj
LOAD cmake/stm32cubemx/CMakeFiles/STM32_Drivers.dir/__/__/Drivers/STM32F1xx_HAL_Driver/Src/stm32f1xx_hal_pcd.c.obj
LOAD cmake/stm32cubemx/CMakeFiles/STM32_Drivers.dir/__/__/Drivers/STM32F1xx_HAL_Driver/Src/stm32f1xx_hal_pcd_ex.c.obj
LOAD cmake/stm32cubemx/CMakeFiles/STM32_Drivers.dir/__/__/Drivers/STM32F1xx_HAL_Driver/Src/stm32f1xx_ll_usb.c.obj
LOAD cmake/stm32cubemx/CMakeFiles/STM32_Drivers.dir/__/__/Drivers/STM32F1xx_HAL_Driver/Src/stm32f1xx_hal.c.obj
LOAD cmake/stm32cubemx/CMakeFiles/STM32_Drivers.dir/__/__/Drivers/STM32F1xx_HAL_Driver/Src/stm32f1xx_hal_rcc.c.obj
LOAD cmake/stm32cubemx/CMakeFiles/STM32_Drivers.dir/__/__/Drivers/STM32F1xx_HAL_Driver/Src/stm32f1xx_hal_rcc_ex.c.obj
LOAD cmake/stm32cubemx/CMakeFiles/STM32_Drivers.dir/__/__/Drivers/STM32F1xx_HAL_Driver/Src/stm32f1xx_hal_gpio.c.obj
LOAD cmake/stm32cubemx/CMakeFiles/STM32_Drivers.dir/__/__/Drivers/STM32F1xx_HAL_Driver/Src/stm32f1xx_hal_dma.c.obj
LOAD cmake/stm32cubemx/CMakeFiles/STM32_Drivers.dir/__/__/Drivers/STM32F1xx_HAL_Driver/Src/stm32f1xx_hal_cortex.c.obj
LOAD cmake/stm32cubemx/CMakeFiles/STM32_Drivers.dir/__/__/Drivers/STM32F1xx_HAL_Driver/Src/stm32f1xx_hal_pwr.c.obj
LOAD cmake/stm32cubemx/CMakeFiles/STM32_Drivers.dir/__/__/Drivers/STM32F1xx_HAL_Driver/Src/stm32f1xx_hal_flash.c.obj
LOAD cmake/stm32cubemx/CMakeFiles/STM32_Drivers.dir/__/__/Drivers/STM32F1xx_HAL_Driver/Src/stm32f1xx_hal_flash_ex.c.obj
LOAD cmake/stm32cubemx/CMakeFiles/STM32_Drivers.dir/__/__/Drivers/STM32F1xx_HAL_Driver/Src/stm32f1xx_hal_exti.c.obj
LOAD cmake/stm32cubemx/CMakeFiles/STM32_Drivers.dir/__/__/Drivers/STM32F1xx_HAL_Driver/Src/stm32f1xx_hal_adc.c.obj
LOAD cmake/stm32cubemx/CMakeFiles/STM32_Drivers.dir/__/__/Drivers/STM32F1xx_HAL_Driver/Src/stm32f1xx_hal_adc_ex.c.obj
LOAD cmake/stm32cubemx/CMakeFiles/STM32_Drivers.dir/__/__/Drivers/STM32F1xx_HAL_Driver/Src/stm32f1xx_hal_tim.c.obj
LOAD cmake/stm32cubemx/CMakeFiles/STM32_Drivers.dir/__/__/Drivers/STM32F1xx_HAL_Driver/Src/stm32f1xx_hal_tim_ex.c.obj
LOAD cmake/stm32cubemx/CMakeFiles/USB_Device_Library.dir/__/__/Middlewares/ST/STM32_USB_Device_Library/Core/Src/usbd_core.c.obj
LOAD cmake/stm32cubemx/CMakeFiles/USB_Device_Library.dir/__/__/Middlewares/ST/STM32_USB_Device_Library/Core/Src/usbd_ctlreq.c.obj
LOAD cmake/stm32cubemx/CMakeFiles/USB_Device_Library.dir/__/__/Middlewares/ST/STM32_USB_Device_Library/Core/Src/usbd_ioreq.c.obj
LOAD cmake/stm32cubemx/CMakeFiles/USB_Device_Library.dir/__/__/Middlewares/ST/STM32_USB_Device_Library/Class/CDC/Src/usbd_cdc.c.obj
LOAD CMakeFiles/APM32F103-VirtualCOM-SixStepCommutation-ESC.dir/USB_DEVICE/Target/usbd_conf.c.obj
LOAD CMakeFiles/APM32F103-VirtualCOM-SixStepCommutation-ESC.dir/USB_DEVICE/App/usb_device.c.obj
LOAD CMakeFiles/APM32F103-VirtualCOM-SixStepCommutation-ESC.dir/USB_DEVICE/App/usbd_desc.c.obj
LOAD CMakeFiles/APM32F103-VirtualCOM-SixStepCommutation-ESC.dir/USB_DEVICE/App/usbd_cdc_if.c.obj
LOAD CMakeFiles/APM32F103-VirtualCOM-SixStepCommutation-ESC.dir/Core/Src/main.c.obj
LOAD CMakeFiles/APM32F103-VirtualCOM-SixStepCommutation-ESC.dir/Core/Src/gpio.c.obj
LOAD CMakeFiles/APM32F103-VirtualCOM-SixStepCommutation-ESC.dir/Core/Src/adc.c.obj
LOAD CMakeFiles/APM32F103-VirtualCOM-SixStepCommutation-ESC.dir/Core/Src/tim.c.obj
LOAD CMakeFiles/APM32F103-VirtualCOM-SixStepCommutation-ESC.dir/Core/Src/stm32f1xx_it.c.obj
LOAD CMakeFiles/APM32F103-VirtualCOM-SixStepCommutation-ESC.dir/Core/Src/stm32f1xx_hal_msp.c.obj
LOAD CMakeFiles/APM32F103-VirtualCOM-SixStepCommutation-ESC.dir/Core/Src/sysmem.c.obj
LOAD CMakeFiles/APM32F103-VirtualCOM-SixStepCommutation-ESC.dir/Core/Src/syscalls.c.obj
LOAD CMakeFiles/APM32F103-VirtualCOM-SixStepCommutation-ESC.dir/startup_stm32f103xb.s.obj
LOAD c:/users/16567/.eide/tools/gcc_arm/bin/../lib/gcc/arm-none-eabi/10.2.1/../../../../arm-none-eabi/lib/thumb/v7-m/nofp\libm.a
START GROUP
LOAD c:/users/16567/.eide/tools/gcc_arm/bin/../lib/gcc/arm-none-eabi/10.2.1/thumb/v7-m/nofp\libgcc.a
LOAD c:/users/16567/.eide/tools/gcc_arm/bin/../lib/gcc/arm-none-eabi/10.2.1/../../../../arm-none-eabi/lib/thumb/v7-m/nofp\libg_nano.a
LOAD c:/users/16567/.eide/tools/gcc_arm/bin/../lib/gcc/arm-none-eabi/10.2.1/../../../../arm-none-eabi/lib/thumb/v7-m/nofp\libc_nano.a
END GROUP
START GROUP
LOAD c:/users/16567/.eide/tools/gcc_arm/bin/../lib/gcc/arm-none-eabi/10.2.1/thumb/v7-m/nofp\libgcc.a
LOAD c:/users/16567/.eide/tools/gcc_arm/bin/../lib/gcc/arm-none-eabi/10.2.1/../../../../arm-none-eabi/lib/thumb/v7-m/nofp\libc_nano.a
END GROUP
LOAD c:/users/16567/.eide/tools/gcc_arm/bin/../lib/gcc/arm-none-eabi/10.2.1/thumb/v7-m/nofp/crtend.o
LOAD c:/users/16567/.eide/tools/gcc_arm/bin/../lib/gcc/arm-none-eabi/10.2.1/thumb/v7-m/nofp/crtn.o
                0x20005000                _estack = (ORIGIN (RAM) + LENGTH (RAM))
                0x00000300                _Min_Heap_Size = 0x300
                0x00001000                _Min_Stack_Size = 0x1000

.isr_vector     0x08000000      0x10c
                0x08000000                . = ALIGN (0x4)
 *(.isr_vector)
 .isr_vector    0x08000000      0x10c CMakeFiles/APM32F103-VirtualCOM-SixStepCommutation-ESC.dir/startup_stm32f103xb.s.obj
                0x08000000                g_pfnVectors
                0x0800010c                . = ALIGN (0x4)

.text           0x0800010c     0x5a78
                0x0800010c                . = ALIGN (0x4)
 *(.text)
 .text          0x0800010c       0x40 c:/users/16567/.eide/tools/gcc_arm/bin/../lib/gcc/arm-none-eabi/10.2.1/thumb/v7-m/nofp/crtbegin.o
 .text          0x0800014c       0x10 c:/users/16567/.eide/tools/gcc_arm/bin/../lib/gcc/arm-none-eabi/10.2.1/../../../../arm-none-eabi/lib/thumb/v7-m/nofp\libg_nano.a(lib_a-strlen.o)
                0x0800014c                strlen
 *(.text*)
 .text.SystemInit
                0x0800015c        0x2 cmake/stm32cubemx/CMakeFiles/STM32_Drivers.dir/__/__/Core/Src/system_stm32f1xx.c.obj
                0x0800015c                SystemInit
 .text.HAL_PCD_Init
                0x0800015e       0xcc cmake/stm32cubemx/CMakeFiles/STM32_Drivers.dir/__/__/Drivers/STM32F1xx_HAL_Driver/Src/stm32f1xx_hal_pcd.c.obj
                0x0800015e                HAL_PCD_Init
 .text.HAL_PCD_Start
                0x0800022a       0x32 cmake/stm32cubemx/CMakeFiles/STM32_Drivers.dir/__/__/Drivers/STM32F1xx_HAL_Driver/Src/stm32f1xx_hal_pcd.c.obj
                0x0800022a                HAL_PCD_Start
 .text.HAL_PCD_SetAddress
                0x0800025c       0x26 cmake/stm32cubemx/CMakeFiles/STM32_Drivers.dir/__/__/Drivers/STM32F1xx_HAL_Driver/Src/stm32f1xx_hal_pcd.c.obj
                0x0800025c                HAL_PCD_SetAddress
 *fill*         0x08000282        0x2 
 .text.HAL_PCD_IRQHandler
                0x08000284      0x9a0 cmake/stm32cubemx/CMakeFiles/STM32_Drivers.dir/__/__/Drivers/STM32F1xx_HAL_Driver/Src/stm32f1xx_hal_pcd.c.obj
                0x08000284                HAL_PCD_IRQHandler
 .text.HAL_PCD_EP_Open
                0x08000c24       0x60 cmake/stm32cubemx/CMakeFiles/STM32_Drivers.dir/__/__/Drivers/STM32F1xx_HAL_Driver/Src/stm32f1xx_hal_pcd.c.obj
                0x08000c24                HAL_PCD_EP_Open
 .text.HAL_PCD_EP_Close
                0x08000c84       0x50 cmake/stm32cubemx/CMakeFiles/STM32_Drivers.dir/__/__/Drivers/STM32F1xx_HAL_Driver/Src/stm32f1xx_hal_pcd.c.obj
                0x08000c84                HAL_PCD_EP_Close
 .text.HAL_PCD_EP_Receive
                0x08000cd4       0x2e cmake/stm32cubemx/CMakeFiles/STM32_Drivers.dir/__/__/Drivers/STM32F1xx_HAL_Driver/Src/stm32f1xx_hal_pcd.c.obj
                0x08000cd4                HAL_PCD_EP_Receive
 .text.HAL_PCD_EP_GetRxCount
                0x08000d02       0x10 cmake/stm32cubemx/CMakeFiles/STM32_Drivers.dir/__/__/Drivers/STM32F1xx_HAL_Driver/Src/stm32f1xx_hal_pcd.c.obj
                0x08000d02                HAL_PCD_EP_GetRxCount
 .text.HAL_PCD_EP_Transmit
                0x08000d12       0x2e cmake/stm32cubemx/CMakeFiles/STM32_Drivers.dir/__/__/Drivers/STM32F1xx_HAL_Driver/Src/stm32f1xx_hal_pcd.c.obj
                0x08000d12                HAL_PCD_EP_Transmit
 .text.HAL_PCD_EP_SetStall
                0x08000d40       0x6c cmake/stm32cubemx/CMakeFiles/STM32_Drivers.dir/__/__/Drivers/STM32F1xx_HAL_Driver/Src/stm32f1xx_hal_pcd.c.obj
                0x08000d40                HAL_PCD_EP_SetStall
 .text.HAL_PCD_EP_ClrStall
                0x08000dac       0x64 cmake/stm32cubemx/CMakeFiles/STM32_Drivers.dir/__/__/Drivers/STM32F1xx_HAL_Driver/Src/stm32f1xx_hal_pcd.c.obj
                0x08000dac                HAL_PCD_EP_ClrStall
 .text.HAL_PCDEx_PMAConfig
                0x08000e10       0x32 cmake/stm32cubemx/CMakeFiles/STM32_Drivers.dir/__/__/Drivers/STM32F1xx_HAL_Driver/Src/stm32f1xx_hal_pcd_ex.c.obj
                0x08000e10                HAL_PCDEx_PMAConfig
 .text.USB_CoreInit
                0x08000e42        0xe cmake/stm32cubemx/CMakeFiles/STM32_Drivers.dir/__/__/Drivers/STM32F1xx_HAL_Driver/Src/stm32f1xx_ll_usb.c.obj
                0x08000e42                USB_CoreInit
 .text.USB_EnableGlobalInt
                0x08000e50       0x12 cmake/stm32cubemx/CMakeFiles/STM32_Drivers.dir/__/__/Drivers/STM32F1xx_HAL_Driver/Src/stm32f1xx_ll_usb.c.obj
                0x08000e50                USB_EnableGlobalInt
 .text.USB_DisableGlobalInt
                0x08000e62       0x14 cmake/stm32cubemx/CMakeFiles/STM32_Drivers.dir/__/__/Drivers/STM32F1xx_HAL_Driver/Src/stm32f1xx_ll_usb.c.obj
                0x08000e62                USB_DisableGlobalInt
 .text.USB_SetCurrentMode
                0x08000e76        0x4 cmake/stm32cubemx/CMakeFiles/STM32_Drivers.dir/__/__/Drivers/STM32F1xx_HAL_Driver/Src/stm32f1xx_ll_usb.c.obj
                0x08000e76                USB_SetCurrentMode
 .text.USB_DevInit
                0x08000e7a       0x22 cmake/stm32cubemx/CMakeFiles/STM32_Drivers.dir/__/__/Drivers/STM32F1xx_HAL_Driver/Src/stm32f1xx_ll_usb.c.obj
                0x08000e7a                USB_DevInit
 .text.USB_ActivateEndpoint
                0x08000e9c      0x2c4 cmake/stm32cubemx/CMakeFiles/STM32_Drivers.dir/__/__/Drivers/STM32F1xx_HAL_Driver/Src/stm32f1xx_ll_usb.c.obj
                0x08000e9c                USB_ActivateEndpoint
 .text.USB_DeactivateEndpoint
                0x08001160      0x1a2 cmake/stm32cubemx/CMakeFiles/STM32_Drivers.dir/__/__/Drivers/STM32F1xx_HAL_Driver/Src/stm32f1xx_ll_usb.c.obj
                0x08001160                USB_DeactivateEndpoint
 .text.USB_EPSetStall
                0x08001302       0x40 cmake/stm32cubemx/CMakeFiles/STM32_Drivers.dir/__/__/Drivers/STM32F1xx_HAL_Driver/Src/stm32f1xx_ll_usb.c.obj
                0x08001302                USB_EPSetStall
 .text.USB_EPClearStall
                0x08001342       0x92 cmake/stm32cubemx/CMakeFiles/STM32_Drivers.dir/__/__/Drivers/STM32F1xx_HAL_Driver/Src/stm32f1xx_ll_usb.c.obj
                0x08001342                USB_EPClearStall
 .text.USB_SetDevAddress
                0x080013d4        0xc cmake/stm32cubemx/CMakeFiles/STM32_Drivers.dir/__/__/Drivers/STM32F1xx_HAL_Driver/Src/stm32f1xx_ll_usb.c.obj
                0x080013d4                USB_SetDevAddress
 .text.USB_DevConnect
                0x080013e0        0x4 cmake/stm32cubemx/CMakeFiles/STM32_Drivers.dir/__/__/Drivers/STM32F1xx_HAL_Driver/Src/stm32f1xx_ll_usb.c.obj
                0x080013e0                USB_DevConnect
 .text.USB_DevDisconnect
                0x080013e4        0x4 cmake/stm32cubemx/CMakeFiles/STM32_Drivers.dir/__/__/Drivers/STM32F1xx_HAL_Driver/Src/stm32f1xx_ll_usb.c.obj
                0x080013e4                USB_DevDisconnect
 .text.USB_ReadInterrupts
                0x080013e8        0x8 cmake/stm32cubemx/CMakeFiles/STM32_Drivers.dir/__/__/Drivers/STM32F1xx_HAL_Driver/Src/stm32f1xx_ll_usb.c.obj
                0x080013e8                USB_ReadInterrupts
 .text.USB_EP0_OutStart
                0x080013f0        0x4 cmake/stm32cubemx/CMakeFiles/STM32_Drivers.dir/__/__/Drivers/STM32F1xx_HAL_Driver/Src/stm32f1xx_ll_usb.c.obj
                0x080013f0                USB_EP0_OutStart
 .text.USB_WritePMA
                0x080013f4       0x20 cmake/stm32cubemx/CMakeFiles/STM32_Drivers.dir/__/__/Drivers/STM32F1xx_HAL_Driver/Src/stm32f1xx_ll_usb.c.obj
                0x080013f4                USB_WritePMA
 .text.USB_EPStartXfer
                0x08001414      0x470 cmake/stm32cubemx/CMakeFiles/STM32_Drivers.dir/__/__/Drivers/STM32F1xx_HAL_Driver/Src/stm32f1xx_ll_usb.c.obj
                0x08001414                USB_EPStartXfer
 .text.USB_ReadPMA
                0x08001884       0x38 cmake/stm32cubemx/CMakeFiles/STM32_Drivers.dir/__/__/Drivers/STM32F1xx_HAL_Driver/Src/stm32f1xx_ll_usb.c.obj
                0x08001884                USB_ReadPMA
 .text.HAL_InitTick
                0x080018bc       0x48 cmake/stm32cubemx/CMakeFiles/STM32_Drivers.dir/__/__/Drivers/STM32F1xx_HAL_Driver/Src/stm32f1xx_hal.c.obj
                0x080018bc                HAL_InitTick
 .text.HAL_Init
                0x08001904       0x24 cmake/stm32cubemx/CMakeFiles/STM32_Drivers.dir/__/__/Drivers/STM32F1xx_HAL_Driver/Src/stm32f1xx_hal.c.obj
                0x08001904                HAL_Init
 .text.HAL_IncTick
                0x08001928       0x18 cmake/stm32cubemx/CMakeFiles/STM32_Drivers.dir/__/__/Drivers/STM32F1xx_HAL_Driver/Src/stm32f1xx_hal.c.obj
                0x08001928                HAL_IncTick
 .text.HAL_GetTick
                0x08001940        0xc cmake/stm32cubemx/CMakeFiles/STM32_Drivers.dir/__/__/Drivers/STM32F1xx_HAL_Driver/Src/stm32f1xx_hal.c.obj
                0x08001940                HAL_GetTick
 .text.HAL_Delay
                0x0800194c       0x24 cmake/stm32cubemx/CMakeFiles/STM32_Drivers.dir/__/__/Drivers/STM32F1xx_HAL_Driver/Src/stm32f1xx_hal.c.obj
                0x0800194c                HAL_Delay
 .text.HAL_RCC_OscConfig
                0x08001970      0x338 cmake/stm32cubemx/CMakeFiles/STM32_Drivers.dir/__/__/Drivers/STM32F1xx_HAL_Driver/Src/stm32f1xx_hal_rcc.c.obj
                0x08001970                HAL_RCC_OscConfig
 .text.HAL_RCC_EnableCSS
                0x08001ca8        0xc cmake/stm32cubemx/CMakeFiles/STM32_Drivers.dir/__/__/Drivers/STM32F1xx_HAL_Driver/Src/stm32f1xx_hal_rcc.c.obj
                0x08001ca8                HAL_RCC_EnableCSS
 .text.HAL_RCC_GetSysClockFreq
                0x08001cb4       0x4c cmake/stm32cubemx/CMakeFiles/STM32_Drivers.dir/__/__/Drivers/STM32F1xx_HAL_Driver/Src/stm32f1xx_hal_rcc.c.obj
                0x08001cb4                HAL_RCC_GetSysClockFreq
 .text.HAL_RCC_ClockConfig
                0x08001d00      0x138 cmake/stm32cubemx/CMakeFiles/STM32_Drivers.dir/__/__/Drivers/STM32F1xx_HAL_Driver/Src/stm32f1xx_hal_rcc.c.obj
                0x08001d00                HAL_RCC_ClockConfig
 .text.HAL_RCC_GetPCLK2Freq
                0x08001e38       0x20 cmake/stm32cubemx/CMakeFiles/STM32_Drivers.dir/__/__/Drivers/STM32F1xx_HAL_Driver/Src/stm32f1xx_hal_rcc.c.obj
                0x08001e38                HAL_RCC_GetPCLK2Freq
 .text.HAL_RCC_CSSCallback
                0x08001e58        0x2 cmake/stm32cubemx/CMakeFiles/STM32_Drivers.dir/__/__/Drivers/STM32F1xx_HAL_Driver/Src/stm32f1xx_hal_rcc.c.obj
                0x08001e58                HAL_RCC_CSSCallback
 *fill*         0x08001e5a        0x2 
 .text.HAL_RCC_NMI_IRQHandler
                0x08001e5c       0x18 cmake/stm32cubemx/CMakeFiles/STM32_Drivers.dir/__/__/Drivers/STM32F1xx_HAL_Driver/Src/stm32f1xx_hal_rcc.c.obj
                0x08001e5c                HAL_RCC_NMI_IRQHandler
 .text.HAL_RCCEx_PeriphCLKConfig
                0x08001e74       0xf4 cmake/stm32cubemx/CMakeFiles/STM32_Drivers.dir/__/__/Drivers/STM32F1xx_HAL_Driver/Src/stm32f1xx_hal_rcc_ex.c.obj
                0x08001e74                HAL_RCCEx_PeriphCLKConfig
 .text.HAL_RCCEx_GetPeriphCLKFreq
                0x08001f68       0xbc cmake/stm32cubemx/CMakeFiles/STM32_Drivers.dir/__/__/Drivers/STM32F1xx_HAL_Driver/Src/stm32f1xx_hal_rcc_ex.c.obj
                0x08001f68                HAL_RCCEx_GetPeriphCLKFreq
 .text.HAL_GPIO_Init
                0x08002024      0x1b4 cmake/stm32cubemx/CMakeFiles/STM32_Drivers.dir/__/__/Drivers/STM32F1xx_HAL_Driver/Src/stm32f1xx_hal_gpio.c.obj
                0x08002024                HAL_GPIO_Init
 .text.HAL_NVIC_SetPriorityGrouping
                0x080021d8       0x24 cmake/stm32cubemx/CMakeFiles/STM32_Drivers.dir/__/__/Drivers/STM32F1xx_HAL_Driver/Src/stm32f1xx_hal_cortex.c.obj
                0x080021d8                HAL_NVIC_SetPriorityGrouping
 .text.HAL_NVIC_SetPriority
                0x080021fc       0x64 cmake/stm32cubemx/CMakeFiles/STM32_Drivers.dir/__/__/Drivers/STM32F1xx_HAL_Driver/Src/stm32f1xx_hal_cortex.c.obj
                0x080021fc                HAL_NVIC_SetPriority
 .text.HAL_NVIC_EnableIRQ
                0x08002260       0x1c cmake/stm32cubemx/CMakeFiles/STM32_Drivers.dir/__/__/Drivers/STM32F1xx_HAL_Driver/Src/stm32f1xx_hal_cortex.c.obj
                0x08002260                HAL_NVIC_EnableIRQ
 .text.HAL_SYSTICK_Config
                0x0800227c       0x28 cmake/stm32cubemx/CMakeFiles/STM32_Drivers.dir/__/__/Drivers/STM32F1xx_HAL_Driver/Src/stm32f1xx_hal_cortex.c.obj
                0x0800227c                HAL_SYSTICK_Config
 .text.HAL_ADC_ConvCpltCallback
                0x080022a4        0x2 cmake/stm32cubemx/CMakeFiles/STM32_Drivers.dir/__/__/Drivers/STM32F1xx_HAL_Driver/Src/stm32f1xx_hal_adc.c.obj
                0x080022a4                HAL_ADC_ConvCpltCallback
 .text.HAL_ADC_LevelOutOfWindowCallback
                0x080022a6        0x2 cmake/stm32cubemx/CMakeFiles/STM32_Drivers.dir/__/__/Drivers/STM32F1xx_HAL_Driver/Src/stm32f1xx_hal_adc.c.obj
                0x080022a6                HAL_ADC_LevelOutOfWindowCallback
 .text.HAL_ADC_IRQHandler
                0x080022a8       0xe2 cmake/stm32cubemx/CMakeFiles/STM32_Drivers.dir/__/__/Drivers/STM32F1xx_HAL_Driver/Src/stm32f1xx_hal_adc.c.obj
                0x080022a8                HAL_ADC_IRQHandler
 *fill*         0x0800238a        0x2 
 .text.ADC_Enable
                0x0800238c       0x78 cmake/stm32cubemx/CMakeFiles/STM32_Drivers.dir/__/__/Drivers/STM32F1xx_HAL_Driver/Src/stm32f1xx_hal_adc.c.obj
                0x0800238c                ADC_Enable
 .text.ADC_ConversionStop_Disable
                0x08002404       0x4c cmake/stm32cubemx/CMakeFiles/STM32_Drivers.dir/__/__/Drivers/STM32F1xx_HAL_Driver/Src/stm32f1xx_hal_adc.c.obj
                0x08002404                ADC_ConversionStop_Disable
 .text.HAL_ADC_Init
                0x08002450       0xfc cmake/stm32cubemx/CMakeFiles/STM32_Drivers.dir/__/__/Drivers/STM32F1xx_HAL_Driver/Src/stm32f1xx_hal_adc.c.obj
                0x08002450                HAL_ADC_Init
 .text.HAL_ADCEx_Calibration_Start
                0x0800254c       0xe0 cmake/stm32cubemx/CMakeFiles/STM32_Drivers.dir/__/__/Drivers/STM32F1xx_HAL_Driver/Src/stm32f1xx_hal_adc_ex.c.obj
                0x0800254c                HAL_ADCEx_Calibration_Start
 .text.HAL_ADCEx_InjectedStart_IT
                0x0800262c       0xb4 cmake/stm32cubemx/CMakeFiles/STM32_Drivers.dir/__/__/Drivers/STM32F1xx_HAL_Driver/Src/stm32f1xx_hal_adc_ex.c.obj
                0x0800262c                HAL_ADCEx_InjectedStart_IT
 .text.HAL_ADCEx_InjectedGetValue
                0x080026e0       0x1e cmake/stm32cubemx/CMakeFiles/STM32_Drivers.dir/__/__/Drivers/STM32F1xx_HAL_Driver/Src/stm32f1xx_hal_adc_ex.c.obj
                0x080026e0                HAL_ADCEx_InjectedGetValue
 *fill*         0x080026fe        0x2 
 .text.HAL_ADCEx_InjectedConfigChannel
                0x08002700      0x1c8 cmake/stm32cubemx/CMakeFiles/STM32_Drivers.dir/__/__/Drivers/STM32F1xx_HAL_Driver/Src/stm32f1xx_hal_adc_ex.c.obj
                0x08002700                HAL_ADCEx_InjectedConfigChannel
 .text.TIM_OC1_SetConfig
                0x080028c8       0x50 cmake/stm32cubemx/CMakeFiles/STM32_Drivers.dir/__/__/Drivers/STM32F1xx_HAL_Driver/Src/stm32f1xx_hal_tim.c.obj
 .text.TIM_OC3_SetConfig
                0x08002918       0x54 cmake/stm32cubemx/CMakeFiles/STM32_Drivers.dir/__/__/Drivers/STM32F1xx_HAL_Driver/Src/stm32f1xx_hal_tim.c.obj
 .text.TIM_OC4_SetConfig
                0x0800296c       0x44 cmake/stm32cubemx/CMakeFiles/STM32_Drivers.dir/__/__/Drivers/STM32F1xx_HAL_Driver/Src/stm32f1xx_hal_tim.c.obj
 .text.HAL_TIM_GenerateEvent
                0x080029b0       0x24 cmake/stm32cubemx/CMakeFiles/STM32_Drivers.dir/__/__/Drivers/STM32F1xx_HAL_Driver/Src/stm32f1xx_hal_tim.c.obj
                0x080029b0                HAL_TIM_GenerateEvent
 .text.HAL_TIM_PeriodElapsedCallback
                0x080029d4        0x2 cmake/stm32cubemx/CMakeFiles/STM32_Drivers.dir/__/__/Drivers/STM32F1xx_HAL_Driver/Src/stm32f1xx_hal_tim.c.obj
                0x080029d4                HAL_TIM_PeriodElapsedCallback
 .text.HAL_TIM_OC_DelayElapsedCallback
                0x080029d6        0x2 cmake/stm32cubemx/CMakeFiles/STM32_Drivers.dir/__/__/Drivers/STM32F1xx_HAL_Driver/Src/stm32f1xx_hal_tim.c.obj
                0x080029d6                HAL_TIM_OC_DelayElapsedCallback
 .text.HAL_TIM_IC_CaptureCallback
                0x080029d8        0x2 cmake/stm32cubemx/CMakeFiles/STM32_Drivers.dir/__/__/Drivers/STM32F1xx_HAL_Driver/Src/stm32f1xx_hal_tim.c.obj
                0x080029d8                HAL_TIM_IC_CaptureCallback
 .text.HAL_TIM_PWM_PulseFinishedCallback
                0x080029da        0x2 cmake/stm32cubemx/CMakeFiles/STM32_Drivers.dir/__/__/Drivers/STM32F1xx_HAL_Driver/Src/stm32f1xx_hal_tim.c.obj
                0x080029da                HAL_TIM_PWM_PulseFinishedCallback
 .text.HAL_TIM_TriggerCallback
                0x080029dc        0x2 cmake/stm32cubemx/CMakeFiles/STM32_Drivers.dir/__/__/Drivers/STM32F1xx_HAL_Driver/Src/stm32f1xx_hal_tim.c.obj
                0x080029dc                HAL_TIM_TriggerCallback
 .text.HAL_TIM_IRQHandler
                0x080029de      0x128 cmake/stm32cubemx/CMakeFiles/STM32_Drivers.dir/__/__/Drivers/STM32F1xx_HAL_Driver/Src/stm32f1xx_hal_tim.c.obj
                0x080029de                HAL_TIM_IRQHandler
 *fill*         0x08002b06        0x2 
 .text.TIM_Base_SetConfig
                0x08002b08       0x80 cmake/stm32cubemx/CMakeFiles/STM32_Drivers.dir/__/__/Drivers/STM32F1xx_HAL_Driver/Src/stm32f1xx_hal_tim.c.obj
                0x08002b08                TIM_Base_SetConfig
 .text.HAL_TIM_PWM_Init
                0x08002b88       0x58 cmake/stm32cubemx/CMakeFiles/STM32_Drivers.dir/__/__/Drivers/STM32F1xx_HAL_Driver/Src/stm32f1xx_hal_tim.c.obj
                0x08002b88                HAL_TIM_PWM_Init
 .text.TIM_OC2_SetConfig
                0x08002be0       0x58 cmake/stm32cubemx/CMakeFiles/STM32_Drivers.dir/__/__/Drivers/STM32F1xx_HAL_Driver/Src/stm32f1xx_hal_tim.c.obj
                0x08002be0                TIM_OC2_SetConfig
 .text.HAL_TIM_PWM_ConfigChannel
                0x08002c38       0xb8 cmake/stm32cubemx/CMakeFiles/STM32_Drivers.dir/__/__/Drivers/STM32F1xx_HAL_Driver/Src/stm32f1xx_hal_tim.c.obj
                0x08002c38                HAL_TIM_PWM_ConfigChannel
 .text.TIM_CCxChannelCmd
                0x08002cf0       0x1c cmake/stm32cubemx/CMakeFiles/STM32_Drivers.dir/__/__/Drivers/STM32F1xx_HAL_Driver/Src/stm32f1xx_hal_tim.c.obj
                0x08002cf0                TIM_CCxChannelCmd
 .text.HAL_TIM_OC_Start
                0x08002d0c       0xa4 cmake/stm32cubemx/CMakeFiles/STM32_Drivers.dir/__/__/Drivers/STM32F1xx_HAL_Driver/Src/stm32f1xx_hal_tim.c.obj
                0x08002d0c                HAL_TIM_OC_Start
 .text.HAL_TIM_PWM_Start
                0x08002db0        0x4 cmake/stm32cubemx/CMakeFiles/STM32_Drivers.dir/__/__/Drivers/STM32F1xx_HAL_Driver/Src/stm32f1xx_hal_tim.c.obj
                0x08002db0                HAL_TIM_PWM_Start
 .text.TIM_CCxNChannelCmd
                0x08002db4       0x1c cmake/stm32cubemx/CMakeFiles/STM32_Drivers.dir/__/__/Drivers/STM32F1xx_HAL_Driver/Src/stm32f1xx_hal_tim_ex.c.obj
 .text.HAL_TIMEx_OCN_Start
                0x08002dd0       0x98 cmake/stm32cubemx/CMakeFiles/STM32_Drivers.dir/__/__/Drivers/STM32F1xx_HAL_Driver/Src/stm32f1xx_hal_tim_ex.c.obj
                0x08002dd0                HAL_TIMEx_OCN_Start
 .text.HAL_TIMEx_PWMN_Start
                0x08002e68        0x4 cmake/stm32cubemx/CMakeFiles/STM32_Drivers.dir/__/__/Drivers/STM32F1xx_HAL_Driver/Src/stm32f1xx_hal_tim_ex.c.obj
                0x08002e68                HAL_TIMEx_PWMN_Start
 .text.HAL_TIMEx_MasterConfigSynchronization
                0x08002e6c       0x5c cmake/stm32cubemx/CMakeFiles/STM32_Drivers.dir/__/__/Drivers/STM32F1xx_HAL_Driver/Src/stm32f1xx_hal_tim_ex.c.obj
                0x08002e6c                HAL_TIMEx_MasterConfigSynchronization
 .text.HAL_TIMEx_ConfigBreakDeadTime
                0x08002ec8       0x4c cmake/stm32cubemx/CMakeFiles/STM32_Drivers.dir/__/__/Drivers/STM32F1xx_HAL_Driver/Src/stm32f1xx_hal_tim_ex.c.obj
                0x08002ec8                HAL_TIMEx_ConfigBreakDeadTime
 .text.HAL_TIMEx_CommutCallback
                0x08002f14        0x2 cmake/stm32cubemx/CMakeFiles/STM32_Drivers.dir/__/__/Drivers/STM32F1xx_HAL_Driver/Src/stm32f1xx_hal_tim_ex.c.obj
                0x08002f14                HAL_TIMEx_CommutCallback
 .text.HAL_TIMEx_BreakCallback
                0x08002f16        0x2 cmake/stm32cubemx/CMakeFiles/STM32_Drivers.dir/__/__/Drivers/STM32F1xx_HAL_Driver/Src/stm32f1xx_hal_tim_ex.c.obj
                0x08002f16                HAL_TIMEx_BreakCallback
 .text.USBD_Init
                0x08002f18       0x44 cmake/stm32cubemx/CMakeFiles/USB_Device_Library.dir/__/__/Middlewares/ST/STM32_USB_Device_Library/Core/Src/usbd_core.c.obj
                0x08002f18                USBD_Init
 .text.USBD_RegisterClass
                0x08002f5c       0x2c cmake/stm32cubemx/CMakeFiles/USB_Device_Library.dir/__/__/Middlewares/ST/STM32_USB_Device_Library/Core/Src/usbd_core.c.obj
                0x08002f5c                USBD_RegisterClass
 .text.USBD_Start
                0x08002f88        0xa cmake/stm32cubemx/CMakeFiles/USB_Device_Library.dir/__/__/Middlewares/ST/STM32_USB_Device_Library/Core/Src/usbd_core.c.obj
                0x08002f88                USBD_Start
 .text.USBD_SetClassConfig
                0x08002f92       0x16 cmake/stm32cubemx/CMakeFiles/USB_Device_Library.dir/__/__/Middlewares/ST/STM32_USB_Device_Library/Core/Src/usbd_core.c.obj
                0x08002f92                USBD_SetClassConfig
 .text.USBD_ClrClassConfig
                0x08002fa8        0xe cmake/stm32cubemx/CMakeFiles/USB_Device_Library.dir/__/__/Middlewares/ST/STM32_USB_Device_Library/Core/Src/usbd_core.c.obj
                0x08002fa8                USBD_ClrClassConfig
 .text.USBD_LL_SetupStage
                0x08002fb6       0x5a cmake/stm32cubemx/CMakeFiles/USB_Device_Library.dir/__/__/Middlewares/ST/STM32_USB_Device_Library/Core/Src/usbd_core.c.obj
                0x08002fb6                USBD_LL_SetupStage
 .text.USBD_LL_DataOutStage
                0x08003010       0x74 cmake/stm32cubemx/CMakeFiles/USB_Device_Library.dir/__/__/Middlewares/ST/STM32_USB_Device_Library/Core/Src/usbd_core.c.obj
                0x08003010                USBD_LL_DataOutStage
 .text.USBD_LL_DataInStage
                0x08003084       0xb6 cmake/stm32cubemx/CMakeFiles/USB_Device_Library.dir/__/__/Middlewares/ST/STM32_USB_Device_Library/Core/Src/usbd_core.c.obj
                0x08003084                USBD_LL_DataInStage
 .text.USBD_LL_Reset
                0x0800313a       0x4e cmake/stm32cubemx/CMakeFiles/USB_Device_Library.dir/__/__/Middlewares/ST/STM32_USB_Device_Library/Core/Src/usbd_core.c.obj
                0x0800313a                USBD_LL_Reset
 .text.USBD_LL_SetSpeed
                0x08003188        0x6 cmake/stm32cubemx/CMakeFiles/USB_Device_Library.dir/__/__/Middlewares/ST/STM32_USB_Device_Library/Core/Src/usbd_core.c.obj
                0x08003188                USBD_LL_SetSpeed
 .text.USBD_LL_Suspend
                0x0800318e       0x12 cmake/stm32cubemx/CMakeFiles/USB_Device_Library.dir/__/__/Middlewares/ST/STM32_USB_Device_Library/Core/Src/usbd_core.c.obj
                0x0800318e                USBD_LL_Suspend
 .text.USBD_LL_Resume
                0x080031a0       0x14 cmake/stm32cubemx/CMakeFiles/USB_Device_Library.dir/__/__/Middlewares/ST/STM32_USB_Device_Library/Core/Src/usbd_core.c.obj
                0x080031a0                USBD_LL_Resume
 .text.USBD_LL_SOF
                0x080031b4       0x18 cmake/stm32cubemx/CMakeFiles/USB_Device_Library.dir/__/__/Middlewares/ST/STM32_USB_Device_Library/Core/Src/usbd_core.c.obj
                0x080031b4                USBD_LL_SOF
 .text.USBD_CtlError.constprop.0
                0x080031cc       0x16 cmake/stm32cubemx/CMakeFiles/USB_Device_Library.dir/__/__/Middlewares/ST/STM32_USB_Device_Library/Core/Src/usbd_ctlreq.c.obj
 *fill*         0x080031e2        0x2 
 .text.USBD_StdDevReq
                0x080031e4      0x254 cmake/stm32cubemx/CMakeFiles/USB_Device_Library.dir/__/__/Middlewares/ST/STM32_USB_Device_Library/Core/Src/usbd_ctlreq.c.obj
                0x080031e4                USBD_StdDevReq
 .text.USBD_StdItfReq
                0x08003438       0x48 cmake/stm32cubemx/CMakeFiles/USB_Device_Library.dir/__/__/Middlewares/ST/STM32_USB_Device_Library/Core/Src/usbd_ctlreq.c.obj
                0x08003438                USBD_StdItfReq
 .text.USBD_StdEPReq
                0x08003480      0x114 cmake/stm32cubemx/CMakeFiles/USB_Device_Library.dir/__/__/Middlewares/ST/STM32_USB_Device_Library/Core/Src/usbd_ctlreq.c.obj
                0x08003480                USBD_StdEPReq
 .text.USBD_ParseSetupRequest
                0x08003594       0x28 cmake/stm32cubemx/CMakeFiles/USB_Device_Library.dir/__/__/Middlewares/ST/STM32_USB_Device_Library/Core/Src/usbd_ctlreq.c.obj
                0x08003594                USBD_ParseSetupRequest
 .text.USBD_CtlError
                0x080035bc       0x16 cmake/stm32cubemx/CMakeFiles/USB_Device_Library.dir/__/__/Middlewares/ST/STM32_USB_Device_Library/Core/Src/usbd_ctlreq.c.obj
                0x080035bc                USBD_CtlError
 .text.USBD_GetString
                0x080035d2       0x38 cmake/stm32cubemx/CMakeFiles/USB_Device_Library.dir/__/__/Middlewares/ST/STM32_USB_Device_Library/Core/Src/usbd_ctlreq.c.obj
                0x080035d2                USBD_GetString
 .text.USBD_CtlSendData
                0x0800360a       0x1a cmake/stm32cubemx/CMakeFiles/USB_Device_Library.dir/__/__/Middlewares/ST/STM32_USB_Device_Library/Core/Src/usbd_ioreq.c.obj
                0x0800360a                USBD_CtlSendData
 .text.USBD_CtlContinueSendData
                0x08003624       0x10 cmake/stm32cubemx/CMakeFiles/USB_Device_Library.dir/__/__/Middlewares/ST/STM32_USB_Device_Library/Core/Src/usbd_ioreq.c.obj
                0x08003624                USBD_CtlContinueSendData
 .text.USBD_CtlPrepareRx
                0x08003634       0x1a cmake/stm32cubemx/CMakeFiles/USB_Device_Library.dir/__/__/Middlewares/ST/STM32_USB_Device_Library/Core/Src/usbd_ioreq.c.obj
                0x08003634                USBD_CtlPrepareRx
 .text.USBD_CtlContinueRx
                0x0800364e       0x10 cmake/stm32cubemx/CMakeFiles/USB_Device_Library.dir/__/__/Middlewares/ST/STM32_USB_Device_Library/Core/Src/usbd_ioreq.c.obj
                0x0800364e                USBD_CtlContinueRx
 .text.USBD_CtlSendStatus
                0x0800365e       0x16 cmake/stm32cubemx/CMakeFiles/USB_Device_Library.dir/__/__/Middlewares/ST/STM32_USB_Device_Library/Core/Src/usbd_ioreq.c.obj
                0x0800365e                USBD_CtlSendStatus
 .text.USBD_CtlReceiveStatus
                0x08003674       0x16 cmake/stm32cubemx/CMakeFiles/USB_Device_Library.dir/__/__/Middlewares/ST/STM32_USB_Device_Library/Core/Src/usbd_ioreq.c.obj
                0x08003674                USBD_CtlReceiveStatus
 .text.USBD_CDC_EP0_RxReady
                0x0800368a       0x28 cmake/stm32cubemx/CMakeFiles/USB_Device_Library.dir/__/__/Middlewares/ST/STM32_USB_Device_Library/Class/CDC/Src/usbd_cdc.c.obj
 *fill*         0x080036b2        0x2 
 .text.USBD_CDC_GetFSCfgDesc
                0x080036b4        0xc cmake/stm32cubemx/CMakeFiles/USB_Device_Library.dir/__/__/Middlewares/ST/STM32_USB_Device_Library/Class/CDC/Src/usbd_cdc.c.obj
 .text.USBD_CDC_GetHSCfgDesc
                0x080036c0        0xc cmake/stm32cubemx/CMakeFiles/USB_Device_Library.dir/__/__/Middlewares/ST/STM32_USB_Device_Library/Class/CDC/Src/usbd_cdc.c.obj
 .text.USBD_CDC_GetOtherSpeedCfgDesc
                0x080036cc        0xc cmake/stm32cubemx/CMakeFiles/USB_Device_Library.dir/__/__/Middlewares/ST/STM32_USB_Device_Library/Class/CDC/Src/usbd_cdc.c.obj
 .text.USBD_CDC_GetDeviceQualifierDescriptor
                0x080036d8        0xc cmake/stm32cubemx/CMakeFiles/USB_Device_Library.dir/__/__/Middlewares/ST/STM32_USB_Device_Library/Class/CDC/Src/usbd_cdc.c.obj
                0x080036d8                USBD_CDC_GetDeviceQualifierDescriptor
 .text.USBD_CDC_DataOut
                0x080036e4       0x2e cmake/stm32cubemx/CMakeFiles/USB_Device_Library.dir/__/__/Middlewares/ST/STM32_USB_Device_Library/Class/CDC/Src/usbd_cdc.c.obj
 .text.USBD_CDC_DataIn
                0x08003712       0x42 cmake/stm32cubemx/CMakeFiles/USB_Device_Library.dir/__/__/Middlewares/ST/STM32_USB_Device_Library/Class/CDC/Src/usbd_cdc.c.obj
 .text.USBD_CDC_Setup
                0x08003754       0xb6 cmake/stm32cubemx/CMakeFiles/USB_Device_Library.dir/__/__/Middlewares/ST/STM32_USB_Device_Library/Class/CDC/Src/usbd_cdc.c.obj
 .text.USBD_CDC_DeInit
                0x0800380a       0x42 cmake/stm32cubemx/CMakeFiles/USB_Device_Library.dir/__/__/Middlewares/ST/STM32_USB_Device_Library/Class/CDC/Src/usbd_cdc.c.obj
 .text.USBD_CDC_Init
                0x0800384c       0xa2 cmake/stm32cubemx/CMakeFiles/USB_Device_Library.dir/__/__/Middlewares/ST/STM32_USB_Device_Library/Class/CDC/Src/usbd_cdc.c.obj
 .text.USBD_CDC_RegisterInterface
                0x080038ee        0xe cmake/stm32cubemx/CMakeFiles/USB_Device_Library.dir/__/__/Middlewares/ST/STM32_USB_Device_Library/Class/CDC/Src/usbd_cdc.c.obj
                0x080038ee                USBD_CDC_RegisterInterface
 .text.USBD_CDC_SetTxBuffer
                0x080038fc       0x10 cmake/stm32cubemx/CMakeFiles/USB_Device_Library.dir/__/__/Middlewares/ST/STM32_USB_Device_Library/Class/CDC/Src/usbd_cdc.c.obj
                0x080038fc                USBD_CDC_SetTxBuffer
 .text.USBD_CDC_SetRxBuffer
                0x0800390c        0xc cmake/stm32cubemx/CMakeFiles/USB_Device_Library.dir/__/__/Middlewares/ST/STM32_USB_Device_Library/Class/CDC/Src/usbd_cdc.c.obj
                0x0800390c                USBD_CDC_SetRxBuffer
 .text.USBD_CDC_TransmitPacket
                0x08003918       0x32 cmake/stm32cubemx/CMakeFiles/USB_Device_Library.dir/__/__/Middlewares/ST/STM32_USB_Device_Library/Class/CDC/Src/usbd_cdc.c.obj
                0x08003918                USBD_CDC_TransmitPacket
 .text.USBD_CDC_ReceivePacket
                0x0800394a       0x2e cmake/stm32cubemx/CMakeFiles/USB_Device_Library.dir/__/__/Middlewares/ST/STM32_USB_Device_Library/Class/CDC/Src/usbd_cdc.c.obj
                0x0800394a                USBD_CDC_ReceivePacket
 .text.USBD_Get_USB_Status
                0x08003978       0x10 CMakeFiles/APM32F103-VirtualCOM-SixStepCommutation-ESC.dir/USB_DEVICE/Target/usbd_conf.c.obj
 .text.HAL_PCD_MspInit
                0x08003988       0x40 CMakeFiles/APM32F103-VirtualCOM-SixStepCommutation-ESC.dir/USB_DEVICE/Target/usbd_conf.c.obj
                0x08003988                HAL_PCD_MspInit
 .text.HAL_PCD_SetupStageCallback
                0x080039c8        0xc CMakeFiles/APM32F103-VirtualCOM-SixStepCommutation-ESC.dir/USB_DEVICE/Target/usbd_conf.c.obj
                0x080039c8                HAL_PCD_SetupStageCallback
 .text.HAL_PCD_DataOutStageCallback
                0x080039d4       0x12 CMakeFiles/APM32F103-VirtualCOM-SixStepCommutation-ESC.dir/USB_DEVICE/Target/usbd_conf.c.obj
                0x080039d4                HAL_PCD_DataOutStageCallback
 .text.HAL_PCD_DataInStageCallback
                0x080039e6       0x10 CMakeFiles/APM32F103-VirtualCOM-SixStepCommutation-ESC.dir/USB_DEVICE/Target/usbd_conf.c.obj
                0x080039e6                HAL_PCD_DataInStageCallback
 .text.HAL_PCD_SOFCallback
                0x080039f6        0x8 CMakeFiles/APM32F103-VirtualCOM-SixStepCommutation-ESC.dir/USB_DEVICE/Target/usbd_conf.c.obj
                0x080039f6                HAL_PCD_SOFCallback
 .text.HAL_PCD_ResetCallback
                0x080039fe       0x24 CMakeFiles/APM32F103-VirtualCOM-SixStepCommutation-ESC.dir/USB_DEVICE/Target/usbd_conf.c.obj
                0x080039fe                HAL_PCD_ResetCallback
 *fill*         0x08003a22        0x2 
 .text.HAL_PCD_SuspendCallback
                0x08003a24       0x20 CMakeFiles/APM32F103-VirtualCOM-SixStepCommutation-ESC.dir/USB_DEVICE/Target/usbd_conf.c.obj
                0x08003a24                HAL_PCD_SuspendCallback
 .text.HAL_PCD_ResumeCallback
                0x08003a44        0x8 CMakeFiles/APM32F103-VirtualCOM-SixStepCommutation-ESC.dir/USB_DEVICE/Target/usbd_conf.c.obj
                0x08003a44                HAL_PCD_ResumeCallback
 .text.USBD_LL_Init
                0x08003a4c       0x80 CMakeFiles/APM32F103-VirtualCOM-SixStepCommutation-ESC.dir/USB_DEVICE/Target/usbd_conf.c.obj
                0x08003a4c                USBD_LL_Init
 .text.USBD_LL_Start
                0x08003acc       0x12 CMakeFiles/APM32F103-VirtualCOM-SixStepCommutation-ESC.dir/USB_DEVICE/Target/usbd_conf.c.obj
                0x08003acc                USBD_LL_Start
 .text.USBD_LL_OpenEP
                0x08003ade       0x18 CMakeFiles/APM32F103-VirtualCOM-SixStepCommutation-ESC.dir/USB_DEVICE/Target/usbd_conf.c.obj
                0x08003ade                USBD_LL_OpenEP
 .text.USBD_LL_CloseEP
                0x08003af6       0x12 CMakeFiles/APM32F103-VirtualCOM-SixStepCommutation-ESC.dir/USB_DEVICE/Target/usbd_conf.c.obj
                0x08003af6                USBD_LL_CloseEP
 .text.USBD_LL_StallEP
                0x08003b08       0x12 CMakeFiles/APM32F103-VirtualCOM-SixStepCommutation-ESC.dir/USB_DEVICE/Target/usbd_conf.c.obj
                0x08003b08                USBD_LL_StallEP
 .text.USBD_LL_ClearStallEP
                0x08003b1a       0x12 CMakeFiles/APM32F103-VirtualCOM-SixStepCommutation-ESC.dir/USB_DEVICE/Target/usbd_conf.c.obj
                0x08003b1a                USBD_LL_ClearStallEP
 .text.USBD_LL_IsStallEP
                0x08003b2c       0x22 CMakeFiles/APM32F103-VirtualCOM-SixStepCommutation-ESC.dir/USB_DEVICE/Target/usbd_conf.c.obj
                0x08003b2c                USBD_LL_IsStallEP
 .text.USBD_LL_SetUSBAddress
                0x08003b4e       0x12 CMakeFiles/APM32F103-VirtualCOM-SixStepCommutation-ESC.dir/USB_DEVICE/Target/usbd_conf.c.obj
                0x08003b4e                USBD_LL_SetUSBAddress
 .text.USBD_LL_Transmit
                0x08003b60       0x12 CMakeFiles/APM32F103-VirtualCOM-SixStepCommutation-ESC.dir/USB_DEVICE/Target/usbd_conf.c.obj
                0x08003b60                USBD_LL_Transmit
 .text.USBD_LL_PrepareReceive
                0x08003b72       0x12 CMakeFiles/APM32F103-VirtualCOM-SixStepCommutation-ESC.dir/USB_DEVICE/Target/usbd_conf.c.obj
                0x08003b72                USBD_LL_PrepareReceive
 .text.USBD_LL_GetRxDataSize
                0x08003b84        0x8 CMakeFiles/APM32F103-VirtualCOM-SixStepCommutation-ESC.dir/USB_DEVICE/Target/usbd_conf.c.obj
                0x08003b84                USBD_LL_GetRxDataSize
 .text.USBD_static_malloc
                0x08003b8c        0x8 CMakeFiles/APM32F103-VirtualCOM-SixStepCommutation-ESC.dir/USB_DEVICE/Target/usbd_conf.c.obj
                0x08003b8c                USBD_static_malloc
 .text.USBD_static_free
                0x08003b94        0x2 CMakeFiles/APM32F103-VirtualCOM-SixStepCommutation-ESC.dir/USB_DEVICE/Target/usbd_conf.c.obj
                0x08003b94                USBD_static_free
 .text.HAL_PCDEx_SetConnectionState
                0x08003b96        0x2 CMakeFiles/APM32F103-VirtualCOM-SixStepCommutation-ESC.dir/USB_DEVICE/Target/usbd_conf.c.obj
                0x08003b96                HAL_PCDEx_SetConnectionState
 .text.MX_USB_DEVICE_Init
                0x08003b98       0x50 CMakeFiles/APM32F103-VirtualCOM-SixStepCommutation-ESC.dir/USB_DEVICE/App/usb_device.c.obj
                0x08003b98                MX_USB_DEVICE_Init
 .text.USBD_FS_DeviceDescriptor
                0x08003be8        0xc CMakeFiles/APM32F103-VirtualCOM-SixStepCommutation-ESC.dir/USB_DEVICE/App/usbd_desc.c.obj
                0x08003be8                USBD_FS_DeviceDescriptor
 .text.USBD_FS_LangIDStrDescriptor
                0x08003bf4        0xc CMakeFiles/APM32F103-VirtualCOM-SixStepCommutation-ESC.dir/USB_DEVICE/App/usbd_desc.c.obj
                0x08003bf4                USBD_FS_LangIDStrDescriptor
 .text.IntToUnicode
                0x08003c00       0x2a CMakeFiles/APM32F103-VirtualCOM-SixStepCommutation-ESC.dir/USB_DEVICE/App/usbd_desc.c.obj
 *fill*         0x08003c2a        0x2 
 .text.USBD_FS_SerialStrDescriptor
                0x08003c2c       0x3c CMakeFiles/APM32F103-VirtualCOM-SixStepCommutation-ESC.dir/USB_DEVICE/App/usbd_desc.c.obj
                0x08003c2c                USBD_FS_SerialStrDescriptor
 .text.USBD_FS_ManufacturerStrDescriptor
                0x08003c68       0x1c CMakeFiles/APM32F103-VirtualCOM-SixStepCommutation-ESC.dir/USB_DEVICE/App/usbd_desc.c.obj
                0x08003c68                USBD_FS_ManufacturerStrDescriptor
 .text.USBD_FS_ProductStrDescriptor
                0x08003c84       0x1c CMakeFiles/APM32F103-VirtualCOM-SixStepCommutation-ESC.dir/USB_DEVICE/App/usbd_desc.c.obj
                0x08003c84                USBD_FS_ProductStrDescriptor
 .text.USBD_FS_ConfigStrDescriptor
                0x08003ca0       0x1c CMakeFiles/APM32F103-VirtualCOM-SixStepCommutation-ESC.dir/USB_DEVICE/App/usbd_desc.c.obj
                0x08003ca0                USBD_FS_ConfigStrDescriptor
 .text.USBD_FS_InterfaceStrDescriptor
                0x08003cbc       0x1c CMakeFiles/APM32F103-VirtualCOM-SixStepCommutation-ESC.dir/USB_DEVICE/App/usbd_desc.c.obj
                0x08003cbc                USBD_FS_InterfaceStrDescriptor
 .text.CDC_DeInit_FS
                0x08003cd8        0x4 CMakeFiles/APM32F103-VirtualCOM-SixStepCommutation-ESC.dir/USB_DEVICE/App/usbd_cdc_if.c.obj
 .text.CDC_Control_FS
                0x08003cdc        0x4 CMakeFiles/APM32F103-VirtualCOM-SixStepCommutation-ESC.dir/USB_DEVICE/App/usbd_cdc_if.c.obj
 .text.CDC_Receive_FS
                0x08003ce0       0x30 CMakeFiles/APM32F103-VirtualCOM-SixStepCommutation-ESC.dir/USB_DEVICE/App/usbd_cdc_if.c.obj
 .text.CDC_Init_FS
                0x08003d10       0x28 CMakeFiles/APM32F103-VirtualCOM-SixStepCommutation-ESC.dir/USB_DEVICE/App/usbd_cdc_if.c.obj
 .text.CDC_Transmit_FS
                0x08003d38       0x2c CMakeFiles/APM32F103-VirtualCOM-SixStepCommutation-ESC.dir/USB_DEVICE/App/usbd_cdc_if.c.obj
                0x08003d38                CDC_Transmit_FS
 .text.SixStep_Commutate
                0x08003d64       0x6c CMakeFiles/APM32F103-VirtualCOM-SixStepCommutation-ESC.dir/Core/Src/main.c.obj
                0x08003d64                SixStep_Commutate
 .text.Motor_Stop
                0x08003dd0       0x20 CMakeFiles/APM32F103-VirtualCOM-SixStepCommutation-ESC.dir/Core/Src/main.c.obj
                0x08003dd0                Motor_Stop
 .text.Delay_us
                0x08003df0       0x1e CMakeFiles/APM32F103-VirtualCOM-SixStepCommutation-ESC.dir/Core/Src/main.c.obj
                0x08003df0                Delay_us
 *fill*         0x08003e0e        0x2 
 .text.Motor_Beep
                0x08003e10       0x44 CMakeFiles/APM32F103-VirtualCOM-SixStepCommutation-ESC.dir/Core/Src/main.c.obj
                0x08003e10                Motor_Beep
 .text.Play_Song
                0x08003e54       0x38 CMakeFiles/APM32F103-VirtualCOM-SixStepCommutation-ESC.dir/Core/Src/main.c.obj
                0x08003e54                Play_Song
 .text.SystemClock_Config
                0x08003e8c       0x86 CMakeFiles/APM32F103-VirtualCOM-SixStepCommutation-ESC.dir/Core/Src/main.c.obj
                0x08003e8c                SystemClock_Config
 *fill*         0x08003f12        0x2 
 .text.startup.main
                0x08003f14      0x238 CMakeFiles/APM32F103-VirtualCOM-SixStepCommutation-ESC.dir/Core/Src/main.c.obj
                0x08003f14                main
 .text.HAL_ADCEx_InjectedConvCpltCallback
                0x0800414c      0x1fc CMakeFiles/APM32F103-VirtualCOM-SixStepCommutation-ESC.dir/Core/Src/main.c.obj
                0x0800414c                HAL_ADCEx_InjectedConvCpltCallback
 .text.Error_Handler
                0x08004348        0x4 CMakeFiles/APM32F103-VirtualCOM-SixStepCommutation-ESC.dir/Core/Src/main.c.obj
                0x08004348                Error_Handler
 .text.MX_GPIO_Init
                0x0800434c       0x9c CMakeFiles/APM32F103-VirtualCOM-SixStepCommutation-ESC.dir/Core/Src/gpio.c.obj
                0x0800434c                MX_GPIO_Init
 .text.MX_ADC1_Init
                0x080043e8       0x90 CMakeFiles/APM32F103-VirtualCOM-SixStepCommutation-ESC.dir/Core/Src/adc.c.obj
                0x080043e8                MX_ADC1_Init
 .text.HAL_ADC_MspInit
                0x08004478       0x6c CMakeFiles/APM32F103-VirtualCOM-SixStepCommutation-ESC.dir/Core/Src/adc.c.obj
                0x08004478                HAL_ADC_MspInit
 .text.HAL_TIM_PWM_MspInit
                0x080044e4       0x50 CMakeFiles/APM32F103-VirtualCOM-SixStepCommutation-ESC.dir/Core/Src/tim.c.obj
                0x080044e4                HAL_TIM_PWM_MspInit
 .text.HAL_TIM_MspPostInit
                0x08004534       0x78 CMakeFiles/APM32F103-VirtualCOM-SixStepCommutation-ESC.dir/Core/Src/tim.c.obj
                0x08004534                HAL_TIM_MspPostInit
 .text.MX_TIM1_Init
                0x080045ac       0xe8 CMakeFiles/APM32F103-VirtualCOM-SixStepCommutation-ESC.dir/Core/Src/tim.c.obj
                0x080045ac                MX_TIM1_Init
 .text.NMI_Handler
                0x08004694        0x8 CMakeFiles/APM32F103-VirtualCOM-SixStepCommutation-ESC.dir/Core/Src/stm32f1xx_it.c.obj
                0x08004694                NMI_Handler
 .text.HardFault_Handler
                0x0800469c        0x2 CMakeFiles/APM32F103-VirtualCOM-SixStepCommutation-ESC.dir/Core/Src/stm32f1xx_it.c.obj
                0x0800469c                HardFault_Handler
 .text.MemManage_Handler
                0x0800469e        0x2 CMakeFiles/APM32F103-VirtualCOM-SixStepCommutation-ESC.dir/Core/Src/stm32f1xx_it.c.obj
                0x0800469e                MemManage_Handler
 .text.BusFault_Handler
                0x080046a0        0x2 CMakeFiles/APM32F103-VirtualCOM-SixStepCommutation-ESC.dir/Core/Src/stm32f1xx_it.c.obj
                0x080046a0                BusFault_Handler
 .text.UsageFault_Handler
                0x080046a2        0x2 CMakeFiles/APM32F103-VirtualCOM-SixStepCommutation-ESC.dir/Core/Src/stm32f1xx_it.c.obj
                0x080046a2                UsageFault_Handler
 .text.SVC_Handler
                0x080046a4        0x2 CMakeFiles/APM32F103-VirtualCOM-SixStepCommutation-ESC.dir/Core/Src/stm32f1xx_it.c.obj
                0x080046a4                SVC_Handler
 .text.DebugMon_Handler
                0x080046a6        0x2 CMakeFiles/APM32F103-VirtualCOM-SixStepCommutation-ESC.dir/Core/Src/stm32f1xx_it.c.obj
                0x080046a6                DebugMon_Handler
 .text.PendSV_Handler
                0x080046a8        0x2 CMakeFiles/APM32F103-VirtualCOM-SixStepCommutation-ESC.dir/Core/Src/stm32f1xx_it.c.obj
                0x080046a8                PendSV_Handler
 .text.SysTick_Handler
                0x080046aa        0x4 CMakeFiles/APM32F103-VirtualCOM-SixStepCommutation-ESC.dir/Core/Src/stm32f1xx_it.c.obj
                0x080046aa                SysTick_Handler
 *fill*         0x080046ae        0x2 
 .text.ADC1_2_IRQHandler
                0x080046b0        0xc CMakeFiles/APM32F103-VirtualCOM-SixStepCommutation-ESC.dir/Core/Src/stm32f1xx_it.c.obj
                0x080046b0                ADC1_2_IRQHandler
 .text.USB_LP_CAN1_RX0_IRQHandler
                0x080046bc        0xc CMakeFiles/APM32F103-VirtualCOM-SixStepCommutation-ESC.dir/Core/Src/stm32f1xx_it.c.obj
                0x080046bc                USB_LP_CAN1_RX0_IRQHandler
 .text.TIM1_BRK_IRQHandler
                0x080046c8        0xc CMakeFiles/APM32F103-VirtualCOM-SixStepCommutation-ESC.dir/Core/Src/stm32f1xx_it.c.obj
                0x080046c8                TIM1_BRK_IRQHandler
 .text.TIM1_UP_IRQHandler
                0x080046d4        0x4 CMakeFiles/APM32F103-VirtualCOM-SixStepCommutation-ESC.dir/Core/Src/stm32f1xx_it.c.obj
                0x080046d4                TIM1_UP_IRQHandler
 .text.HAL_MspInit
                0x080046d8       0x44 CMakeFiles/APM32F103-VirtualCOM-SixStepCommutation-ESC.dir/Core/Src/stm32f1xx_hal_msp.c.obj
                0x080046d8                HAL_MspInit
 .text._sbrk    0x0800471c       0x40 CMakeFiles/APM32F103-VirtualCOM-SixStepCommutation-ESC.dir/Core/Src/sysmem.c.obj
                0x0800471c                _sbrk
 .text._read    0x0800475c       0x1c CMakeFiles/APM32F103-VirtualCOM-SixStepCommutation-ESC.dir/Core/Src/syscalls.c.obj
                0x0800475c                _read
 .text._write   0x08004778       0x1c CMakeFiles/APM32F103-VirtualCOM-SixStepCommutation-ESC.dir/Core/Src/syscalls.c.obj
                0x08004778                _write
 .text._close   0x08004794        0x6 CMakeFiles/APM32F103-VirtualCOM-SixStepCommutation-ESC.dir/Core/Src/syscalls.c.obj
                0x08004794                _close
 .text._fstat   0x0800479a        0xa CMakeFiles/APM32F103-VirtualCOM-SixStepCommutation-ESC.dir/Core/Src/syscalls.c.obj
                0x0800479a                _fstat
 .text._isatty  0x080047a4        0x4 CMakeFiles/APM32F103-VirtualCOM-SixStepCommutation-ESC.dir/Core/Src/syscalls.c.obj
                0x080047a4                _isatty
 .text._lseek   0x080047a8        0x4 CMakeFiles/APM32F103-VirtualCOM-SixStepCommutation-ESC.dir/Core/Src/syscalls.c.obj
                0x080047a8                _lseek
 .text.Reset_Handler
                0x080047ac       0x48 CMakeFiles/APM32F103-VirtualCOM-SixStepCommutation-ESC.dir/startup_stm32f103xb.s.obj
                0x080047ac                Reset_Handler
 .text.Default_Handler
                0x080047f4        0x2 CMakeFiles/APM32F103-VirtualCOM-SixStepCommutation-ESC.dir/startup_stm32f103xb.s.obj
                0x080047f4                RTC_Alarm_IRQHandler
                0x080047f4                EXTI2_IRQHandler
                0x080047f4                TIM1_CC_IRQHandler
                0x080047f4                PVD_IRQHandler
                0x080047f4                EXTI3_IRQHandler
                0x080047f4                EXTI0_IRQHandler
                0x080047f4                I2C2_EV_IRQHandler
                0x080047f4                SPI1_IRQHandler
                0x080047f4                TAMPER_IRQHandler
                0x080047f4                DMA1_Channel4_IRQHandler
                0x080047f4                USART3_IRQHandler
                0x080047f4                RTC_IRQHandler
                0x080047f4                DMA1_Channel7_IRQHandler
                0x080047f4                CAN1_RX1_IRQHandler
                0x080047f4                TIM4_IRQHandler
                0x080047f4                I2C1_EV_IRQHandler
                0x080047f4                DMA1_Channel6_IRQHandler
                0x080047f4                TIM3_IRQHandler
                0x080047f4                RCC_IRQHandler
                0x080047f4                TIM1_TRG_COM_IRQHandler
                0x080047f4                DMA1_Channel1_IRQHandler
                0x080047f4                Default_Handler
                0x080047f4                EXTI15_10_IRQHandler
                0x080047f4                EXTI9_5_IRQHandler
                0x080047f4                SPI2_IRQHandler
                0x080047f4                DMA1_Channel5_IRQHandler
                0x080047f4                EXTI4_IRQHandler
                0x080047f4                USB_HP_CAN1_TX_IRQHandler
                0x080047f4                DMA1_Channel3_IRQHandler
                0x080047f4                WWDG_IRQHandler
                0x080047f4                TIM2_IRQHandler
                0x080047f4                EXTI1_IRQHandler
                0x080047f4                USART2_IRQHandler
                0x080047f4                I2C2_ER_IRQHandler
                0x080047f4                DMA1_Channel2_IRQHandler
                0x080047f4                CAN1_SCE_IRQHandler
                0x080047f4                FLASH_IRQHandler
                0x080047f4                USART1_IRQHandler
                0x080047f4                I2C1_ER_IRQHandler
                0x080047f4                USBWakeUp_IRQHandler
 *fill*         0x080047f6        0x2 
 .text.__errno  0x080047f8        0xc c:/users/16567/.eide/tools/gcc_arm/bin/../lib/gcc/arm-none-eabi/10.2.1/../../../../arm-none-eabi/lib/thumb/v7-m/nofp\libg_nano.a(lib_a-errno.o)
                0x080047f8                __errno
 .text.__libc_init_array
                0x08004804       0x48 c:/users/16567/.eide/tools/gcc_arm/bin/../lib/gcc/arm-none-eabi/10.2.1/../../../../arm-none-eabi/lib/thumb/v7-m/nofp\libg_nano.a(lib_a-init.o)
                0x08004804                __libc_init_array
 .text.memset   0x0800484c       0x10 c:/users/16567/.eide/tools/gcc_arm/bin/../lib/gcc/arm-none-eabi/10.2.1/../../../../arm-none-eabi/lib/thumb/v7-m/nofp\libg_nano.a(lib_a-memset.o)
                0x0800484c                memset
 .text.printf   0x0800485c       0x30 c:/users/16567/.eide/tools/gcc_arm/bin/../lib/gcc/arm-none-eabi/10.2.1/../../../../arm-none-eabi/lib/thumb/v7-m/nofp\libg_nano.a(lib_a-printf.o)
                0x0800485c                iprintf
                0x0800485c                printf
 .text.putchar  0x0800488c       0x28 c:/users/16567/.eide/tools/gcc_arm/bin/../lib/gcc/arm-none-eabi/10.2.1/../../../../arm-none-eabi/lib/thumb/v7-m/nofp\libg_nano.a(lib_a-putchar.o)
                0x0800488c                putchar
 .text.sprintf  0x080048b4       0x40 c:/users/16567/.eide/tools/gcc_arm/bin/../lib/gcc/arm-none-eabi/10.2.1/../../../../arm-none-eabi/lib/thumb/v7-m/nofp\libg_nano.a(lib_a-sprintf.o)
                0x080048b4                siprintf
                0x080048b4                sprintf
 .text.std      0x080048f4       0x48 c:/users/16567/.eide/tools/gcc_arm/bin/../lib/gcc/arm-none-eabi/10.2.1/../../../../arm-none-eabi/lib/thumb/v7-m/nofp\libg_nano.a(lib_a-findfp.o)
 .text._cleanup_r
                0x0800493c        0xc c:/users/16567/.eide/tools/gcc_arm/bin/../lib/gcc/arm-none-eabi/10.2.1/../../../../arm-none-eabi/lib/thumb/v7-m/nofp\libg_nano.a(lib_a-findfp.o)
                0x0800493c                _cleanup_r
 .text.__sfmoreglue
                0x08004948       0x2c c:/users/16567/.eide/tools/gcc_arm/bin/../lib/gcc/arm-none-eabi/10.2.1/../../../../arm-none-eabi/lib/thumb/v7-m/nofp\libg_nano.a(lib_a-findfp.o)
                0x08004948                __sfmoreglue
 .text.__sfp_lock_acquire
                0x08004974        0xc c:/users/16567/.eide/tools/gcc_arm/bin/../lib/gcc/arm-none-eabi/10.2.1/../../../../arm-none-eabi/lib/thumb/v7-m/nofp\libg_nano.a(lib_a-findfp.o)
                0x08004974                __sfp_lock_acquire
 .text.__sfp_lock_release
                0x08004980        0xc c:/users/16567/.eide/tools/gcc_arm/bin/../lib/gcc/arm-none-eabi/10.2.1/../../../../arm-none-eabi/lib/thumb/v7-m/nofp\libg_nano.a(lib_a-findfp.o)
                0x08004980                __sfp_lock_release
 .text.__sinit_lock_acquire
                0x0800498c        0xc c:/users/16567/.eide/tools/gcc_arm/bin/../lib/gcc/arm-none-eabi/10.2.1/../../../../arm-none-eabi/lib/thumb/v7-m/nofp\libg_nano.a(lib_a-findfp.o)
                0x0800498c                __sinit_lock_acquire
 .text.__sinit_lock_release
                0x08004998        0xc c:/users/16567/.eide/tools/gcc_arm/bin/../lib/gcc/arm-none-eabi/10.2.1/../../../../arm-none-eabi/lib/thumb/v7-m/nofp\libg_nano.a(lib_a-findfp.o)
                0x08004998                __sinit_lock_release
 .text.__sinit  0x080049a4       0x70 c:/users/16567/.eide/tools/gcc_arm/bin/../lib/gcc/arm-none-eabi/10.2.1/../../../../arm-none-eabi/lib/thumb/v7-m/nofp\libg_nano.a(lib_a-findfp.o)
                0x080049a4                __sinit
 .text.__sfp    0x08004a14       0x8c c:/users/16567/.eide/tools/gcc_arm/bin/../lib/gcc/arm-none-eabi/10.2.1/../../../../arm-none-eabi/lib/thumb/v7-m/nofp\libg_nano.a(lib_a-findfp.o)
                0x08004a14                __sfp
 .text._fwalk_reent
                0x08004aa0       0x3e c:/users/16567/.eide/tools/gcc_arm/bin/../lib/gcc/arm-none-eabi/10.2.1/../../../../arm-none-eabi/lib/thumb/v7-m/nofp\libg_nano.a(lib_a-fwalk.o)
                0x08004aa0                _fwalk_reent
 .text.__retarget_lock_init_recursive
                0x08004ade        0x2 c:/users/16567/.eide/tools/gcc_arm/bin/../lib/gcc/arm-none-eabi/10.2.1/../../../../arm-none-eabi/lib/thumb/v7-m/nofp\libg_nano.a(lib_a-lock.o)
                0x08004ade                __retarget_lock_init_recursive
 .text.__retarget_lock_acquire_recursive
                0x08004ae0        0x2 c:/users/16567/.eide/tools/gcc_arm/bin/../lib/gcc/arm-none-eabi/10.2.1/../../../../arm-none-eabi/lib/thumb/v7-m/nofp\libg_nano.a(lib_a-lock.o)
                0x08004ae0                __retarget_lock_acquire_recursive
 .text.__retarget_lock_release_recursive
                0x08004ae2        0x2 c:/users/16567/.eide/tools/gcc_arm/bin/../lib/gcc/arm-none-eabi/10.2.1/../../../../arm-none-eabi/lib/thumb/v7-m/nofp\libg_nano.a(lib_a-lock.o)
                0x08004ae2                __retarget_lock_release_recursive
 .text._malloc_r
                0x08004ae4       0xb4 c:/users/16567/.eide/tools/gcc_arm/bin/../lib/gcc/arm-none-eabi/10.2.1/../../../../arm-none-eabi/lib/thumb/v7-m/nofp\libg_nano.a(lib_a-nano-mallocr.o)
                0x08004ae4                _malloc_r
 .text.__ssputs_r
                0x08004b98       0xb6 c:/users/16567/.eide/tools/gcc_arm/bin/../lib/gcc/arm-none-eabi/10.2.1/../../../../arm-none-eabi/lib/thumb/v7-m/nofp\libg_nano.a(lib_a-nano-svfprintf.o)
                0x08004b98                __ssputs_r
 *fill*         0x08004c4e        0x2 
 .text._svfprintf_r
                0x08004c50      0x200 c:/users/16567/.eide/tools/gcc_arm/bin/../lib/gcc/arm-none-eabi/10.2.1/../../../../arm-none-eabi/lib/thumb/v7-m/nofp\libg_nano.a(lib_a-nano-svfprintf.o)
                0x08004c50                _svfiprintf_r
                0x08004c50                _svfprintf_r
 .text.__sfputc_r
                0x08004e50       0x2a c:/users/16567/.eide/tools/gcc_arm/bin/../lib/gcc/arm-none-eabi/10.2.1/../../../../arm-none-eabi/lib/thumb/v7-m/nofp\libg_nano.a(lib_a-nano-vfprintf.o)
 .text.__sfputs_r
                0x08004e7a       0x24 c:/users/16567/.eide/tools/gcc_arm/bin/../lib/gcc/arm-none-eabi/10.2.1/../../../../arm-none-eabi/lib/thumb/v7-m/nofp\libg_nano.a(lib_a-nano-vfprintf.o)
                0x08004e7a                __sfputs_r
 *fill*         0x08004e9e        0x2 
 .text._vfprintf_r
                0x08004ea0      0x260 c:/users/16567/.eide/tools/gcc_arm/bin/../lib/gcc/arm-none-eabi/10.2.1/../../../../arm-none-eabi/lib/thumb/v7-m/nofp\libg_nano.a(lib_a-nano-vfprintf.o)
                0x08004ea0                _vfprintf_r
                0x08004ea0                _vfiprintf_r
 .text._printf_common
                0x08005100       0xde c:/users/16567/.eide/tools/gcc_arm/bin/../lib/gcc/arm-none-eabi/10.2.1/../../../../arm-none-eabi/lib/thumb/v7-m/nofp\libg_nano.a(lib_a-nano-vfprintf_i.o)
                0x08005100                _printf_common
 *fill*         0x080051de        0x2 
 .text._printf_i
                0x080051e0      0x24c c:/users/16567/.eide/tools/gcc_arm/bin/../lib/gcc/arm-none-eabi/10.2.1/../../../../arm-none-eabi/lib/thumb/v7-m/nofp\libg_nano.a(lib_a-nano-vfprintf_i.o)
                0x080051e0                _printf_i
 .text._putc_r  0x0800542c       0x90 c:/users/16567/.eide/tools/gcc_arm/bin/../lib/gcc/arm-none-eabi/10.2.1/../../../../arm-none-eabi/lib/thumb/v7-m/nofp\libg_nano.a(lib_a-putc.o)
                0x0800542c                _putc_r
 .text._sbrk_r  0x080054bc       0x20 c:/users/16567/.eide/tools/gcc_arm/bin/../lib/gcc/arm-none-eabi/10.2.1/../../../../arm-none-eabi/lib/thumb/v7-m/nofp\libg_nano.a(lib_a-sbrkr.o)
                0x080054bc                _sbrk_r
 .text.__sread  0x080054dc       0x22 c:/users/16567/.eide/tools/gcc_arm/bin/../lib/gcc/arm-none-eabi/10.2.1/../../../../arm-none-eabi/lib/thumb/v7-m/nofp\libg_nano.a(lib_a-stdio.o)
                0x080054dc                __sread
 .text.__swrite
                0x080054fe       0x38 c:/users/16567/.eide/tools/gcc_arm/bin/../lib/gcc/arm-none-eabi/10.2.1/../../../../arm-none-eabi/lib/thumb/v7-m/nofp\libg_nano.a(lib_a-stdio.o)
                0x080054fe                __swrite
 .text.__sseek  0x08005536       0x24 c:/users/16567/.eide/tools/gcc_arm/bin/../lib/gcc/arm-none-eabi/10.2.1/../../../../arm-none-eabi/lib/thumb/v7-m/nofp\libg_nano.a(lib_a-stdio.o)
                0x08005536                __sseek
 .text.__sclose
                0x0800555a        0x8 c:/users/16567/.eide/tools/gcc_arm/bin/../lib/gcc/arm-none-eabi/10.2.1/../../../../arm-none-eabi/lib/thumb/v7-m/nofp\libg_nano.a(lib_a-stdio.o)
                0x0800555a                __sclose
 *fill*         0x08005562        0x2 
 .text.__swbuf_r
                0x08005564       0xa4 c:/users/16567/.eide/tools/gcc_arm/bin/../lib/gcc/arm-none-eabi/10.2.1/../../../../arm-none-eabi/lib/thumb/v7-m/nofp\libg_nano.a(lib_a-wbuf.o)
                0x08005564                __swbuf_r
 .text._write_r
                0x08005608       0x24 c:/users/16567/.eide/tools/gcc_arm/bin/../lib/gcc/arm-none-eabi/10.2.1/../../../../arm-none-eabi/lib/thumb/v7-m/nofp\libg_nano.a(lib_a-writer.o)
                0x08005608                _write_r
 .text.__swsetup_r
                0x0800562c       0xdc c:/users/16567/.eide/tools/gcc_arm/bin/../lib/gcc/arm-none-eabi/10.2.1/../../../../arm-none-eabi/lib/thumb/v7-m/nofp\libg_nano.a(lib_a-wsetup.o)
                0x0800562c                __swsetup_r
 .text._close_r
                0x08005708       0x20 c:/users/16567/.eide/tools/gcc_arm/bin/../lib/gcc/arm-none-eabi/10.2.1/../../../../arm-none-eabi/lib/thumb/v7-m/nofp\libg_nano.a(lib_a-closer.o)
                0x08005708                _close_r
 .text.__sflush_r
                0x08005728      0x104 c:/users/16567/.eide/tools/gcc_arm/bin/../lib/gcc/arm-none-eabi/10.2.1/../../../../arm-none-eabi/lib/thumb/v7-m/nofp\libg_nano.a(lib_a-fflush.o)
                0x08005728                __sflush_r
 .text._fflush_r
                0x0800582c       0x78 c:/users/16567/.eide/tools/gcc_arm/bin/../lib/gcc/arm-none-eabi/10.2.1/../../../../arm-none-eabi/lib/thumb/v7-m/nofp\libg_nano.a(lib_a-fflush.o)
                0x0800582c                _fflush_r
 .text._lseek_r
                0x080058a4       0x24 c:/users/16567/.eide/tools/gcc_arm/bin/../lib/gcc/arm-none-eabi/10.2.1/../../../../arm-none-eabi/lib/thumb/v7-m/nofp\libg_nano.a(lib_a-lseekr.o)
                0x080058a4                _lseek_r
 .text.__swhatbuf_r
                0x080058c8       0x4a c:/users/16567/.eide/tools/gcc_arm/bin/../lib/gcc/arm-none-eabi/10.2.1/../../../../arm-none-eabi/lib/thumb/v7-m/nofp\libg_nano.a(lib_a-makebuf.o)
                0x080058c8                __swhatbuf_r
 *fill*         0x08005912        0x2 
 .text.__smakebuf_r
                0x08005914       0x80 c:/users/16567/.eide/tools/gcc_arm/bin/../lib/gcc/arm-none-eabi/10.2.1/../../../../arm-none-eabi/lib/thumb/v7-m/nofp\libg_nano.a(lib_a-makebuf.o)
                0x08005914                __smakebuf_r
 .text.memchr   0x08005994       0x1c c:/users/16567/.eide/tools/gcc_arm/bin/../lib/gcc/arm-none-eabi/10.2.1/../../../../arm-none-eabi/lib/thumb/v7-m/nofp\libg_nano.a(lib_a-memchr-stub.o)
                0x08005994                memchr
 .text.memcpy   0x080059b0       0x1c c:/users/16567/.eide/tools/gcc_arm/bin/../lib/gcc/arm-none-eabi/10.2.1/../../../../arm-none-eabi/lib/thumb/v7-m/nofp\libg_nano.a(lib_a-memcpy-stub.o)
                0x080059b0                memcpy
 .text.memmove  0x080059cc       0x34 c:/users/16567/.eide/tools/gcc_arm/bin/../lib/gcc/arm-none-eabi/10.2.1/../../../../arm-none-eabi/lib/thumb/v7-m/nofp\libg_nano.a(lib_a-memmove.o)
                0x080059cc                memmove
 .text.__malloc_lock
                0x08005a00        0xc c:/users/16567/.eide/tools/gcc_arm/bin/../lib/gcc/arm-none-eabi/10.2.1/../../../../arm-none-eabi/lib/thumb/v7-m/nofp\libg_nano.a(lib_a-mlock.o)
                0x08005a00                __malloc_lock
 .text.__malloc_unlock
                0x08005a0c        0xc c:/users/16567/.eide/tools/gcc_arm/bin/../lib/gcc/arm-none-eabi/10.2.1/../../../../arm-none-eabi/lib/thumb/v7-m/nofp\libg_nano.a(lib_a-mlock.o)
                0x08005a0c                __malloc_unlock
 .text._free_r  0x08005a18       0x90 c:/users/16567/.eide/tools/gcc_arm/bin/../lib/gcc/arm-none-eabi/10.2.1/../../../../arm-none-eabi/lib/thumb/v7-m/nofp\libg_nano.a(lib_a-nano-freer.o)
                0x08005a18                _free_r
 .text._realloc_r
                0x08005aa8       0x4c c:/users/16567/.eide/tools/gcc_arm/bin/../lib/gcc/arm-none-eabi/10.2.1/../../../../arm-none-eabi/lib/thumb/v7-m/nofp\libg_nano.a(lib_a-nano-reallocr.o)
                0x08005aa8                _realloc_r
 .text._read_r  0x08005af4       0x24 c:/users/16567/.eide/tools/gcc_arm/bin/../lib/gcc/arm-none-eabi/10.2.1/../../../../arm-none-eabi/lib/thumb/v7-m/nofp\libg_nano.a(lib_a-readr.o)
                0x08005af4                _read_r
 .text._fstat_r
                0x08005b18       0x24 c:/users/16567/.eide/tools/gcc_arm/bin/../lib/gcc/arm-none-eabi/10.2.1/../../../../arm-none-eabi/lib/thumb/v7-m/nofp\libg_nano.a(lib_a-fstatr.o)
                0x08005b18                _fstat_r
 .text._isatty_r
                0x08005b3c       0x20 c:/users/16567/.eide/tools/gcc_arm/bin/../lib/gcc/arm-none-eabi/10.2.1/../../../../arm-none-eabi/lib/thumb/v7-m/nofp\libg_nano.a(lib_a-isattyr.o)
                0x08005b3c                _isatty_r
 .text._malloc_usable_size_r
                0x08005b5c       0x10 c:/users/16567/.eide/tools/gcc_arm/bin/../lib/gcc/arm-none-eabi/10.2.1/../../../../arm-none-eabi/lib/thumb/v7-m/nofp\libg_nano.a(lib_a-nano-msizer.o)
                0x08005b5c                _malloc_usable_size_r
 *(.glue_7)
 .glue_7        0x08005b6c        0x0 linker stubs
 *(.glue_7t)
 .glue_7t       0x08005b6c        0x0 linker stubs
 *(.eh_frame)
 .eh_frame      0x08005b6c        0x0 c:/users/16567/.eide/tools/gcc_arm/bin/../lib/gcc/arm-none-eabi/10.2.1/thumb/v7-m/nofp/crtbegin.o
 *(.init)
 .init          0x08005b6c        0x4 c:/users/16567/.eide/tools/gcc_arm/bin/../lib/gcc/arm-none-eabi/10.2.1/thumb/v7-m/nofp/crti.o
                0x08005b6c                _init
 .init          0x08005b70        0x8 c:/users/16567/.eide/tools/gcc_arm/bin/../lib/gcc/arm-none-eabi/10.2.1/thumb/v7-m/nofp/crtn.o
 *(.fini)
 .fini          0x08005b78        0x4 c:/users/16567/.eide/tools/gcc_arm/bin/../lib/gcc/arm-none-eabi/10.2.1/thumb/v7-m/nofp/crti.o
                0x08005b78                _fini
 .fini          0x08005b7c        0x8 c:/users/16567/.eide/tools/gcc_arm/bin/../lib/gcc/arm-none-eabi/10.2.1/thumb/v7-m/nofp/crtn.o
                0x08005b84                . = ALIGN (0x4)
                0x08005b84                _etext = .

.vfp11_veneer   0x08005b84        0x0
 .vfp11_veneer  0x08005b84        0x0 linker stubs

.v4_bx          0x08005b84        0x0
 .v4_bx         0x08005b84        0x0 linker stubs

.iplt           0x08005b84        0x0
 .iplt          0x08005b84        0x0 c:/users/16567/.eide/tools/gcc_arm/bin/../lib/gcc/arm-none-eabi/10.2.1/thumb/v7-m/nofp/crtbegin.o

.rodata         0x08005b84      0x478
                0x08005b84                . = ALIGN (0x4)
 *(.rodata)
 *(.rodata*)
 .rodata.AHBPrescTable
                0x08005b84       0x10 cmake/stm32cubemx/CMakeFiles/STM32_Drivers.dir/__/__/Core/Src/system_stm32f1xx.c.obj
                0x08005b84                AHBPrescTable
 .rodata.APBPrescTable
                0x08005b94        0x8 cmake/stm32cubemx/CMakeFiles/STM32_Drivers.dir/__/__/Core/Src/system_stm32f1xx.c.obj
                0x08005b94                APBPrescTable
 .rodata.aPLLMULFactorTable.1
                0x08005b9c       0x10 cmake/stm32cubemx/CMakeFiles/STM32_Drivers.dir/__/__/Drivers/STM32F1xx_HAL_Driver/Src/stm32f1xx_hal_rcc.c.obj
 .rodata.aPredivFactorTable.0
                0x08005bac        0x2 cmake/stm32cubemx/CMakeFiles/STM32_Drivers.dir/__/__/Drivers/STM32F1xx_HAL_Driver/Src/stm32f1xx_hal_rcc.c.obj
 .rodata.aPLLMULFactorTable.1
                0x08005bae       0x10 cmake/stm32cubemx/CMakeFiles/STM32_Drivers.dir/__/__/Drivers/STM32F1xx_HAL_Driver/Src/stm32f1xx_hal_rcc_ex.c.obj
 .rodata.aPredivFactorTable.0
                0x08005bbe        0x2 cmake/stm32cubemx/CMakeFiles/STM32_Drivers.dir/__/__/Drivers/STM32F1xx_HAL_Driver/Src/stm32f1xx_hal_rcc_ex.c.obj
 .rodata.USBD_Init.str1.1
                0x08005bc0       0x1e cmake/stm32cubemx/CMakeFiles/USB_Device_Library.dir/__/__/Middlewares/ST/STM32_USB_Device_Library/Core/Src/usbd_core.c.obj
 .rodata.USBD_RegisterClass.str1.1
                0x08005bde       0x15 cmake/stm32cubemx/CMakeFiles/USB_Device_Library.dir/__/__/Middlewares/ST/STM32_USB_Device_Library/Core/Src/usbd_core.c.obj
 .rodata.CSWTCH.3
                0x08005bf3        0x4 CMakeFiles/APM32F103-VirtualCOM-SixStepCommutation-ESC.dir/USB_DEVICE/Target/usbd_conf.c.obj
 .rodata.USBD_FS_ManufacturerStrDescriptor.str1.1
                0x08005bf7       0x13 CMakeFiles/APM32F103-VirtualCOM-SixStepCommutation-ESC.dir/USB_DEVICE/App/usbd_desc.c.obj
 .rodata.USBD_FS_ProductStrDescriptor.str1.1
                0x08005c0a       0x16 CMakeFiles/APM32F103-VirtualCOM-SixStepCommutation-ESC.dir/USB_DEVICE/App/usbd_desc.c.obj
 .rodata.USBD_FS_ConfigStrDescriptor.str1.1
                0x08005c20        0xb CMakeFiles/APM32F103-VirtualCOM-SixStepCommutation-ESC.dir/USB_DEVICE/App/usbd_desc.c.obj
 .rodata.USBD_FS_InterfaceStrDescriptor.str1.1
                0x08005c2b        0xe CMakeFiles/APM32F103-VirtualCOM-SixStepCommutation-ESC.dir/USB_DEVICE/App/usbd_desc.c.obj
 .rodata.main.str1.1
                0x08005c39       0x83 CMakeFiles/APM32F103-VirtualCOM-SixStepCommutation-ESC.dir/Core/Src/main.c.obj
 .rodata.Mario_Theme
                0x08005cbc      0x2a8 CMakeFiles/APM32F103-VirtualCOM-SixStepCommutation-ESC.dir/Core/Src/main.c.obj
                0x08005cbc                Mario_Theme
 .rodata._global_impure_ptr
                0x08005f64        0x4 c:/users/16567/.eide/tools/gcc_arm/bin/../lib/gcc/arm-none-eabi/10.2.1/../../../../arm-none-eabi/lib/thumb/v7-m/nofp\libg_nano.a(lib_a-impure.o)
                0x08005f64                _global_impure_ptr
 .rodata.__sf_fake_stderr
                0x08005f68       0x20 c:/users/16567/.eide/tools/gcc_arm/bin/../lib/gcc/arm-none-eabi/10.2.1/../../../../arm-none-eabi/lib/thumb/v7-m/nofp\libg_nano.a(lib_a-findfp.o)
                0x08005f68                __sf_fake_stderr
 .rodata.__sf_fake_stdin
                0x08005f88       0x20 c:/users/16567/.eide/tools/gcc_arm/bin/../lib/gcc/arm-none-eabi/10.2.1/../../../../arm-none-eabi/lib/thumb/v7-m/nofp\libg_nano.a(lib_a-findfp.o)
                0x08005f88                __sf_fake_stdin
 .rodata.__sf_fake_stdout
                0x08005fa8       0x20 c:/users/16567/.eide/tools/gcc_arm/bin/../lib/gcc/arm-none-eabi/10.2.1/../../../../arm-none-eabi/lib/thumb/v7-m/nofp\libg_nano.a(lib_a-findfp.o)
                0x08005fa8                __sf_fake_stdout
 .rodata._svfprintf_r.str1.1
                0x08005fc8       0x11 c:/users/16567/.eide/tools/gcc_arm/bin/../lib/gcc/arm-none-eabi/10.2.1/../../../../arm-none-eabi/lib/thumb/v7-m/nofp\libg_nano.a(lib_a-nano-svfprintf.o)
 .rodata._vfprintf_r.str1.1
                0x08005fd9       0x11 c:/users/16567/.eide/tools/gcc_arm/bin/../lib/gcc/arm-none-eabi/10.2.1/../../../../arm-none-eabi/lib/thumb/v7-m/nofp\libg_nano.a(lib_a-nano-vfprintf.o)
 .rodata._printf_i.str1.1
                0x08005fd9       0x22 c:/users/16567/.eide/tools/gcc_arm/bin/../lib/gcc/arm-none-eabi/10.2.1/../../../../arm-none-eabi/lib/thumb/v7-m/nofp\libg_nano.a(lib_a-nano-vfprintf_i.o)
                0x08005ffc                . = ALIGN (0x4)
 *fill*         0x08005ffb        0x1 

.rel.dyn        0x08005ffc        0x0
 .rel.iplt      0x08005ffc        0x0 c:/users/16567/.eide/tools/gcc_arm/bin/../lib/gcc/arm-none-eabi/10.2.1/thumb/v7-m/nofp/crtbegin.o

.ARM.extab      0x08005ffc        0x0
                0x08005ffc                . = ALIGN (0x4)
 *(.ARM.extab* .gnu.linkonce.armextab.*)
                0x08005ffc                . = ALIGN (0x4)

.ARM            0x08005ffc        0x0
                0x08005ffc                . = ALIGN (0x4)
                0x08005ffc                __exidx_start = .
 *(.ARM.exidx*)
                0x08005ffc                __exidx_end = .
                0x08005ffc                . = ALIGN (0x4)

.preinit_array  0x08005ffc        0x0
                0x08005ffc                . = ALIGN (0x4)
                0x08005ffc                PROVIDE (__preinit_array_start = .)
 *(.preinit_array*)
                0x08005ffc                PROVIDE (__preinit_array_end = .)
                0x08005ffc                . = ALIGN (0x4)

.init_array     0x08005ffc        0x4
                0x08005ffc                . = ALIGN (0x4)
                0x08005ffc                PROVIDE (__init_array_start = .)
 *(SORT_BY_NAME(.init_array.*))
 *(.init_array*)
 .init_array    0x08005ffc        0x4 c:/users/16567/.eide/tools/gcc_arm/bin/../lib/gcc/arm-none-eabi/10.2.1/thumb/v7-m/nofp/crtbegin.o
                0x08006000                PROVIDE (__init_array_end = .)
                0x08006000                . = ALIGN (0x4)

.fini_array     0x08006000        0x4
                0x08006000                . = ALIGN (0x4)
                [!provide]                PROVIDE (__fini_array_start = .)
 *(SORT_BY_NAME(.fini_array.*))
 *(.fini_array*)
 .fini_array    0x08006000        0x4 c:/users/16567/.eide/tools/gcc_arm/bin/../lib/gcc/arm-none-eabi/10.2.1/thumb/v7-m/nofp/crtbegin.o
                [!provide]                PROVIDE (__fini_array_end = .)
                0x08006004                . = ALIGN (0x4)
                0x08006004                _sidata = LOADADDR (.data)

.data           0x20000000      0x1ec load address 0x08006004
                0x20000000                . = ALIGN (0x4)
                0x20000000                _sdata = .
 *(.data)
 *(.data*)
 .data.SystemCoreClock
                0x20000000        0x4 cmake/stm32cubemx/CMakeFiles/STM32_Drivers.dir/__/__/Core/Src/system_stm32f1xx.c.obj
                0x20000000                SystemCoreClock
 .data.uwTickFreq
                0x20000004        0x1 cmake/stm32cubemx/CMakeFiles/STM32_Drivers.dir/__/__/Drivers/STM32F1xx_HAL_Driver/Src/stm32f1xx_hal.c.obj
                0x20000004                uwTickFreq
 *fill*         0x20000005        0x3 
 .data.uwTickPrio
                0x20000008        0x4 cmake/stm32cubemx/CMakeFiles/STM32_Drivers.dir/__/__/Drivers/STM32F1xx_HAL_Driver/Src/stm32f1xx_hal.c.obj
                0x20000008                uwTickPrio
 .data.USBD_CDC
                0x2000000c       0x38 cmake/stm32cubemx/CMakeFiles/USB_Device_Library.dir/__/__/Middlewares/ST/STM32_USB_Device_Library/Class/CDC/Src/usbd_cdc.c.obj
                0x2000000c                USBD_CDC
 .data.USBD_CDC_CfgFSDesc
                0x20000044       0x43 cmake/stm32cubemx/CMakeFiles/USB_Device_Library.dir/__/__/Middlewares/ST/STM32_USB_Device_Library/Class/CDC/Src/usbd_cdc.c.obj
                0x20000044                USBD_CDC_CfgFSDesc
 *fill*         0x20000087        0x1 
 .data.USBD_CDC_CfgHSDesc
                0x20000088       0x43 cmake/stm32cubemx/CMakeFiles/USB_Device_Library.dir/__/__/Middlewares/ST/STM32_USB_Device_Library/Class/CDC/Src/usbd_cdc.c.obj
                0x20000088                USBD_CDC_CfgHSDesc
 *fill*         0x200000cb        0x1 
 .data.USBD_CDC_DeviceQualifierDesc
                0x200000cc        0xa cmake/stm32cubemx/CMakeFiles/USB_Device_Library.dir/__/__/Middlewares/ST/STM32_USB_Device_Library/Class/CDC/Src/usbd_cdc.c.obj
 *fill*         0x200000d6        0x2 
 .data.USBD_CDC_OtherSpeedCfgDesc
                0x200000d8       0x43 cmake/stm32cubemx/CMakeFiles/USB_Device_Library.dir/__/__/Middlewares/ST/STM32_USB_Device_Library/Class/CDC/Src/usbd_cdc.c.obj
                0x200000d8                USBD_CDC_OtherSpeedCfgDesc
 *fill*         0x2000011b        0x1 
 .data.FS_Desc  0x2000011c       0x1c CMakeFiles/APM32F103-VirtualCOM-SixStepCommutation-ESC.dir/USB_DEVICE/App/usbd_desc.c.obj
                0x2000011c                FS_Desc
 .data.USBD_FS_DeviceDesc
                0x20000138       0x12 CMakeFiles/APM32F103-VirtualCOM-SixStepCommutation-ESC.dir/USB_DEVICE/App/usbd_desc.c.obj
                0x20000138                USBD_FS_DeviceDesc
 *fill*         0x2000014a        0x2 
 .data.USBD_LangIDDesc
                0x2000014c        0x4 CMakeFiles/APM32F103-VirtualCOM-SixStepCommutation-ESC.dir/USB_DEVICE/App/usbd_desc.c.obj
                0x2000014c                USBD_LangIDDesc
 .data.USBD_StringSerial
                0x20000150       0x1a CMakeFiles/APM32F103-VirtualCOM-SixStepCommutation-ESC.dir/USB_DEVICE/App/usbd_desc.c.obj
                0x20000150                USBD_StringSerial
 *fill*         0x2000016a        0x2 
 .data.USBD_Interface_fops_FS
                0x2000016c       0x10 CMakeFiles/APM32F103-VirtualCOM-SixStepCommutation-ESC.dir/USB_DEVICE/App/usbd_cdc_if.c.obj
                0x2000016c                USBD_Interface_fops_FS
 .data.closed_loop_threshold
                0x2000017c        0x4 CMakeFiles/APM32F103-VirtualCOM-SixStepCommutation-ESC.dir/Core/Src/main.c.obj
                0x2000017c                closed_loop_threshold
 .data.pwmDuty  0x20000180        0x4 CMakeFiles/APM32F103-VirtualCOM-SixStepCommutation-ESC.dir/Core/Src/main.c.obj
                0x20000180                pwmDuty
 .data.step_delay
                0x20000184        0x4 CMakeFiles/APM32F103-VirtualCOM-SixStepCommutation-ESC.dir/Core/Src/main.c.obj
                0x20000184                step_delay
 .data._impure_ptr
                0x20000188        0x4 c:/users/16567/.eide/tools/gcc_arm/bin/../lib/gcc/arm-none-eabi/10.2.1/../../../../arm-none-eabi/lib/thumb/v7-m/nofp\libg_nano.a(lib_a-impure.o)
                0x20000188                _impure_ptr
 .data.impure_data
                0x2000018c       0x60 c:/users/16567/.eide/tools/gcc_arm/bin/../lib/gcc/arm-none-eabi/10.2.1/../../../../arm-none-eabi/lib/thumb/v7-m/nofp\libg_nano.a(lib_a-impure.o)
 *(.RamFunc)
 *(.RamFunc*)
                0x200001ec                . = ALIGN (0x4)

.igot.plt       0x200001ec        0x0 load address 0x080061f0
 .igot.plt      0x200001ec        0x0 c:/users/16567/.eide/tools/gcc_arm/bin/../lib/gcc/arm-none-eabi/10.2.1/thumb/v7-m/nofp/crtbegin.o

.tdata          0x200001ec        0x0 load address 0x080061f0
 *(.tdata .tdata.* .gnu.linkonce.td.*)
                0x200001ec                . = ALIGN (0x4)
                0x200001ec                _edata = .
                [!provide]                PROVIDE (__data_end = .)
                [!provide]                PROVIDE (__tdata_end = .)
                [!provide]                PROVIDE (__tdata_start = ADDR (.tdata))
                [!provide]                PROVIDE (__tdata_size = (__tdata_end - __tdata_start))
                [!provide]                PROVIDE (__data_start = ADDR (.data))
                [!provide]                PROVIDE (__data_size = (__data_end - __data_start))
                [!provide]                PROVIDE (__tdata_source = LOADADDR (.tdata))
                [!provide]                PROVIDE (__tdata_source_end = (LOADADDR (.tdata) + SIZEOF (.tdata)))
                [!provide]                PROVIDE (__tdata_source_size = (__tdata_source_end - __tdata_source))
                [!provide]                PROVIDE (__data_source = LOADADDR (.data))
                [!provide]                PROVIDE (__data_source_end = __tdata_source_end)
                [!provide]                PROVIDE (__data_source_size = (__data_source_end - __data_source))

.tbss           0x200001ec        0x0 load address 0x080061f0
                0x200001ec                _sbss = .
                0x200001ec                __bss_start__ = _sbss
 *(.tbss .tbss.*)
                0x200001ec                . = ALIGN (0x4)
                [!provide]                PROVIDE (__tbss_end = .)
                [!provide]                PROVIDE (__tbss_start = ADDR (.tbss))
                [!provide]                PROVIDE (__tbss_size = (__tbss_end - __tbss_start))
                [!provide]                PROVIDE (__tbss_offset = (ADDR (.tbss) - ADDR (.tdata)))
                [!provide]                PROVIDE (__tls_base = __tdata_start)
                [!provide]                PROVIDE (__tls_end = __tbss_end)
                [!provide]                PROVIDE (__tls_size = (__tls_end - __tls_base))
                [!provide]                PROVIDE (__tls_align = MAX (ALIGNOF (.tdata), ALIGNOF (.tbss)))
                [!provide]                PROVIDE (__tls_size_align = (((__tls_size + __tls_align) - 0x1) & ~ ((__tls_align - 0x1))))
                [!provide]                PROVIDE (__arm32_tls_tcb_offset = MAX (0x8, __tls_align))
                [!provide]                PROVIDE (__arm64_tls_tcb_offset = MAX (0x10, __tls_align))

.bss            0x200001ec     0x12b8 load address 0x080061f0
 *(.bss)
 .bss           0x200001ec       0x1c c:/users/16567/.eide/tools/gcc_arm/bin/../lib/gcc/arm-none-eabi/10.2.1/thumb/v7-m/nofp/crtbegin.o
 *(.bss*)
 .bss.uwTick    0x20000208        0x4 cmake/stm32cubemx/CMakeFiles/STM32_Drivers.dir/__/__/Drivers/STM32F1xx_HAL_Driver/Src/stm32f1xx_hal.c.obj
                0x20000208                uwTick
 .bss.cfgidx.0  0x2000020c        0x1 cmake/stm32cubemx/CMakeFiles/USB_Device_Library.dir/__/__/Middlewares/ST/STM32_USB_Device_Library/Core/Src/usbd_ctlreq.c.obj
 *fill*         0x2000020d        0x3 
 .bss.hpcd_USB_FS
                0x20000210      0x2d8 CMakeFiles/APM32F103-VirtualCOM-SixStepCommutation-ESC.dir/USB_DEVICE/Target/usbd_conf.c.obj
                0x20000210                hpcd_USB_FS
 .bss.mem.0     0x200004e8      0x220 CMakeFiles/APM32F103-VirtualCOM-SixStepCommutation-ESC.dir/USB_DEVICE/Target/usbd_conf.c.obj
 .bss.hUsbDeviceFS
                0x20000708      0x2c4 CMakeFiles/APM32F103-VirtualCOM-SixStepCommutation-ESC.dir/USB_DEVICE/App/usb_device.c.obj
                0x20000708                hUsbDeviceFS
 .bss.USBD_StrDesc
                0x200009cc      0x200 CMakeFiles/APM32F103-VirtualCOM-SixStepCommutation-ESC.dir/USB_DEVICE/App/usbd_desc.c.obj
                0x200009cc                USBD_StrDesc
 .bss.RxDataFlag
                0x20000bcc        0x1 CMakeFiles/APM32F103-VirtualCOM-SixStepCommutation-ESC.dir/USB_DEVICE/App/usbd_cdc_if.c.obj
                0x20000bcc                RxDataFlag
 *fill*         0x20000bcd        0x3 
 .bss.RxDataLen
                0x20000bd0        0x4 CMakeFiles/APM32F103-VirtualCOM-SixStepCommutation-ESC.dir/USB_DEVICE/App/usbd_cdc_if.c.obj
                0x20000bd0                RxDataLen
 .bss.UserRxBufferFS
                0x20000bd4      0x400 CMakeFiles/APM32F103-VirtualCOM-SixStepCommutation-ESC.dir/USB_DEVICE/App/usbd_cdc_if.c.obj
                0x20000bd4                UserRxBufferFS
 .bss.UserTxBufferFS
                0x20000fd4      0x400 CMakeFiles/APM32F103-VirtualCOM-SixStepCommutation-ESC.dir/USB_DEVICE/App/usbd_cdc_if.c.obj
                0x20000fd4                UserTxBufferFS
 .bss.adcU      0x200013d4        0x4 CMakeFiles/APM32F103-VirtualCOM-SixStepCommutation-ESC.dir/Core/Src/main.c.obj
                0x200013d4                adcU
 .bss.adcV      0x200013d8        0x4 CMakeFiles/APM32F103-VirtualCOM-SixStepCommutation-ESC.dir/Core/Src/main.c.obj
                0x200013d8                adcV
 .bss.adcW      0x200013dc        0x4 CMakeFiles/APM32F103-VirtualCOM-SixStepCommutation-ESC.dir/Core/Src/main.c.obj
                0x200013dc                adcW
 .bss.currentAdcU
                0x200013e0        0x4 CMakeFiles/APM32F103-VirtualCOM-SixStepCommutation-ESC.dir/Core/Src/main.c.obj
                0x200013e0                currentAdcU
 .bss.currentAdcV
                0x200013e4        0x4 CMakeFiles/APM32F103-VirtualCOM-SixStepCommutation-ESC.dir/Core/Src/main.c.obj
                0x200013e4                currentAdcV
 .bss.currentAdcW
                0x200013e8        0x4 CMakeFiles/APM32F103-VirtualCOM-SixStepCommutation-ESC.dir/Core/Src/main.c.obj
                0x200013e8                currentAdcW
 .bss.last_commutation_time
                0x200013ec        0x4 CMakeFiles/APM32F103-VirtualCOM-SixStepCommutation-ESC.dir/Core/Src/main.c.obj
                0x200013ec                last_commutation_time
 .bss.last_print_time.2
                0x200013f0        0x4 CMakeFiles/APM32F103-VirtualCOM-SixStepCommutation-ESC.dir/Core/Src/main.c.obj
 .bss.period_time
                0x200013f4        0x4 CMakeFiles/APM32F103-VirtualCOM-SixStepCommutation-ESC.dir/Core/Src/main.c.obj
                0x200013f4                period_time
 .bss.run_mode  0x200013f8        0x1 CMakeFiles/APM32F103-VirtualCOM-SixStepCommutation-ESC.dir/Core/Src/main.c.obj
                0x200013f8                run_mode
 .bss.speed_prescaler.3
                0x200013f9        0x1 CMakeFiles/APM32F103-VirtualCOM-SixStepCommutation-ESC.dir/Core/Src/main.c.obj
 .bss.step      0x200013fa        0x1 CMakeFiles/APM32F103-VirtualCOM-SixStepCommutation-ESC.dir/Core/Src/main.c.obj
                0x200013fa                step
 .bss.step_counter.0
                0x200013fb        0x1 CMakeFiles/APM32F103-VirtualCOM-SixStepCommutation-ESC.dir/Core/Src/main.c.obj
 .bss.sum_delta_time.1
                0x200013fc        0x4 CMakeFiles/APM32F103-VirtualCOM-SixStepCommutation-ESC.dir/Core/Src/main.c.obj
 .bss.theFirstAdcU
                0x20001400        0x4 CMakeFiles/APM32F103-VirtualCOM-SixStepCommutation-ESC.dir/Core/Src/main.c.obj
                0x20001400                theFirstAdcU
 .bss.theFirstAdcV
                0x20001404        0x4 CMakeFiles/APM32F103-VirtualCOM-SixStepCommutation-ESC.dir/Core/Src/main.c.obj
                0x20001404                theFirstAdcV
 .bss.theFirstAdcW
                0x20001408        0x4 CMakeFiles/APM32F103-VirtualCOM-SixStepCommutation-ESC.dir/Core/Src/main.c.obj
                0x20001408                theFirstAdcW
 .bss.theSecondAdcU
                0x2000140c        0x4 CMakeFiles/APM32F103-VirtualCOM-SixStepCommutation-ESC.dir/Core/Src/main.c.obj
                0x2000140c                theSecondAdcU
 .bss.theSecondAdcV
                0x20001410        0x4 CMakeFiles/APM32F103-VirtualCOM-SixStepCommutation-ESC.dir/Core/Src/main.c.obj
                0x20001410                theSecondAdcV
 .bss.theSecondAdcW
                0x20001414        0x4 CMakeFiles/APM32F103-VirtualCOM-SixStepCommutation-ESC.dir/Core/Src/main.c.obj
                0x20001414                theSecondAdcW
 .bss.hadc1     0x20001418       0x30 CMakeFiles/APM32F103-VirtualCOM-SixStepCommutation-ESC.dir/Core/Src/adc.c.obj
                0x20001418                hadc1
 .bss.htim1     0x20001448       0x48 CMakeFiles/APM32F103-VirtualCOM-SixStepCommutation-ESC.dir/Core/Src/tim.c.obj
                0x20001448                htim1
 .bss.__sbrk_heap_end
                0x20001490        0x4 CMakeFiles/APM32F103-VirtualCOM-SixStepCommutation-ESC.dir/Core/Src/sysmem.c.obj
 .bss.__lock___malloc_recursive_mutex
                0x20001494        0x1 c:/users/16567/.eide/tools/gcc_arm/bin/../lib/gcc/arm-none-eabi/10.2.1/../../../../arm-none-eabi/lib/thumb/v7-m/nofp\libg_nano.a(lib_a-lock.o)
                0x20001494                __lock___malloc_recursive_mutex
 .bss.__lock___sfp_recursive_mutex
                0x20001495        0x1 c:/users/16567/.eide/tools/gcc_arm/bin/../lib/gcc/arm-none-eabi/10.2.1/../../../../arm-none-eabi/lib/thumb/v7-m/nofp\libg_nano.a(lib_a-lock.o)
                0x20001495                __lock___sfp_recursive_mutex
 .bss.__lock___sinit_recursive_mutex
                0x20001496        0x1 c:/users/16567/.eide/tools/gcc_arm/bin/../lib/gcc/arm-none-eabi/10.2.1/../../../../arm-none-eabi/lib/thumb/v7-m/nofp\libg_nano.a(lib_a-lock.o)
                0x20001496                __lock___sinit_recursive_mutex
 *fill*         0x20001497        0x1 
 .bss.__malloc_free_list
                0x20001498        0x4 c:/users/16567/.eide/tools/gcc_arm/bin/../lib/gcc/arm-none-eabi/10.2.1/../../../../arm-none-eabi/lib/thumb/v7-m/nofp\libg_nano.a(lib_a-nano-mallocr.o)
                0x20001498                __malloc_free_list
 .bss.__malloc_sbrk_start
                0x2000149c        0x4 c:/users/16567/.eide/tools/gcc_arm/bin/../lib/gcc/arm-none-eabi/10.2.1/../../../../arm-none-eabi/lib/thumb/v7-m/nofp\libg_nano.a(lib_a-nano-mallocr.o)
                0x2000149c                __malloc_sbrk_start
 .bss.errno     0x200014a0        0x4 c:/users/16567/.eide/tools/gcc_arm/bin/../lib/gcc/arm-none-eabi/10.2.1/../../../../arm-none-eabi/lib/thumb/v7-m/nofp\libg_nano.a(lib_a-reent.o)
                0x200014a0                errno
 *(COMMON)
                0x200014a4                . = ALIGN (0x4)
                0x200014a4                _ebss = .
                0x200014a4                __bss_end__ = _ebss
                [!provide]                PROVIDE (__bss_end = .)
                [!provide]                PROVIDE (__non_tls_bss_start = ADDR (.bss))
                [!provide]                PROVIDE (__bss_start = __tbss_start)
                [!provide]                PROVIDE (__bss_size = (__bss_end - __bss_start))

._user_heap_stack
                0x200014a4     0x1304 load address 0x080061f0
                0x200014a8                . = ALIGN (0x8)
 *fill*         0x200014a4        0x4 
                [!provide]                PROVIDE (end = .)
                0x200014a8                PROVIDE (_end = .)
                0x200017a8                . = (. + _Min_Heap_Size)
 *fill*         0x200014a8      0x300 
                0x200027a8                . = (. + _Min_Stack_Size)
 *fill*         0x200017a8     0x1000 
                0x200027a8                . = ALIGN (0x8)

/DISCARD/
 libc.a:*(*)
 libm.a:*(*)
 libgcc.a:*(*)
OUTPUT(APM32F103-VirtualCOM-SixStepCommutation-ESC.elf elf32-littlearm)
LOAD linker stubs

.ARM.attributes
                0x00000000       0x29
 .ARM.attributes
                0x00000000       0x1d c:/users/16567/.eide/tools/gcc_arm/bin/../lib/gcc/arm-none-eabi/10.2.1/thumb/v7-m/nofp/crti.o
 .ARM.attributes
                0x0000001d       0x2d c:/users/16567/.eide/tools/gcc_arm/bin/../lib/gcc/arm-none-eabi/10.2.1/thumb/v7-m/nofp/crtbegin.o
 .ARM.attributes
                0x0000004a       0x2d cmake/stm32cubemx/CMakeFiles/STM32_Drivers.dir/__/__/Core/Src/system_stm32f1xx.c.obj
 .ARM.attributes
                0x00000077       0x2d cmake/stm32cubemx/CMakeFiles/STM32_Drivers.dir/__/__/Drivers/STM32F1xx_HAL_Driver/Src/stm32f1xx_hal_pcd.c.obj
 .ARM.attributes
                0x000000a4       0x2d cmake/stm32cubemx/CMakeFiles/STM32_Drivers.dir/__/__/Drivers/STM32F1xx_HAL_Driver/Src/stm32f1xx_hal_pcd_ex.c.obj
 .ARM.attributes
                0x000000d1       0x2d cmake/stm32cubemx/CMakeFiles/STM32_Drivers.dir/__/__/Drivers/STM32F1xx_HAL_Driver/Src/stm32f1xx_ll_usb.c.obj
 .ARM.attributes
                0x000000fe       0x2d cmake/stm32cubemx/CMakeFiles/STM32_Drivers.dir/__/__/Drivers/STM32F1xx_HAL_Driver/Src/stm32f1xx_hal.c.obj
 .ARM.attributes
                0x0000012b       0x2d cmake/stm32cubemx/CMakeFiles/STM32_Drivers.dir/__/__/Drivers/STM32F1xx_HAL_Driver/Src/stm32f1xx_hal_rcc.c.obj
 .ARM.attributes
                0x00000158       0x2d cmake/stm32cubemx/CMakeFiles/STM32_Drivers.dir/__/__/Drivers/STM32F1xx_HAL_Driver/Src/stm32f1xx_hal_rcc_ex.c.obj
 .ARM.attributes
                0x00000185       0x2d cmake/stm32cubemx/CMakeFiles/STM32_Drivers.dir/__/__/Drivers/STM32F1xx_HAL_Driver/Src/stm32f1xx_hal_gpio.c.obj
 .ARM.attributes
                0x000001b2       0x2d cmake/stm32cubemx/CMakeFiles/STM32_Drivers.dir/__/__/Drivers/STM32F1xx_HAL_Driver/Src/stm32f1xx_hal_cortex.c.obj
 .ARM.attributes
                0x000001df       0x2d cmake/stm32cubemx/CMakeFiles/STM32_Drivers.dir/__/__/Drivers/STM32F1xx_HAL_Driver/Src/stm32f1xx_hal_adc.c.obj
 .ARM.attributes
                0x0000020c       0x2d cmake/stm32cubemx/CMakeFiles/STM32_Drivers.dir/__/__/Drivers/STM32F1xx_HAL_Driver/Src/stm32f1xx_hal_adc_ex.c.obj
 .ARM.attributes
                0x00000239       0x2d cmake/stm32cubemx/CMakeFiles/STM32_Drivers.dir/__/__/Drivers/STM32F1xx_HAL_Driver/Src/stm32f1xx_hal_tim.c.obj
 .ARM.attributes
                0x00000266       0x2d cmake/stm32cubemx/CMakeFiles/STM32_Drivers.dir/__/__/Drivers/STM32F1xx_HAL_Driver/Src/stm32f1xx_hal_tim_ex.c.obj
 .ARM.attributes
                0x00000293       0x2d cmake/stm32cubemx/CMakeFiles/USB_Device_Library.dir/__/__/Middlewares/ST/STM32_USB_Device_Library/Core/Src/usbd_core.c.obj
 .ARM.attributes
                0x000002c0       0x2d cmake/stm32cubemx/CMakeFiles/USB_Device_Library.dir/__/__/Middlewares/ST/STM32_USB_Device_Library/Core/Src/usbd_ctlreq.c.obj
 .ARM.attributes
                0x000002ed       0x2d cmake/stm32cubemx/CMakeFiles/USB_Device_Library.dir/__/__/Middlewares/ST/STM32_USB_Device_Library/Core/Src/usbd_ioreq.c.obj
 .ARM.attributes